PASS: platform/risk/appetite.json is retired
PASS: no python or shell line in the estate both names the retired appetite fixture and opens it (a path held in a constant and opened elsewhere is outside this grep's reach -- see the ceiling note above)
PASS: driftwood: appetite 40,000 GBP, signed on its own party.yaml
PASS: ludlow: appetite 5,000 GBP, signed on its own party.yaml
PASS: tuppence: appetite 15,000 GBP, signed on its own party.yaml
PASS: driftwood: the estate and driftwood's own selection-policy package agree on the curve hash (sha256:b324e816e02e) — one curve, two implementations, no drift
PASS: ludlow: the estate and ludlow's own selection-policy package agree on the curve hash (sha256:a190720b68ce) — one curve, two implementations, no drift
PASS: tuppence: the estate and tuppence's own selection-policy package agree on the curve hash (sha256:b5dd65073f16) — one curve, two implementations, no drift
PASS: driftwood: the twin entry names the reduction set its residuals came from (platform-cage-tiers@1.0.0)
PASS: driftwood: platform's tier table and driftwood's own graded curve still pick the same rung as cheapest on the same shock (baseline); they differ by up to 80,180 on the rungs themselves, which is why the entry names which set priced it
PASS: ludlow: the twin entry names the reduction set its residuals came from (platform-cage-tiers@1.0.0)
FAIL: ludlow: platform's tier table and ludlow's own graded curve still pick the same rung as cheapest on the same shock (isolated); they differ by up to 4,808,914 on the rungs themselves, which is why the entry names which set priced it -- the table says isolated and the adopter's own evidence says baseline, so the tier the entry attributes to the curve is not the tier the curve would pick
PASS: tuppence: the twin entry names the reduction set its residuals came from (platform-cage-tiers@1.0.0)
FAIL: tuppence: platform's tier table and tuppence's own graded curve still pick the same rung as cheapest on the same shock (isolated); they differ by up to 7,796,346 on the rungs themselves, which is why the entry names which set priced it -- the table says isolated and the adopter's own evidence says baseline, so the tier the entry attributes to the curve is not the tier the curve would pick
PASS: driftwood: platform/graded/cage.py and driftwood's own selection-policy package pick the same rung in all 60 cases, band boundaries and every rung tried as a floor (it declares None)
PASS: ludlow: platform/graded/cage.py and ludlow's own selection-policy package pick the same rung in all 60 cases, band boundaries and every rung tried as a floor (it declares None)
PASS: platform selects no tier through a selection-policy package and its evidence attributes none, so there is no second engine to drift from (named absence, not a silent skip)
PASS: tuppence: platform/graded/cage.py and tuppence's own selection-policy package pick the same rung in all 60 cases, band boundaries and every rung tried as a floor (it declares None)
PASS: the FX bridge reads the publisher's own converter: GBP->AED on 2025-12-15 is 4.8204, the rate the signed fx feed publishes, recorded against feeds's fx feed 2.0.0
PASS: a date the fx feed does not publish (2024-12-15) refuses as a missing instrument, and prices nothing (ADR-0020)
PASS: the composer was RUN, not read: exposure_section over a synthetic two-line book (100.00 + 200.00 GBP, both at tier `baseline`, against a 1.00 GBP band) came back with the exact sentence ticket 75 Q4 (a) settled and the aggregate that book has to produce -- 210.00 GBP, breaches_band=True -- not merely with a non-empty string and some number
PASS: driftwood serves no exposure total, so nothing of its states a number that would need the sentence (a named absence)
PASS: ludlow serves no exposure total, so nothing of its states a number that would need the sentence (a named absence)
PASS: tuppence serves a total of 102,869,480.25 GBP that says what it is -- an ordinal, auditable comparison under one perspective; not an expected annual loss -- with the aggregate of its selected-tier residuals (2057389.605018972) beside a tolerance of 15000.0
PASS: driftwood: the twin-agent rung 'baseline' is what driftwood's own selection-policy package picks over the line's residuals and its signed band (floor None), and platform's tier fold gives the Namespace 'isolated' with the line and without it
PASS: ludlow: the twin-agent rung 'baseline' is what ludlow's own selection-policy package picks over the line's residuals and its signed band (floor None), and platform's tier fold gives the Namespace 'isolated' with the line and without it
PASS: tuppence: the twin-agent rung 'baseline' is what tuppence's own selection-policy package picks over the line's residuals and its signed band (floor None), and platform's tier fold gives the Namespace 'isolated' with the line and without it
SKIP: driftwood prices[3] (feeds/cve feed) could not be priced, and says why: No scanned CVE is in the pinned KEV feed; 334 scanned CVE(s) outside it are named absences carrying no amount.
SKIP: driftwood prices[8] (feeds/threat-register switching) could not be priced, and says why: missing instrument: twin/forward-intel/v2/feed.json supplies no lef and its derived_from names 0 subscribed feeds that price one (none); a borrowed frequency has to be named, not guessed at
SKIP: driftwood prices[9] (feeds/cve switching) could not be priced, and says why: missing instrument: twin/forward-intel/v2/feed.json supplies no lef and its derived_from names 0 subscribed feeds that price one (none); a borrowed frequency has to be named, not guessed at
PASS: driftwood: one twin edge, policy 1.1.0, curve sha256:b324e, tail bounded-pert, perspective driftwood in GBP
PASS: driftwood prices[6] agent-cage: the platform prices the twin agent's cage under platform-twin-agent-table@1.0.0 at rung 'baseline' (policy 1.1.0): a gap of 0.00 GBP re-derived from this document's twin line between pod rungs 'baseline' and 'baseline', over 1 day(s), the interval of the cron '47 5 * * *' in the hub's own .github/workflows/truth.yml, at the frequency [8.4186e-05, 8.4186e-05, 0.00029465] the estate serves at feeds/threat-register/v4/feed.json for threat-register@v4, the amount their PERT-mean product; the reach {'writer-pushes-a-looser-declaration': 1.0, 'writer-merges-or-tags-through-rest': 1.0, 'misleading-proposal-merged-by-a-human': 0.0, 'model-step-writes-a-wrong-binding-or-forecast': 0.0} is what driftwood's served tree gives (.github/workflows/twin-sweep.yml: cron '5 7 * * *', job(s) write with contents: write; pull-request gate: binding in shift-left.yml job compose-check, recompose with a drift test in shift-left.yml job compose-check; no priced line above grade 3) and every residual re-derives from it: restricted carries baseline's residual (0.0 against 0.0) and isolated 0.0
PASS: driftwood regime entry (penalty-schema): 4 priced hole(s) sum to its total 1,787,177.08 GBP; the open lines price it at 1,787,177.08
PASS: driftwood: every list of amounts in the document is one perspective in one currency
PASS: driftwood: selection policy 1.1.0 matches driftwood/selection-policy/VERSION
SKIP: ludlow prices[3] (feeds/cve feed) could not be priced, and says why: No scanned CVE is in the pinned KEV feed; 109 scanned CVE(s) outside it are named absences carrying no amount.
SKIP: ludlow prices[8] (feeds/threat-register switching) could not be priced, and says why: missing instrument: twin/forward-intel/v1/feed.json supplies no lef and its derived_from names 0 subscribed feeds that price one (none); a borrowed frequency has to be named, not guessed at
SKIP: ludlow prices[9] (feeds/cve switching) could not be priced, and says why: missing instrument: twin/forward-intel/v1/feed.json supplies no lef and its derived_from names 0 subscribed feeds that price one (none); a borrowed frequency has to be named, not guessed at
SKIP: ludlow prices[10] (feeds/eol switching) could not be priced, and says why: missing instrument: twin/forward-intel/v1/feed.json supplies no lef and its derived_from names 0 subscribed feeds that price one (none); a borrowed frequency has to be named, not guessed at
PASS: ludlow: one twin edge, policy 1.1.0, curve sha256:a1907, tail bounded-pert, perspective ludlow in GBP
PASS: ludlow prices[6] agent-cage: the platform prices the twin agent's cage under platform-twin-agent-table@1.0.0 at rung 'baseline' (policy 1.1.0): a gap of 9,136,412.63 GBP re-derived from this document's twin line between pod rungs 'baseline' and 'isolated', over 1 day(s), the interval of the cron '47 5 * * *' in the hub's own .github/workflows/truth.yml, at the frequency [8.4186e-05, 8.4186e-05, 0.00029465] the estate serves at feeds/threat-register/v4/feed.json for threat-register@v4, the amount their PERT-mean product; the reach {'writer-pushes-a-looser-declaration': 1.0, 'writer-merges-or-tags-through-rest': 1.0, 'misleading-proposal-merged-by-a-human': 0.0, 'model-step-writes-a-wrong-binding-or-forecast': 0.0} is what ludlow's served tree gives (.github/workflows/twin-sweep.yml: cron '29 7 * * *', job(s) write with contents: write; pull-request gate: binding in shift-left.yml job compose-check, recompose with a drift test in shift-left.yml job compose-check; no priced line above grade 3) and every residual re-derives from it: restricted carries baseline's residual (2.9832690625309497 against 2.9832690625309497) and isolated 0.0
PASS: ludlow regime entry (penalty-schema): 4 priced hole(s) sum to its total 3,071,757,723.56 GBP; the open lines price it at 3,071,757,723.56
PASS: ludlow: every list of amounts in the document is one perspective in one currency
PASS: ludlow: selection policy 1.1.0 matches ludlow/selection-policy/VERSION
SKIP: tuppence prices[7] (feeds/threat-register switching) could not be priced, and says why: missing instrument: twin/forward-intel/v1/feed.json supplies no lef and its derived_from names 0 subscribed feeds that price one (none); a borrowed frequency has to be named, not guessed at
SKIP: tuppence prices[8] (feeds/cve switching) could not be priced, and says why: missing instrument: twin/forward-intel/v1/feed.json supplies no lef and its derived_from names 0 subscribed feeds that price one (none); a borrowed frequency has to be named, not guessed at
PASS: tuppence: one twin edge, policy 1.1.0, curve sha256:b5dd6, tail bounded-pert, perspective tuppence in GBP
PASS: tuppence prices[5] agent-cage: the platform prices the twin agent's cage under platform-twin-agent-table@1.0.0 at rung 'baseline' (policy 1.1.0): a gap of 57,254,832.50 GBP re-derived from this document's twin line between pod rungs 'baseline' and 'isolated', over 1 day(s), the interval of the cron '47 5 * * *' in the hub's own .github/workflows/truth.yml, at the frequency [8.4186e-05, 8.4186e-05, 0.00029465] the estate serves at feeds/threat-register/v4/feed.json for threat-register@v4, the amount their PERT-mean product; the reach {'writer-pushes-a-looser-declaration': 1.0, 'writer-merges-or-tags-through-rest': 1.0, 'misleading-proposal-merged-by-a-human': 0.0, 'model-step-writes-a-wrong-binding-or-forecast': 0.0} is what tuppence's served tree gives (.github/workflows/twin-sweep.yml: cron '17 7 * * *', job(s) write with contents: write; pull-request gate: binding in shift-left.yml job compose-check, recompose with a drift test in shift-left.yml job compose-check; no priced line above grade 3) and every residual re-derives from it: restricted carries baseline's residual (18.69514626590289 against 18.69514626590289) and isolated 0.0
PASS: tuppence regime entry (penalty-schema): 4 priced hole(s) sum to its total 17,907,950.70 GBP; the open lines price it at 17,907,950.70
PASS: tuppence: every list of amounts in the document is one perspective in one currency
PASS: tuppence: selection policy 1.1.0 matches tuppence/selection-policy/VERSION
FAIL: 2 £-seam check(s) observed false
