/var/folders/6k/b9phx2zn05q_dr_mcxm6_f3h0000gn/T/feed-price-typecheck-vtevvi85/before/compose/composition.py:693: error: Incompatible types in assignment (expression has type "Path | None", variable has type "Path")  [assignment]
/var/folders/6k/b9phx2zn05q_dr_mcxm6_f3h0000gn/T/feed-price-typecheck-vtevvi85/before/compose/composition.py:734: error: Argument 1 to "get" of "dict" has incompatible type "Any | None"; expected "str"  [arg-type]
/var/folders/6k/b9phx2zn05q_dr_mcxm6_f3h0000gn/T/feed-price-typecheck-vtevvi85/before/compose/composition.py:872: error: Argument 2 to "feed_file" has incompatible type "str | None"; expected "str"  [arg-type]
/var/folders/6k/b9phx2zn05q_dr_mcxm6_f3h0000gn/T/feed-price-typecheck-vtevvi85/before/compose/composition.py:909: error: Argument 1 to "get" of "dict" has incompatible type "tuple[str | None, str]"; expected "tuple[str, str]"  [arg-type]
/var/folders/6k/b9phx2zn05q_dr_mcxm6_f3h0000gn/T/feed-price-typecheck-vtevvi85/before/compose/composition.py:919: error: Argument 1 to "get" of "dict" has incompatible type "str | None"; expected "str"  [arg-type]
/var/folders/6k/b9phx2zn05q_dr_mcxm6_f3h0000gn/T/feed-price-typecheck-vtevvi85/before/compose/composition.py:1323: error: Argument 1 to "module_from_spec" has incompatible type "ModuleSpec | None"; expected "ModuleSpec"  [arg-type]
/var/folders/6k/b9phx2zn05q_dr_mcxm6_f3h0000gn/T/feed-price-typecheck-vtevvi85/before/compose/composition.py:1324: error: Item "None" of "ModuleSpec | None" has no attribute "loader"  [union-attr]
/var/folders/6k/b9phx2zn05q_dr_mcxm6_f3h0000gn/T/feed-price-typecheck-vtevvi85/before/compose/composition.py:1324: error: Item "None" of "Loader | Any | None" has no attribute "exec_module"  [union-attr]
/var/folders/6k/b9phx2zn05q_dr_mcxm6_f3h0000gn/T/feed-price-typecheck-vtevvi85/before/compose/composition.py:1446: error: Argument 1 to "module_from_spec" has incompatible type "ModuleSpec | None"; expected "ModuleSpec"  [arg-type]
/var/folders/6k/b9phx2zn05q_dr_mcxm6_f3h0000gn/T/feed-price-typecheck-vtevvi85/before/compose/composition.py:1447: error: Item "None" of "ModuleSpec | None" has no attribute "loader"  [union-attr]
/var/folders/6k/b9phx2zn05q_dr_mcxm6_f3h0000gn/T/feed-price-typecheck-vtevvi85/before/compose/composition.py:1447: error: Item "None" of "Loader | Any | None" has no attribute "exec_module"  [union-attr]
/var/folders/6k/b9phx2zn05q_dr_mcxm6_f3h0000gn/T/feed-price-typecheck-vtevvi85/before/compose/composition.py:1987: error: Argument 1 to "module_from_spec" has incompatible type "ModuleSpec | None"; expected "ModuleSpec"  [arg-type]
/var/folders/6k/b9phx2zn05q_dr_mcxm6_f3h0000gn/T/feed-price-typecheck-vtevvi85/before/compose/composition.py:1988: error: Item "None" of "ModuleSpec | None" has no attribute "loader"  [union-attr]
/var/folders/6k/b9phx2zn05q_dr_mcxm6_f3h0000gn/T/feed-price-typecheck-vtevvi85/before/compose/composition.py:1988: error: Item "None" of "Loader | Any | None" has no attribute "exec_module"  [union-attr]
/var/folders/6k/b9phx2zn05q_dr_mcxm6_f3h0000gn/T/feed-price-typecheck-vtevvi85/before/compose/composition.py:3038: error: Argument 1 to "module_from_spec" has incompatible type "ModuleSpec | None"; expected "ModuleSpec"  [arg-type]
/var/folders/6k/b9phx2zn05q_dr_mcxm6_f3h0000gn/T/feed-price-typecheck-vtevvi85/before/compose/composition.py:3039: error: Item "None" of "ModuleSpec | None" has no attribute "loader"  [union-attr]
/var/folders/6k/b9phx2zn05q_dr_mcxm6_f3h0000gn/T/feed-price-typecheck-vtevvi85/before/compose/composition.py:3039: error: Item "None" of "Loader | Any | None" has no attribute "exec_module"  [union-attr]
/var/folders/6k/b9phx2zn05q_dr_mcxm6_f3h0000gn/T/feed-price-typecheck-vtevvi85/before/compose/composition.py:3196: error: Value of type "dict[Any, Any] | None" is not indexable  [index]
/var/folders/6k/b9phx2zn05q_dr_mcxm6_f3h0000gn/T/feed-price-typecheck-vtevvi85/before/compose/composition.py:3197: error: Value of type "dict[Any, Any] | None" is not indexable  [index]
/var/folders/6k/b9phx2zn05q_dr_mcxm6_f3h0000gn/T/feed-price-typecheck-vtevvi85/before/compose/composition.py:3602: error: Argument 5 to "_price_entry" has incompatible type "None"; expected "float"  [arg-type]
/var/folders/6k/b9phx2zn05q_dr_mcxm6_f3h0000gn/T/feed-price-typecheck-vtevvi85/before/compose/composition.py:3674: error: Argument 1 to "_previous_pin_hole" has incompatible type "list[dict[Any, Any]] | None"; expected "list[dict[Any, Any]]"  [arg-type]
/var/folders/6k/b9phx2zn05q_dr_mcxm6_f3h0000gn/T/feed-price-typecheck-vtevvi85/before/compose/composition.py:3687: error: Argument 1 to "module_from_spec" has incompatible type "ModuleSpec | None"; expected "ModuleSpec"  [arg-type]
/var/folders/6k/b9phx2zn05q_dr_mcxm6_f3h0000gn/T/feed-price-typecheck-vtevvi85/before/compose/composition.py:3687: error: Item "None" of "ModuleSpec | None" has no attribute "loader"  [union-attr]
/var/folders/6k/b9phx2zn05q_dr_mcxm6_f3h0000gn/T/feed-price-typecheck-vtevvi85/before/compose/composition.py:3687: error: Item "None" of "Loader | Any | None" has no attribute "exec_module"  [union-attr]
/var/folders/6k/b9phx2zn05q_dr_mcxm6_f3h0000gn/T/feed-price-typecheck-vtevvi85/before/compose/composition.py:3807: error: Dict entry 4 has incompatible type "str": "bool"; expected "str": "str | None"  [dict-item]
/var/folders/6k/b9phx2zn05q_dr_mcxm6_f3h0000gn/T/feed-price-typecheck-vtevvi85/before/compose/composition.py:3912: error: Argument 1 to "module_from_spec" has incompatible type "ModuleSpec | None"; expected "ModuleSpec"  [arg-type]
/var/folders/6k/b9phx2zn05q_dr_mcxm6_f3h0000gn/T/feed-price-typecheck-vtevvi85/before/compose/composition.py:3913: error: Item "None" of "ModuleSpec | None" has no attribute "loader"  [union-attr]
/var/folders/6k/b9phx2zn05q_dr_mcxm6_f3h0000gn/T/feed-price-typecheck-vtevvi85/before/compose/composition.py:3913: error: Item "None" of "Loader | Any | None" has no attribute "exec_module"  [union-attr]
/var/folders/6k/b9phx2zn05q_dr_mcxm6_f3h0000gn/T/feed-price-typecheck-vtevvi85/before/compose/composition.py:4156: error: List comprehension has incompatible type List[Any | None]; expected List[str]  [misc]
/var/folders/6k/b9phx2zn05q_dr_mcxm6_f3h0000gn/T/feed-price-typecheck-vtevvi85/before/compose/composition.py:4163: error: Item "None" of "Any | dict[Any, Any] | None" has no attribute "items"  [union-attr]
/var/folders/6k/b9phx2zn05q_dr_mcxm6_f3h0000gn/T/feed-price-typecheck-vtevvi85/before/compose/composition.py:4168: error: "Sequence[str]" has no attribute "append"  [attr-defined]
/var/folders/6k/b9phx2zn05q_dr_mcxm6_f3h0000gn/T/feed-price-typecheck-vtevvi85/before/compose/composition.py:4170: error: Argument 1 to "len" has incompatible type "Any | dict[Any, Any] | None"; expected "Sized"  [arg-type]
/var/folders/6k/b9phx2zn05q_dr_mcxm6_f3h0000gn/T/feed-price-typecheck-vtevvi85/before/compose/composition.py:4187: error: Item "None" of "Any | dict[Any, Any] | None" has no attribute "items"  [union-attr]
/var/folders/6k/b9phx2zn05q_dr_mcxm6_f3h0000gn/T/feed-price-typecheck-vtevvi85/before/compose/composition.py:4379: error: Argument 5 to "_price_entry" has incompatible type "None"; expected "float"  [arg-type]
/var/folders/6k/b9phx2zn05q_dr_mcxm6_f3h0000gn/T/feed-price-typecheck-vtevvi85/before/compose/composition.py:4502: error: Argument 1 to "int" has incompatible type "Any | None"; expected "str | Buffer | SupportsInt | SupportsIndex | SupportsTrunc"  [arg-type]
/var/folders/6k/b9phx2zn05q_dr_mcxm6_f3h0000gn/T/feed-price-typecheck-vtevvi85/before/compose/composition.py:4701: error: Argument 2 to "feed_file" has incompatible type "str | None"; expected "str"  [arg-type]
/var/folders/6k/b9phx2zn05q_dr_mcxm6_f3h0000gn/T/feed-price-typecheck-vtevvi85/before/compose/composition.py:4706: error: Argument 2 to "load_feed_payload" has incompatible type "str | None"; expected "str"  [arg-type]
/var/folders/6k/b9phx2zn05q_dr_mcxm6_f3h0000gn/T/feed-price-typecheck-vtevvi85/before/compose/composition.py:4729: error: Argument 3 to "pin_signature_state" has incompatible type "str | None"; expected "str"  [arg-type]
/var/folders/6k/b9phx2zn05q_dr_mcxm6_f3h0000gn/T/feed-price-typecheck-vtevvi85/before/compose/composition.py:4732: error: Argument 3 to "_previous_pin_hole" has incompatible type "str | None"; expected "str"  [arg-type]
/var/folders/6k/b9phx2zn05q_dr_mcxm6_f3h0000gn/T/feed-price-typecheck-vtevvi85/before/compose/composition.py:4733: error: Argument "name" to "untagged_pin_hole" has incompatible type "str | None"; expected "str"  [arg-type]
/var/folders/6k/b9phx2zn05q_dr_mcxm6_f3h0000gn/T/feed-price-typecheck-vtevvi85/before/compose/composition.py:4939: error: Argument 2 to "_converted" has incompatible type "Any | str | None"; expected "str"  [arg-type]
/var/folders/6k/b9phx2zn05q_dr_mcxm6_f3h0000gn/T/feed-price-typecheck-vtevvi85/before/compose/composition.py:5173: error: Argument 5 to "_price_entry" has incompatible type "float | None"; expected "float"  [arg-type]
/var/folders/6k/b9phx2zn05q_dr_mcxm6_f3h0000gn/T/feed-price-typecheck-vtevvi85/before/compose/composition.py:5181: error: Argument 1 to "get" of "dict" has incompatible type "str | None"; expected "str"  [arg-type]
/var/folders/6k/b9phx2zn05q_dr_mcxm6_f3h0000gn/T/feed-price-typecheck-vtevvi85/before/compose/composition.py:5571: error: Assignment to variable "e" outside except: block  [misc]
/var/folders/6k/b9phx2zn05q_dr_mcxm6_f3h0000gn/T/feed-price-typecheck-vtevvi85/before/compose/composition.py:5572: error: Trying to read deleted variable "e"  [misc]
/var/folders/6k/b9phx2zn05q_dr_mcxm6_f3h0000gn/T/feed-price-typecheck-vtevvi85/before/compose/composition.py:5638: error: Incompatible types in assignment (expression has type "tuple[Any, Any]", variable has type "tuple[Any, str, str]")  [assignment]
/var/folders/6k/b9phx2zn05q_dr_mcxm6_f3h0000gn/T/feed-price-typecheck-vtevvi85/before/compose/composition.py:5683: error: Trying to read deleted variable "e"  [misc]
/var/folders/6k/b9phx2zn05q_dr_mcxm6_f3h0000gn/T/feed-price-typecheck-vtevvi85/before/compose/composition.py:5800: error: No overload variant of "safe_dump" matches argument types "dict[Any, Any]", "dict[str, int]"  [call-overload]
/var/folders/6k/b9phx2zn05q_dr_mcxm6_f3h0000gn/T/feed-price-typecheck-vtevvi85/before/compose/composition.py:5800: note: Possible overload variants:
/var/folders/6k/b9phx2zn05q_dr_mcxm6_f3h0000gn/T/feed-price-typecheck-vtevvi85/before/compose/composition.py:5800: note:     def safe_dump(data: Any, stream: _WriteStream[Any], *, default_style: str | None = ..., default_flow_style: bool | None = ..., canonical: bool | None = ..., indent: int | None = ..., width: int | float | None = ..., allow_unicode: bool | None = ..., line_break: str | None = ..., encoding: str | None = ..., explicit_start: bool | None = ..., explicit_end: bool | None = ..., version: tuple[int, int] | None = ..., tags: Mapping[str, str] | None = ..., sort_keys: bool = ...) -> None
/var/folders/6k/b9phx2zn05q_dr_mcxm6_f3h0000gn/T/feed-price-typecheck-vtevvi85/before/compose/composition.py:5800: note:     def safe_dump(data: Any, stream: None = ..., *, default_style: str | None = ..., default_flow_style: bool | None = ..., canonical: bool | None = ..., indent: int | None = ..., width: int | float | None = ..., allow_unicode: bool | None = ..., line_break: str | None = ..., encoding: None = ..., explicit_start: bool | None = ..., explicit_end: bool | None = ..., version: tuple[int, int] | None = ..., tags: Mapping[str, str] | None = ..., sort_keys: bool = ...) -> str
/var/folders/6k/b9phx2zn05q_dr_mcxm6_f3h0000gn/T/feed-price-typecheck-vtevvi85/before/compose/composition.py:5800: note:     def safe_dump(data: Any, stream: None = ..., *, default_style: str | None = ..., default_flow_style: bool | None = ..., canonical: bool | None = ..., indent: int | None = ..., width: int | float | None = ..., allow_unicode: bool | None = ..., line_break: str | None = ..., encoding: str, explicit_start: bool | None = ..., explicit_end: bool | None = ..., version: tuple[int, int] | None = ..., tags: Mapping[str, str] | None = ..., sort_keys: bool = ...) -> bytes
/var/folders/6k/b9phx2zn05q_dr_mcxm6_f3h0000gn/T/feed-price-typecheck-vtevvi85/before/compose/composition.py:5809: error: No overload variant of "safe_dump" matches argument types "dict[Any, Any]", "dict[str, int]"  [call-overload]
/var/folders/6k/b9phx2zn05q_dr_mcxm6_f3h0000gn/T/feed-price-typecheck-vtevvi85/before/compose/composition.py:5809: note: Possible overload variants:
/var/folders/6k/b9phx2zn05q_dr_mcxm6_f3h0000gn/T/feed-price-typecheck-vtevvi85/before/compose/composition.py:5809: note:     def safe_dump(data: Any, stream: _WriteStream[Any], *, default_style: str | None = ..., default_flow_style: bool | None = ..., canonical: bool | None = ..., indent: int | None = ..., width: int | float | None = ..., allow_unicode: bool | None = ..., line_break: str | None = ..., encoding: str | None = ..., explicit_start: bool | None = ..., explicit_end: bool | None = ..., version: tuple[int, int] | None = ..., tags: Mapping[str, str] | None = ..., sort_keys: bool = ...) -> None
/var/folders/6k/b9phx2zn05q_dr_mcxm6_f3h0000gn/T/feed-price-typecheck-vtevvi85/before/compose/composition.py:5809: note:     def safe_dump(data: Any, stream: None = ..., *, default_style: str | None = ..., default_flow_style: bool | None = ..., canonical: bool | None = ..., indent: int | None = ..., width: int | float | None = ..., allow_unicode: bool | None = ..., line_break: str | None = ..., encoding: None = ..., explicit_start: bool | None = ..., explicit_end: bool | None = ..., version: tuple[int, int] | None = ..., tags: Mapping[str, str] | None = ..., sort_keys: bool = ...) -> str
/var/folders/6k/b9phx2zn05q_dr_mcxm6_f3h0000gn/T/feed-price-typecheck-vtevvi85/before/compose/composition.py:5809: note:     def safe_dump(data: Any, stream: None = ..., *, default_style: str | None = ..., default_flow_style: bool | None = ..., canonical: bool | None = ..., indent: int | None = ..., width: int | float | None = ..., allow_unicode: bool | None = ..., line_break: str | None = ..., encoding: str, explicit_start: bool | None = ..., explicit_end: bool | None = ..., version: tuple[int, int] | None = ..., tags: Mapping[str, str] | None = ..., sort_keys: bool = ...) -> bytes
/var/folders/6k/b9phx2zn05q_dr_mcxm6_f3h0000gn/T/feed-price-typecheck-vtevvi85/before/compose/composition.py:5891: error: No overload variant of "safe_dump" matches argument types "dict[str, Any]", "dict[str, int]"  [call-overload]
/var/folders/6k/b9phx2zn05q_dr_mcxm6_f3h0000gn/T/feed-price-typecheck-vtevvi85/before/compose/composition.py:5891: note: Possible overload variants:
/var/folders/6k/b9phx2zn05q_dr_mcxm6_f3h0000gn/T/feed-price-typecheck-vtevvi85/before/compose/composition.py:5891: note:     def safe_dump(data: Any, stream: _WriteStream[Any], *, default_style: str | None = ..., default_flow_style: bool | None = ..., canonical: bool | None = ..., indent: int | None = ..., width: int | float | None = ..., allow_unicode: bool | None = ..., line_break: str | None = ..., encoding: str | None = ..., explicit_start: bool | None = ..., explicit_end: bool | None = ..., version: tuple[int, int] | None = ..., tags: Mapping[str, str] | None = ..., sort_keys: bool = ...) -> None
/var/folders/6k/b9phx2zn05q_dr_mcxm6_f3h0000gn/T/feed-price-typecheck-vtevvi85/before/compose/composition.py:5891: note:     def safe_dump(data: Any, stream: None = ..., *, default_style: str | None = ..., default_flow_style: bool | None = ..., canonical: bool | None = ..., indent: int | None = ..., width: int | float | None = ..., allow_unicode: bool | None = ..., line_break: str | None = ..., encoding: None = ..., explicit_start: bool | None = ..., explicit_end: bool | None = ..., version: tuple[int, int] | None = ..., tags: Mapping[str, str] | None = ..., sort_keys: bool = ...) -> str
/var/folders/6k/b9phx2zn05q_dr_mcxm6_f3h0000gn/T/feed-price-typecheck-vtevvi85/before/compose/composition.py:5891: note:     def safe_dump(data: Any, stream: None = ..., *, default_style: str | None = ..., default_flow_style: bool | None = ..., canonical: bool | None = ..., indent: int | None = ..., width: int | float | None = ..., allow_unicode: bool | None = ..., line_break: str | None = ..., encoding: str, explicit_start: bool | None = ..., explicit_end: bool | None = ..., version: tuple[int, int] | None = ..., tags: Mapping[str, str] | None = ..., sort_keys: bool = ...) -> bytes
/var/folders/6k/b9phx2zn05q_dr_mcxm6_f3h0000gn/T/feed-price-typecheck-vtevvi85/before/compose/composition.py:6575: error: No overload variant of "safe_dump" matches argument types "Any", "dict[str, int]"  [call-overload]
/var/folders/6k/b9phx2zn05q_dr_mcxm6_f3h0000gn/T/feed-price-typecheck-vtevvi85/before/compose/composition.py:6575: note: Possible overload variants:
/var/folders/6k/b9phx2zn05q_dr_mcxm6_f3h0000gn/T/feed-price-typecheck-vtevvi85/before/compose/composition.py:6575: note:     def safe_dump(data: Any, stream: _WriteStream[Any], *, default_style: str | None = ..., default_flow_style: bool | None = ..., canonical: bool | None = ..., indent: int | None = ..., width: int | float | None = ..., allow_unicode: bool | None = ..., line_break: str | None = ..., encoding: str | None = ..., explicit_start: bool | None = ..., explicit_end: bool | None = ..., version: tuple[int, int] | None = ..., tags: Mapping[str, str] | None = ..., sort_keys: bool = ...) -> None
/var/folders/6k/b9phx2zn05q_dr_mcxm6_f3h0000gn/T/feed-price-typecheck-vtevvi85/before/compose/composition.py:6575: note:     def safe_dump(data: Any, stream: None = ..., *, default_style: str | None = ..., default_flow_style: bool | None = ..., canonical: bool | None = ..., indent: int | None = ..., width: int | float | None = ..., allow_unicode: bool | None = ..., line_break: str | None = ..., encoding: None = ..., explicit_start: bool | None = ..., explicit_end: bool | None = ..., version: tuple[int, int] | None = ..., tags: Mapping[str, str] | None = ..., sort_keys: bool = ...) -> str
/var/folders/6k/b9phx2zn05q_dr_mcxm6_f3h0000gn/T/feed-price-typecheck-vtevvi85/before/compose/composition.py:6575: note:     def safe_dump(data: Any, stream: None = ..., *, default_style: str | None = ..., default_flow_style: bool | None = ..., canonical: bool | None = ..., indent: int | None = ..., width: int | float | None = ..., allow_unicode: bool | None = ..., line_break: str | None = ..., encoding: str, explicit_start: bool | None = ..., explicit_end: bool | None = ..., version: tuple[int, int] | None = ..., tags: Mapping[str, str] | None = ..., sort_keys: bool = ...) -> bytes
/var/folders/6k/b9phx2zn05q_dr_mcxm6_f3h0000gn/T/feed-price-typecheck-vtevvi85/before/compose/composition.py:6604: error: No overload variant of "__getitem__" of "list" matches argument type "str"  [call-overload]
/var/folders/6k/b9phx2zn05q_dr_mcxm6_f3h0000gn/T/feed-price-typecheck-vtevvi85/before/compose/composition.py:6604: note: Possible overload variants:
/var/folders/6k/b9phx2zn05q_dr_mcxm6_f3h0000gn/T/feed-price-typecheck-vtevvi85/before/compose/composition.py:6604: note:     def __getitem__(self, SupportsIndex, /) -> Any
/var/folders/6k/b9phx2zn05q_dr_mcxm6_f3h0000gn/T/feed-price-typecheck-vtevvi85/before/compose/composition.py:6604: note:     def __getitem__(self, slice[Any, Any, Any], /) -> list[Any]
/var/folders/6k/b9phx2zn05q_dr_mcxm6_f3h0000gn/T/feed-price-typecheck-vtevvi85/before/compose/composition.py:6605: error: "list[Any]" has no attribute "get"  [attr-defined]
/var/folders/6k/b9phx2zn05q_dr_mcxm6_f3h0000gn/T/feed-price-typecheck-vtevvi85/before/compose/composition.py:6606: error: No overload variant of "__getitem__" of "list" matches argument type "str"  [call-overload]
/var/folders/6k/b9phx2zn05q_dr_mcxm6_f3h0000gn/T/feed-price-typecheck-vtevvi85/before/compose/composition.py:6606: note: Possible overload variants:
/var/folders/6k/b9phx2zn05q_dr_mcxm6_f3h0000gn/T/feed-price-typecheck-vtevvi85/before/compose/composition.py:6606: note:     def __getitem__(self, SupportsIndex, /) -> Any
/var/folders/6k/b9phx2zn05q_dr_mcxm6_f3h0000gn/T/feed-price-typecheck-vtevvi85/before/compose/composition.py:6606: note:     def __getitem__(self, slice[Any, Any, Any], /) -> list[Any]
/var/folders/6k/b9phx2zn05q_dr_mcxm6_f3h0000gn/T/feed-price-typecheck-vtevvi85/before/compose/composition.py:6614: error: No overload variant of "__getitem__" of "list" matches argument type "str"  [call-overload]
/var/folders/6k/b9phx2zn05q_dr_mcxm6_f3h0000gn/T/feed-price-typecheck-vtevvi85/before/compose/composition.py:6614: note: Possible overload variants:
/var/folders/6k/b9phx2zn05q_dr_mcxm6_f3h0000gn/T/feed-price-typecheck-vtevvi85/before/compose/composition.py:6614: note:     def __getitem__(self, SupportsIndex, /) -> Any
/var/folders/6k/b9phx2zn05q_dr_mcxm6_f3h0000gn/T/feed-price-typecheck-vtevvi85/before/compose/composition.py:6614: note:     def __getitem__(self, slice[Any, Any, Any], /) -> list[Any]
/var/folders/6k/b9phx2zn05q_dr_mcxm6_f3h0000gn/T/feed-price-typecheck-vtevvi85/before/compose/composition.py:6615: error: No overload variant of "__getitem__" of "list" matches argument type "str"  [call-overload]
/var/folders/6k/b9phx2zn05q_dr_mcxm6_f3h0000gn/T/feed-price-typecheck-vtevvi85/before/compose/composition.py:6615: note: Possible overload variants:
/var/folders/6k/b9phx2zn05q_dr_mcxm6_f3h0000gn/T/feed-price-typecheck-vtevvi85/before/compose/composition.py:6615: note:     def __getitem__(self, SupportsIndex, /) -> Any
/var/folders/6k/b9phx2zn05q_dr_mcxm6_f3h0000gn/T/feed-price-typecheck-vtevvi85/before/compose/composition.py:6615: note:     def __getitem__(self, slice[Any, Any, Any], /) -> list[Any]
/var/folders/6k/b9phx2zn05q_dr_mcxm6_f3h0000gn/T/feed-price-typecheck-vtevvi85/before/compose/composition.py:6616: error: No overload variant of "__getitem__" of "list" matches argument type "str"  [call-overload]
/var/folders/6k/b9phx2zn05q_dr_mcxm6_f3h0000gn/T/feed-price-typecheck-vtevvi85/before/compose/composition.py:6616: note: Possible overload variants:
/var/folders/6k/b9phx2zn05q_dr_mcxm6_f3h0000gn/T/feed-price-typecheck-vtevvi85/before/compose/composition.py:6616: note:     def __getitem__(self, SupportsIndex, /) -> Any
/var/folders/6k/b9phx2zn05q_dr_mcxm6_f3h0000gn/T/feed-price-typecheck-vtevvi85/before/compose/composition.py:6616: note:     def __getitem__(self, slice[Any, Any, Any], /) -> list[Any]
/var/folders/6k/b9phx2zn05q_dr_mcxm6_f3h0000gn/T/feed-price-typecheck-vtevvi85/before/compose/composition.py:6618: error: No overload variant of "__getitem__" of "list" matches argument type "str"  [call-overload]
/var/folders/6k/b9phx2zn05q_dr_mcxm6_f3h0000gn/T/feed-price-typecheck-vtevvi85/before/compose/composition.py:6618: note: Possible overload variants:
/var/folders/6k/b9phx2zn05q_dr_mcxm6_f3h0000gn/T/feed-price-typecheck-vtevvi85/before/compose/composition.py:6618: note:     def __getitem__(self, SupportsIndex, /) -> Any
/var/folders/6k/b9phx2zn05q_dr_mcxm6_f3h0000gn/T/feed-price-typecheck-vtevvi85/before/compose/composition.py:6618: note:     def __getitem__(self, slice[Any, Any, Any], /) -> list[Any]
/var/folders/6k/b9phx2zn05q_dr_mcxm6_f3h0000gn/T/feed-price-typecheck-vtevvi85/before/compose/composition.py:6621: error: No overload variant of "__getitem__" of "list" matches argument type "str"  [call-overload]
/var/folders/6k/b9phx2zn05q_dr_mcxm6_f3h0000gn/T/feed-price-typecheck-vtevvi85/before/compose/composition.py:6621: note: Possible overload variants:
/var/folders/6k/b9phx2zn05q_dr_mcxm6_f3h0000gn/T/feed-price-typecheck-vtevvi85/before/compose/composition.py:6621: note:     def __getitem__(self, SupportsIndex, /) -> Any
/var/folders/6k/b9phx2zn05q_dr_mcxm6_f3h0000gn/T/feed-price-typecheck-vtevvi85/before/compose/composition.py:6621: note:     def __getitem__(self, slice[Any, Any, Any], /) -> list[Any]
/var/folders/6k/b9phx2zn05q_dr_mcxm6_f3h0000gn/T/feed-price-typecheck-vtevvi85/before/compose/composition.py:6625: error: No overload variant of "__getitem__" of "list" matches argument type "str"  [call-overload]
/var/folders/6k/b9phx2zn05q_dr_mcxm6_f3h0000gn/T/feed-price-typecheck-vtevvi85/before/compose/composition.py:6625: note: Possible overload variants:
/var/folders/6k/b9phx2zn05q_dr_mcxm6_f3h0000gn/T/feed-price-typecheck-vtevvi85/before/compose/composition.py:6625: note:     def __getitem__(self, SupportsIndex, /) -> Any
/var/folders/6k/b9phx2zn05q_dr_mcxm6_f3h0000gn/T/feed-price-typecheck-vtevvi85/before/compose/composition.py:6625: note:     def __getitem__(self, slice[Any, Any, Any], /) -> list[Any]
/var/folders/6k/b9phx2zn05q_dr_mcxm6_f3h0000gn/T/feed-price-typecheck-vtevvi85/before/compose/composition.py:6632: error: No overload variant of "__getitem__" of "list" matches argument type "str"  [call-overload]
/var/folders/6k/b9phx2zn05q_dr_mcxm6_f3h0000gn/T/feed-price-typecheck-vtevvi85/before/compose/composition.py:6632: note: Possible overload variants:
/var/folders/6k/b9phx2zn05q_dr_mcxm6_f3h0000gn/T/feed-price-typecheck-vtevvi85/before/compose/composition.py:6632: note:     def __getitem__(self, SupportsIndex, /) -> Any
/var/folders/6k/b9phx2zn05q_dr_mcxm6_f3h0000gn/T/feed-price-typecheck-vtevvi85/before/compose/composition.py:6632: note:     def __getitem__(self, slice[Any, Any, Any], /) -> list[Any]
/var/folders/6k/b9phx2zn05q_dr_mcxm6_f3h0000gn/T/feed-price-typecheck-vtevvi85/before/compose/composition.py:6633: error: No overload variant of "__getitem__" of "list" matches argument type "str"  [call-overload]
/var/folders/6k/b9phx2zn05q_dr_mcxm6_f3h0000gn/T/feed-price-typecheck-vtevvi85/before/compose/composition.py:6633: note: Possible overload variants:
/var/folders/6k/b9phx2zn05q_dr_mcxm6_f3h0000gn/T/feed-price-typecheck-vtevvi85/before/compose/composition.py:6633: note:     def __getitem__(self, SupportsIndex, /) -> Any
/var/folders/6k/b9phx2zn05q_dr_mcxm6_f3h0000gn/T/feed-price-typecheck-vtevvi85/before/compose/composition.py:6633: note:     def __getitem__(self, slice[Any, Any, Any], /) -> list[Any]
/var/folders/6k/b9phx2zn05q_dr_mcxm6_f3h0000gn/T/feed-price-typecheck-vtevvi85/before/compose/composition.py:6635: error: No overload variant of "__getitem__" of "list" matches argument type "str"  [call-overload]
/var/folders/6k/b9phx2zn05q_dr_mcxm6_f3h0000gn/T/feed-price-typecheck-vtevvi85/before/compose/composition.py:6635: note: Possible overload variants:
/var/folders/6k/b9phx2zn05q_dr_mcxm6_f3h0000gn/T/feed-price-typecheck-vtevvi85/before/compose/composition.py:6635: note:     def __getitem__(self, SupportsIndex, /) -> Any
/var/folders/6k/b9phx2zn05q_dr_mcxm6_f3h0000gn/T/feed-price-typecheck-vtevvi85/before/compose/composition.py:6635: note:     def __getitem__(self, slice[Any, Any, Any], /) -> list[Any]
/var/folders/6k/b9phx2zn05q_dr_mcxm6_f3h0000gn/T/feed-price-typecheck-vtevvi85/before/compose/composition.py:6636: error: No overload variant of "__getitem__" of "list" matches argument type "str"  [call-overload]
/var/folders/6k/b9phx2zn05q_dr_mcxm6_f3h0000gn/T/feed-price-typecheck-vtevvi85/before/compose/composition.py:6636: note: Possible overload variants:
/var/folders/6k/b9phx2zn05q_dr_mcxm6_f3h0000gn/T/feed-price-typecheck-vtevvi85/before/compose/composition.py:6636: note:     def __getitem__(self, SupportsIndex, /) -> Any
/var/folders/6k/b9phx2zn05q_dr_mcxm6_f3h0000gn/T/feed-price-typecheck-vtevvi85/before/compose/composition.py:6636: note:     def __getitem__(self, slice[Any, Any, Any], /) -> list[Any]
/var/folders/6k/b9phx2zn05q_dr_mcxm6_f3h0000gn/T/feed-price-typecheck-vtevvi85/before/compose/composition.py:6637: error: No overload variant of "__getitem__" of "list" matches argument type "str"  [call-overload]
/var/folders/6k/b9phx2zn05q_dr_mcxm6_f3h0000gn/T/feed-price-typecheck-vtevvi85/before/compose/composition.py:6637: note: Possible overload variants:
/var/folders/6k/b9phx2zn05q_dr_mcxm6_f3h0000gn/T/feed-price-typecheck-vtevvi85/before/compose/composition.py:6637: note:     def __getitem__(self, SupportsIndex, /) -> Any
/var/folders/6k/b9phx2zn05q_dr_mcxm6_f3h0000gn/T/feed-price-typecheck-vtevvi85/before/compose/composition.py:6637: note:     def __getitem__(self, slice[Any, Any, Any], /) -> list[Any]
/var/folders/6k/b9phx2zn05q_dr_mcxm6_f3h0000gn/T/feed-price-typecheck-vtevvi85/before/compose/composition.py:6638: error: No overload variant of "__getitem__" of "list" matches argument type "str"  [call-overload]
/var/folders/6k/b9phx2zn05q_dr_mcxm6_f3h0000gn/T/feed-price-typecheck-vtevvi85/before/compose/composition.py:6638: note: Possible overload variants:
/var/folders/6k/b9phx2zn05q_dr_mcxm6_f3h0000gn/T/feed-price-typecheck-vtevvi85/before/compose/composition.py:6638: note:     def __getitem__(self, SupportsIndex, /) -> Any
/var/folders/6k/b9phx2zn05q_dr_mcxm6_f3h0000gn/T/feed-price-typecheck-vtevvi85/before/compose/composition.py:6638: note:     def __getitem__(self, slice[Any, Any, Any], /) -> list[Any]
/var/folders/6k/b9phx2zn05q_dr_mcxm6_f3h0000gn/T/feed-price-typecheck-vtevvi85/before/compose/composition.py:6639: error: No overload variant of "__getitem__" of "list" matches argument type "str"  [call-overload]
/var/folders/6k/b9phx2zn05q_dr_mcxm6_f3h0000gn/T/feed-price-typecheck-vtevvi85/before/compose/composition.py:6639: note: Possible overload variants:
/var/folders/6k/b9phx2zn05q_dr_mcxm6_f3h0000gn/T/feed-price-typecheck-vtevvi85/before/compose/composition.py:6639: note:     def __getitem__(self, SupportsIndex, /) -> Any
/var/folders/6k/b9phx2zn05q_dr_mcxm6_f3h0000gn/T/feed-price-typecheck-vtevvi85/before/compose/composition.py:6639: note:     def __getitem__(self, slice[Any, Any, Any], /) -> list[Any]
/var/folders/6k/b9phx2zn05q_dr_mcxm6_f3h0000gn/T/feed-price-typecheck-vtevvi85/before/compose/composition.py:6658: error: No overload variant of "__getitem__" of "list" matches argument type "str"  [call-overload]
/var/folders/6k/b9phx2zn05q_dr_mcxm6_f3h0000gn/T/feed-price-typecheck-vtevvi85/before/compose/composition.py:6658: note: Possible overload variants:
/var/folders/6k/b9phx2zn05q_dr_mcxm6_f3h0000gn/T/feed-price-typecheck-vtevvi85/before/compose/composition.py:6658: note:     def __getitem__(self, SupportsIndex, /) -> Any
/var/folders/6k/b9phx2zn05q_dr_mcxm6_f3h0000gn/T/feed-price-typecheck-vtevvi85/before/compose/composition.py:6658: note:     def __getitem__(self, slice[Any, Any, Any], /) -> list[Any]
/var/folders/6k/b9phx2zn05q_dr_mcxm6_f3h0000gn/T/feed-price-typecheck-vtevvi85/before/compose/composition.py:6659: error: No overload variant of "__getitem__" of "list" matches argument type "str"  [call-overload]
/var/folders/6k/b9phx2zn05q_dr_mcxm6_f3h0000gn/T/feed-price-typecheck-vtevvi85/before/compose/composition.py:6659: note: Possible overload variants:
/var/folders/6k/b9phx2zn05q_dr_mcxm6_f3h0000gn/T/feed-price-typecheck-vtevvi85/before/compose/composition.py:6659: note:     def __getitem__(self, SupportsIndex, /) -> Any
/var/folders/6k/b9phx2zn05q_dr_mcxm6_f3h0000gn/T/feed-price-typecheck-vtevvi85/before/compose/composition.py:6659: note:     def __getitem__(self, slice[Any, Any, Any], /) -> list[Any]
/var/folders/6k/b9phx2zn05q_dr_mcxm6_f3h0000gn/T/feed-price-typecheck-vtevvi85/before/compose/composition.py:6693: error: No overload variant of "__getitem__" of "list" matches argument type "str"  [call-overload]
/var/folders/6k/b9phx2zn05q_dr_mcxm6_f3h0000gn/T/feed-price-typecheck-vtevvi85/before/compose/composition.py:6693: note: Possible overload variants:
/var/folders/6k/b9phx2zn05q_dr_mcxm6_f3h0000gn/T/feed-price-typecheck-vtevvi85/before/compose/composition.py:6693: note:     def __getitem__(self, SupportsIndex, /) -> Any
/var/folders/6k/b9phx2zn05q_dr_mcxm6_f3h0000gn/T/feed-price-typecheck-vtevvi85/before/compose/composition.py:6693: note:     def __getitem__(self, slice[Any, Any, Any], /) -> list[Any]
/var/folders/6k/b9phx2zn05q_dr_mcxm6_f3h0000gn/T/feed-price-typecheck-vtevvi85/before/compose/composition.py:6833: error: Value of type "dict[Any, Any] | None" is not indexable  [index]
/var/folders/6k/b9phx2zn05q_dr_mcxm6_f3h0000gn/T/feed-price-typecheck-vtevvi85/before/compose/composition.py:6836: error: Value of type "dict[Any, Any] | None" is not indexable  [index]
/var/folders/6k/b9phx2zn05q_dr_mcxm6_f3h0000gn/T/feed-price-typecheck-vtevvi85/before/compose/composition.py:6837: error: Value of type "dict[Any, Any] | None" is not indexable  [index]
/var/folders/6k/b9phx2zn05q_dr_mcxm6_f3h0000gn/T/feed-price-typecheck-vtevvi85/before/compose/composition.py:6838: error: Value of type "dict[Any, Any] | None" is not indexable  [index]
/var/folders/6k/b9phx2zn05q_dr_mcxm6_f3h0000gn/T/feed-price-typecheck-vtevvi85/before/compose/composition.py:6843: error: Value of type "dict[Any, Any] | None" is not indexable  [index]
/var/folders/6k/b9phx2zn05q_dr_mcxm6_f3h0000gn/T/feed-price-typecheck-vtevvi85/before/compose/composition.py:6844: error: Value of type "dict[Any, Any] | None" is not indexable  [index]
/var/folders/6k/b9phx2zn05q_dr_mcxm6_f3h0000gn/T/feed-price-typecheck-vtevvi85/before/compose/composition.py:6857: error: Value of type "dict[Any, Any] | None" is not indexable  [index]
/var/folders/6k/b9phx2zn05q_dr_mcxm6_f3h0000gn/T/feed-price-typecheck-vtevvi85/before/compose/composition.py:6861: error: Value of type "dict[Any, Any] | None" is not indexable  [index]
/var/folders/6k/b9phx2zn05q_dr_mcxm6_f3h0000gn/T/feed-price-typecheck-vtevvi85/before/compose/composition.py:6862: error: Value of type "dict[Any, Any] | None" is not indexable  [index]
/var/folders/6k/b9phx2zn05q_dr_mcxm6_f3h0000gn/T/feed-price-typecheck-vtevvi85/before/compose/composition.py:6866: error: Value of type "dict[Any, Any] | None" is not indexable  [index]
/var/folders/6k/b9phx2zn05q_dr_mcxm6_f3h0000gn/T/feed-price-typecheck-vtevvi85/before/compose/composition.py:6872: error: Value of type "dict[Any, Any] | None" is not indexable  [index]
/var/folders/6k/b9phx2zn05q_dr_mcxm6_f3h0000gn/T/feed-price-typecheck-vtevvi85/before/compose/composition.py:7116: error: Value of type "tuple[dict[Any, Any], Path] | None" is not indexable  [index]
/var/folders/6k/b9phx2zn05q_dr_mcxm6_f3h0000gn/T/feed-price-typecheck-vtevvi85/before/compose/composition.py:7491: error: Invalid index type "str" for "str"; expected type "SupportsIndex | slice[Any, Any, Any]"  [index]
/var/folders/6k/b9phx2zn05q_dr_mcxm6_f3h0000gn/T/feed-price-typecheck-vtevvi85/before/compose/composition.py:7492: error: Invalid index type "str" for "str"; expected type "SupportsIndex | slice[Any, Any, Any]"  [index]
/var/folders/6k/b9phx2zn05q_dr_mcxm6_f3h0000gn/T/feed-price-typecheck-vtevvi85/before/compose/composition.py:7523: error: Invalid index type "str" for "str"; expected type "SupportsIndex | slice[Any, Any, Any]"  [index]
/var/folders/6k/b9phx2zn05q_dr_mcxm6_f3h0000gn/T/feed-price-typecheck-vtevvi85/before/compose/composition.py:7524: error: Invalid index type "str" for "str"; expected type "SupportsIndex | slice[Any, Any, Any]"  [index]
/var/folders/6k/b9phx2zn05q_dr_mcxm6_f3h0000gn/T/feed-price-typecheck-vtevvi85/before/compose/composition.py:7565: error: Invalid index type "str" for "str"; expected type "SupportsIndex | slice[Any, Any, Any]"  [index]
/var/folders/6k/b9phx2zn05q_dr_mcxm6_f3h0000gn/T/feed-price-typecheck-vtevvi85/before/compose/composition.py:7606: error: Incompatible types in assignment (expression has type "Path", variable has type "str")  [assignment]
/var/folders/6k/b9phx2zn05q_dr_mcxm6_f3h0000gn/T/feed-price-typecheck-vtevvi85/before/compose/composition.py:7607: error: Argument 1 to "_write_fixture_adopter" has incompatible type "str"; expected "Path"  [arg-type]
/var/folders/6k/b9phx2zn05q_dr_mcxm6_f3h0000gn/T/feed-price-typecheck-vtevvi85/before/compose/composition.py:7608: error: Argument 1 to "compose" has incompatible type "str"; expected "Path"  [arg-type]
/var/folders/6k/b9phx2zn05q_dr_mcxm6_f3h0000gn/T/feed-price-typecheck-vtevvi85/before/compose/composition.py:7612: error: Argument 1 to "_commit_header" has incompatible type "str"; expected "Path"  [arg-type]
/var/folders/6k/b9phx2zn05q_dr_mcxm6_f3h0000gn/T/feed-price-typecheck-vtevvi85/before/compose/composition.py:7782: error: No overload variant of "safe_dump" matches argument types "Any", "dict[str, int]"  [call-overload]
/var/folders/6k/b9phx2zn05q_dr_mcxm6_f3h0000gn/T/feed-price-typecheck-vtevvi85/before/compose/composition.py:7782: note: Possible overload variants:
/var/folders/6k/b9phx2zn05q_dr_mcxm6_f3h0000gn/T/feed-price-typecheck-vtevvi85/before/compose/composition.py:7782: note:     def safe_dump(data: Any, stream: _WriteStream[Any], *, default_style: str | None = ..., default_flow_style: bool | None = ..., canonical: bool | None = ..., indent: int | None = ..., width: int | float | None = ..., allow_unicode: bool | None = ..., line_break: str | None = ..., encoding: str | None = ..., explicit_start: bool | None = ..., explicit_end: bool | None = ..., version: tuple[int, int] | None = ..., tags: Mapping[str, str] | None = ..., sort_keys: bool = ...) -> None
/var/folders/6k/b9phx2zn05q_dr_mcxm6_f3h0000gn/T/feed-price-typecheck-vtevvi85/before/compose/composition.py:7782: note:     def safe_dump(data: Any, stream: None = ..., *, default_style: str | None = ..., default_flow_style: bool | None = ..., canonical: bool | None = ..., indent: int | None = ..., width: int | float | None = ..., allow_unicode: bool | None = ..., line_break: str | None = ..., encoding: None = ..., explicit_start: bool | None = ..., explicit_end: bool | None = ..., version: tuple[int, int] | None = ..., tags: Mapping[str, str] | None = ..., sort_keys: bool = ...) -> str
/var/folders/6k/b9phx2zn05q_dr_mcxm6_f3h0000gn/T/feed-price-typecheck-vtevvi85/before/compose/composition.py:7782: note:     def safe_dump(data: Any, stream: None = ..., *, default_style: str | None = ..., default_flow_style: bool | None = ..., canonical: bool | None = ..., indent: int | None = ..., width: int | float | None = ..., allow_unicode: bool | None = ..., line_break: str | None = ..., encoding: str, explicit_start: bool | None = ..., explicit_end: bool | None = ..., version: tuple[int, int] | None = ..., tags: Mapping[str, str] | None = ..., sort_keys: bool = ...) -> bytes
/var/folders/6k/b9phx2zn05q_dr_mcxm6_f3h0000gn/T/feed-price-typecheck-vtevvi85/before/compose/composition.py:7844: error: No overload variant of "safe_dump" matches argument types "Any", "dict[str, int]"  [call-overload]
/var/folders/6k/b9phx2zn05q_dr_mcxm6_f3h0000gn/T/feed-price-typecheck-vtevvi85/before/compose/composition.py:7844: note: Possible overload variants:
/var/folders/6k/b9phx2zn05q_dr_mcxm6_f3h0000gn/T/feed-price-typecheck-vtevvi85/before/compose/composition.py:7844: note:     def safe_dump(data: Any, stream: _WriteStream[Any], *, default_style: str | None = ..., default_flow_style: bool | None = ..., canonical: bool | None = ..., indent: int | None = ..., width: int | float | None = ..., allow_unicode: bool | None = ..., line_break: str | None = ..., encoding: str | None = ..., explicit_start: bool | None = ..., explicit_end: bool | None = ..., version: tuple[int, int] | None = ..., tags: Mapping[str, str] | None = ..., sort_keys: bool = ...) -> None
/var/folders/6k/b9phx2zn05q_dr_mcxm6_f3h0000gn/T/feed-price-typecheck-vtevvi85/before/compose/composition.py:7844: note:     def safe_dump(data: Any, stream: None = ..., *, default_style: str | None = ..., default_flow_style: bool | None = ..., canonical: bool | None = ..., indent: int | None = ..., width: int | float | None = ..., allow_unicode: bool | None = ..., line_break: str | None = ..., encoding: None = ..., explicit_start: bool | None = ..., explicit_end: bool | None = ..., version: tuple[int, int] | None = ..., tags: Mapping[str, str] | None = ..., sort_keys: bool = ...) -> str
/var/folders/6k/b9phx2zn05q_dr_mcxm6_f3h0000gn/T/feed-price-typecheck-vtevvi85/before/compose/composition.py:7844: note:     def safe_dump(data: Any, stream: None = ..., *, default_style: str | None = ..., default_flow_style: bool | None = ..., canonical: bool | None = ..., indent: int | None = ..., width: int | float | None = ..., allow_unicode: bool | None = ..., line_break: str | None = ..., encoding: str, explicit_start: bool | None = ..., explicit_end: bool | None = ..., version: tuple[int, int] | None = ..., tags: Mapping[str, str] | None = ..., sort_keys: bool = ...) -> bytes
/var/folders/6k/b9phx2zn05q_dr_mcxm6_f3h0000gn/T/feed-price-typecheck-vtevvi85/before/compose/composition.py:7865: error: Incompatible types in assignment (expression has type "bool", variable has type "Path")  [assignment]
/var/folders/6k/b9phx2zn05q_dr_mcxm6_f3h0000gn/T/feed-price-typecheck-vtevvi85/before/compose/composition.py:7867: error: No overload variant of "int" matches argument type "Path"  [call-overload]
/var/folders/6k/b9phx2zn05q_dr_mcxm6_f3h0000gn/T/feed-price-typecheck-vtevvi85/before/compose/composition.py:7867: note: Possible overload variants:
/var/folders/6k/b9phx2zn05q_dr_mcxm6_f3h0000gn/T/feed-price-typecheck-vtevvi85/before/compose/composition.py:7867: note:     def __new__(cls, str | Buffer | SupportsInt | SupportsIndex | SupportsTrunc = ..., /) -> int
/var/folders/6k/b9phx2zn05q_dr_mcxm6_f3h0000gn/T/feed-price-typecheck-vtevvi85/before/compose/composition.py:7867: note:     def __new__(cls, str | bytes | bytearray, /, base: SupportsIndex) -> int
/var/folders/6k/b9phx2zn05q_dr_mcxm6_f3h0000gn/T/feed-price-typecheck-vtevvi85/before/compose/composition.py:7873: error: Argument "legacy" to "old_rule_header" has incompatible type "Path"; expected "bool"  [arg-type]
/var/folders/6k/b9phx2zn05q_dr_mcxm6_f3h0000gn/T/feed-price-typecheck-vtevvi85/before/compose/composition.py:7876: error: No overload variant of "int" matches argument type "Path"  [call-overload]
/var/folders/6k/b9phx2zn05q_dr_mcxm6_f3h0000gn/T/feed-price-typecheck-vtevvi85/before/compose/composition.py:7876: note: Possible overload variants:
/var/folders/6k/b9phx2zn05q_dr_mcxm6_f3h0000gn/T/feed-price-typecheck-vtevvi85/before/compose/composition.py:7876: note:     def __new__(cls, str | Buffer | SupportsInt | SupportsIndex | SupportsTrunc = ..., /) -> int
/var/folders/6k/b9phx2zn05q_dr_mcxm6_f3h0000gn/T/feed-price-typecheck-vtevvi85/before/compose/composition.py:7876: note:     def __new__(cls, str | bytes | bytearray, /, base: SupportsIndex) -> int
/var/folders/6k/b9phx2zn05q_dr_mcxm6_f3h0000gn/T/feed-price-typecheck-vtevvi85/before/compose/composition.py:7886: error: Incompatible types in assignment (expression has type "dict[str, str]", variable has type "str")  [assignment]
/var/folders/6k/b9phx2zn05q_dr_mcxm6_f3h0000gn/T/feed-price-typecheck-vtevvi85/before/compose/composition.py:7903: error: No overload variant of "safe_dump" matches argument types "Any", "dict[str, int]"  [call-overload]
/var/folders/6k/b9phx2zn05q_dr_mcxm6_f3h0000gn/T/feed-price-typecheck-vtevvi85/before/compose/composition.py:7903: note: Possible overload variants:
/var/folders/6k/b9phx2zn05q_dr_mcxm6_f3h0000gn/T/feed-price-typecheck-vtevvi85/before/compose/composition.py:7903: note:     def safe_dump(data: Any, stream: _WriteStream[Any], *, default_style: str | None = ..., default_flow_style: bool | None = ..., canonical: bool | None = ..., indent: int | None = ..., width: int | float | None = ..., allow_unicode: bool | None = ..., line_break: str | None = ..., encoding: str | None = ..., explicit_start: bool | None = ..., explicit_end: bool | None = ..., version: tuple[int, int] | None = ..., tags: Mapping[str, str] | None = ..., sort_keys: bool = ...) -> None
/var/folders/6k/b9phx2zn05q_dr_mcxm6_f3h0000gn/T/feed-price-typecheck-vtevvi85/before/compose/composition.py:7903: note:     def safe_dump(data: Any, stream: None = ..., *, default_style: str | None = ..., default_flow_style: bool | None = ..., canonical: bool | None = ..., indent: int | None = ..., width: int | float | None = ..., allow_unicode: bool | None = ..., line_break: str | None = ..., encoding: None = ..., explicit_start: bool | None = ..., explicit_end: bool | None = ..., version: tuple[int, int] | None = ..., tags: Mapping[str, str] | None = ..., sort_keys: bool = ...) -> str
/var/folders/6k/b9phx2zn05q_dr_mcxm6_f3h0000gn/T/feed-price-typecheck-vtevvi85/before/compose/composition.py:7903: note:     def safe_dump(data: Any, stream: None = ..., *, default_style: str | None = ..., default_flow_style: bool | None = ..., canonical: bool | None = ..., indent: int | None = ..., width: int | float | None = ..., allow_unicode: bool | None = ..., line_break: str | None = ..., encoding: str, explicit_start: bool | None = ..., explicit_end: bool | None = ..., version: tuple[int, int] | None = ..., tags: Mapping[str, str] | None = ..., sort_keys: bool = ...) -> bytes
/var/folders/6k/b9phx2zn05q_dr_mcxm6_f3h0000gn/T/feed-price-typecheck-vtevvi85/before/compose/composition.py:8037: error: Incompatible types in assignment (expression has type "Path", variable has type "str")  [assignment]
/var/folders/6k/b9phx2zn05q_dr_mcxm6_f3h0000gn/T/feed-price-typecheck-vtevvi85/before/compose/composition.py:8038: error: Argument 1 to "_write_fixture_adopter" has incompatible type "str"; expected "Path"  [arg-type]
/var/folders/6k/b9phx2zn05q_dr_mcxm6_f3h0000gn/T/feed-price-typecheck-vtevvi85/before/compose/composition.py:8045: error: Argument 1 to "_write_namespace" has incompatible type "str"; expected "Path"  [arg-type]
/var/folders/6k/b9phx2zn05q_dr_mcxm6_f3h0000gn/T/feed-price-typecheck-vtevvi85/before/compose/composition.py:8046: error: Argument 1 to "compose" has incompatible type "str"; expected "Path"  [arg-type]
/var/folders/6k/b9phx2zn05q_dr_mcxm6_f3h0000gn/T/feed-price-typecheck-vtevvi85/before/compose/composition.py:8051: error: Argument 1 to "_commit_header" has incompatible type "str"; expected "Path"  [arg-type]
/var/folders/6k/b9phx2zn05q_dr_mcxm6_f3h0000gn/T/feed-price-typecheck-vtevvi85/before/compose/composition.py:8408: error: Invalid index type "str" for "str"; expected type "SupportsIndex | slice[Any, Any, Any]"  [index]
/var/folders/6k/b9phx2zn05q_dr_mcxm6_f3h0000gn/T/feed-price-typecheck-vtevvi85/before/compose/composition.py:8579: error: Incompatible types in assignment (expression has type "tuple[Any, Any]", variable has type "str")  [assignment]
/var/folders/6k/b9phx2zn05q_dr_mcxm6_f3h0000gn/T/feed-price-typecheck-vtevvi85/before/compose/composition.py:8595: error: No overload variant of "__getitem__" of "list" matches argument type "str"  [call-overload]
/var/folders/6k/b9phx2zn05q_dr_mcxm6_f3h0000gn/T/feed-price-typecheck-vtevvi85/before/compose/composition.py:8595: note: Possible overload variants:
/var/folders/6k/b9phx2zn05q_dr_mcxm6_f3h0000gn/T/feed-price-typecheck-vtevvi85/before/compose/composition.py:8595: note:     def __getitem__(self, SupportsIndex, /) -> Any
/var/folders/6k/b9phx2zn05q_dr_mcxm6_f3h0000gn/T/feed-price-typecheck-vtevvi85/before/compose/composition.py:8595: note:     def __getitem__(self, slice[Any, Any, Any], /) -> list[Any]
/var/folders/6k/b9phx2zn05q_dr_mcxm6_f3h0000gn/T/feed-price-typecheck-vtevvi85/before/compose/composition.py:8596: error: No overload variant of "__getitem__" of "list" matches argument type "str"  [call-overload]
/var/folders/6k/b9phx2zn05q_dr_mcxm6_f3h0000gn/T/feed-price-typecheck-vtevvi85/before/compose/composition.py:8596: note: Possible overload variants:
/var/folders/6k/b9phx2zn05q_dr_mcxm6_f3h0000gn/T/feed-price-typecheck-vtevvi85/before/compose/composition.py:8596: note:     def __getitem__(self, SupportsIndex, /) -> Any
/var/folders/6k/b9phx2zn05q_dr_mcxm6_f3h0000gn/T/feed-price-typecheck-vtevvi85/before/compose/composition.py:8596: note:     def __getitem__(self, slice[Any, Any, Any], /) -> list[Any]
/var/folders/6k/b9phx2zn05q_dr_mcxm6_f3h0000gn/T/feed-price-typecheck-vtevvi85/before/compose/composition.py:8597: error: No overload variant of "__getitem__" of "list" matches argument type "str"  [call-overload]
/var/folders/6k/b9phx2zn05q_dr_mcxm6_f3h0000gn/T/feed-price-typecheck-vtevvi85/before/compose/composition.py:8597: note: Possible overload variants:
/var/folders/6k/b9phx2zn05q_dr_mcxm6_f3h0000gn/T/feed-price-typecheck-vtevvi85/before/compose/composition.py:8597: note:     def __getitem__(self, SupportsIndex, /) -> Any
/var/folders/6k/b9phx2zn05q_dr_mcxm6_f3h0000gn/T/feed-price-typecheck-vtevvi85/before/compose/composition.py:8597: note:     def __getitem__(self, slice[Any, Any, Any], /) -> list[Any]
/var/folders/6k/b9phx2zn05q_dr_mcxm6_f3h0000gn/T/feed-price-typecheck-vtevvi85/before/compose/composition.py:8601: error: No overload variant of "__getitem__" of "list" matches argument type "str"  [call-overload]
/var/folders/6k/b9phx2zn05q_dr_mcxm6_f3h0000gn/T/feed-price-typecheck-vtevvi85/before/compose/composition.py:8601: note: Possible overload variants:
/var/folders/6k/b9phx2zn05q_dr_mcxm6_f3h0000gn/T/feed-price-typecheck-vtevvi85/before/compose/composition.py:8601: note:     def __getitem__(self, SupportsIndex, /) -> Any
/var/folders/6k/b9phx2zn05q_dr_mcxm6_f3h0000gn/T/feed-price-typecheck-vtevvi85/before/compose/composition.py:8601: note:     def __getitem__(self, slice[Any, Any, Any], /) -> list[Any]
/var/folders/6k/b9phx2zn05q_dr_mcxm6_f3h0000gn/T/feed-price-typecheck-vtevvi85/before/compose/composition.py:8602: error: No overload variant of "__getitem__" of "list" matches argument type "str"  [call-overload]
/var/folders/6k/b9phx2zn05q_dr_mcxm6_f3h0000gn/T/feed-price-typecheck-vtevvi85/before/compose/composition.py:8602: note: Possible overload variants:
/var/folders/6k/b9phx2zn05q_dr_mcxm6_f3h0000gn/T/feed-price-typecheck-vtevvi85/before/compose/composition.py:8602: note:     def __getitem__(self, SupportsIndex, /) -> Any
/var/folders/6k/b9phx2zn05q_dr_mcxm6_f3h0000gn/T/feed-price-typecheck-vtevvi85/before/compose/composition.py:8602: note:     def __getitem__(self, slice[Any, Any, Any], /) -> list[Any]
/var/folders/6k/b9phx2zn05q_dr_mcxm6_f3h0000gn/T/feed-price-typecheck-vtevvi85/before/compose/composition.py:8847: error: Incompatible types in assignment (expression has type "dict[str, str]", variable has type "Path")  [assignment]
/var/folders/6k/b9phx2zn05q_dr_mcxm6_f3h0000gn/T/feed-price-typecheck-vtevvi85/before/compose/composition.py:8848: error: "Path" has no attribute "items"  [attr-defined]
/var/folders/6k/b9phx2zn05q_dr_mcxm6_f3h0000gn/T/feed-price-typecheck-vtevvi85/before/compose/composition.py:8867: error: Incompatible types in assignment (expression has type "dict[tuple[Any, Any], Any]", variable has type "list[Any]")  [assignment]
/var/folders/6k/b9phx2zn05q_dr_mcxm6_f3h0000gn/T/feed-price-typecheck-vtevvi85/before/compose/composition.py:8870: error: No overload variant of "__getitem__" of "list" matches argument type "tuple[Any, Any]"  [call-overload]
/var/folders/6k/b9phx2zn05q_dr_mcxm6_f3h0000gn/T/feed-price-typecheck-vtevvi85/before/compose/composition.py:8870: note: Possible overload variants:
/var/folders/6k/b9phx2zn05q_dr_mcxm6_f3h0000gn/T/feed-price-typecheck-vtevvi85/before/compose/composition.py:8870: note:     def __getitem__(self, SupportsIndex, /) -> Any
/var/folders/6k/b9phx2zn05q_dr_mcxm6_f3h0000gn/T/feed-price-typecheck-vtevvi85/before/compose/composition.py:8870: note:     def __getitem__(self, slice[Any, Any, Any], /) -> list[Any]
/var/folders/6k/b9phx2zn05q_dr_mcxm6_f3h0000gn/T/feed-price-typecheck-vtevvi85/before/compose/composition.py:8874: error: Argument 1 to "isclose" has incompatible type "dict[Any, Any]"; expected "SupportsFloat | SupportsIndex"  [arg-type]
/var/folders/6k/b9phx2zn05q_dr_mcxm6_f3h0000gn/T/feed-price-typecheck-vtevvi85/before/compose/composition.py:8908: error: Incompatible types in assignment (expression has type "str", variable has type "Path")  [assignment]
/var/folders/6k/b9phx2zn05q_dr_mcxm6_f3h0000gn/T/feed-price-typecheck-vtevvi85/before/compose/composition.py:8952: error: No overload variant of "safe_dump" matches argument types "Any", "dict[str, int]"  [call-overload]
/var/folders/6k/b9phx2zn05q_dr_mcxm6_f3h0000gn/T/feed-price-typecheck-vtevvi85/before/compose/composition.py:8952: note: Possible overload variants:
/var/folders/6k/b9phx2zn05q_dr_mcxm6_f3h0000gn/T/feed-price-typecheck-vtevvi85/before/compose/composition.py:8952: note:     def safe_dump(data: Any, stream: _WriteStream[Any], *, default_style: str | None = ..., default_flow_style: bool | None = ..., canonical: bool | None = ..., indent: int | None = ..., width: int | float | None = ..., allow_unicode: bool | None = ..., line_break: str | None = ..., encoding: str | None = ..., explicit_start: bool | None = ..., explicit_end: bool | None = ..., version: tuple[int, int] | None = ..., tags: Mapping[str, str] | None = ..., sort_keys: bool = ...) -> None
/var/folders/6k/b9phx2zn05q_dr_mcxm6_f3h0000gn/T/feed-price-typecheck-vtevvi85/before/compose/composition.py:8952: note:     def safe_dump(data: Any, stream: None = ..., *, default_style: str | None = ..., default_flow_style: bool | None = ..., canonical: bool | None = ..., indent: int | None = ..., width: int | float | None = ..., allow_unicode: bool | None = ..., line_break: str | None = ..., encoding: None = ..., explicit_start: bool | None = ..., explicit_end: bool | None = ..., version: tuple[int, int] | None = ..., tags: Mapping[str, str] | None = ..., sort_keys: bool = ...) -> str
/var/folders/6k/b9phx2zn05q_dr_mcxm6_f3h0000gn/T/feed-price-typecheck-vtevvi85/before/compose/composition.py:8952: note:     def safe_dump(data: Any, stream: None = ..., *, default_style: str | None = ..., default_flow_style: bool | None = ..., canonical: bool | None = ..., indent: int | None = ..., width: int | float | None = ..., allow_unicode: bool | None = ..., line_break: str | None = ..., encoding: str, explicit_start: bool | None = ..., explicit_end: bool | None = ..., version: tuple[int, int] | None = ..., tags: Mapping[str, str] | None = ..., sort_keys: bool = ...) -> bytes
/var/folders/6k/b9phx2zn05q_dr_mcxm6_f3h0000gn/T/feed-price-typecheck-vtevvi85/before/compose/composition.py:8955: error: Incompatible types in assignment (expression has type "dict[Any, Any]", variable has type "Path")  [assignment]
/var/folders/6k/b9phx2zn05q_dr_mcxm6_f3h0000gn/T/feed-price-typecheck-vtevvi85/before/compose/composition.py:8956: error: Value of type "Path" is not indexable  [index]
/var/folders/6k/b9phx2zn05q_dr_mcxm6_f3h0000gn/T/feed-price-typecheck-vtevvi85/before/compose/composition.py:8957: error: Value of type "Path" is not indexable  [index]
/var/folders/6k/b9phx2zn05q_dr_mcxm6_f3h0000gn/T/feed-price-typecheck-vtevvi85/before/compose/composition.py:8958: error: Value of type "Path" is not indexable  [index]
/var/folders/6k/b9phx2zn05q_dr_mcxm6_f3h0000gn/T/feed-price-typecheck-vtevvi85/before/compose/composition.py:8959: error: Value of type "Path" is not indexable  [index]
/var/folders/6k/b9phx2zn05q_dr_mcxm6_f3h0000gn/T/feed-price-typecheck-vtevvi85/before/compose/composition.py:8960: error: Value of type "Path" is not indexable  [index]
/var/folders/6k/b9phx2zn05q_dr_mcxm6_f3h0000gn/T/feed-price-typecheck-vtevvi85/before/compose/composition.py:8993: error: No overload variant of "safe_dump" matches argument types "Any", "dict[str, int]"  [call-overload]
/var/folders/6k/b9phx2zn05q_dr_mcxm6_f3h0000gn/T/feed-price-typecheck-vtevvi85/before/compose/composition.py:8993: note: Possible overload variants:
/var/folders/6k/b9phx2zn05q_dr_mcxm6_f3h0000gn/T/feed-price-typecheck-vtevvi85/before/compose/composition.py:8993: note:     def safe_dump(data: Any, stream: _WriteStream[Any], *, default_style: str | None = ..., default_flow_style: bool | None = ..., canonical: bool | None = ..., indent: int | None = ..., width: int | float | None = ..., allow_unicode: bool | None = ..., line_break: str | None = ..., encoding: str | None = ..., explicit_start: bool | None = ..., explicit_end: bool | None = ..., version: tuple[int, int] | None = ..., tags: Mapping[str, str] | None = ..., sort_keys: bool = ...) -> None
/var/folders/6k/b9phx2zn05q_dr_mcxm6_f3h0000gn/T/feed-price-typecheck-vtevvi85/before/compose/composition.py:8993: note:     def safe_dump(data: Any, stream: None = ..., *, default_style: str | None = ..., default_flow_style: bool | None = ..., canonical: bool | None = ..., indent: int | None = ..., width: int | float | None = ..., allow_unicode: bool | None = ..., line_break: str | None = ..., encoding: None = ..., explicit_start: bool | None = ..., explicit_end: bool | None = ..., version: tuple[int, int] | None = ..., tags: Mapping[str, str] | None = ..., sort_keys: bool = ...) -> str
/var/folders/6k/b9phx2zn05q_dr_mcxm6_f3h0000gn/T/feed-price-typecheck-vtevvi85/before/compose/composition.py:8993: note:     def safe_dump(data: Any, stream: None = ..., *, default_style: str | None = ..., default_flow_style: bool | None = ..., canonical: bool | None = ..., indent: int | None = ..., width: int | float | None = ..., allow_unicode: bool | None = ..., line_break: str | None = ..., encoding: str, explicit_start: bool | None = ..., explicit_end: bool | None = ..., version: tuple[int, int] | None = ..., tags: Mapping[str, str] | None = ..., sort_keys: bool = ...) -> bytes
/var/folders/6k/b9phx2zn05q_dr_mcxm6_f3h0000gn/T/feed-price-typecheck-vtevvi85/before/compose/composition.py:9048: error: Item "None" of "Match[str] | None" has no attribute "group"  [union-attr]
/var/folders/6k/b9phx2zn05q_dr_mcxm6_f3h0000gn/T/feed-price-typecheck-vtevvi85/before/compose/composition.py:9052: error: Item "None" of "Match[str] | None" has no attribute "group"  [union-attr]
/var/folders/6k/b9phx2zn05q_dr_mcxm6_f3h0000gn/T/feed-price-typecheck-vtevvi85/before/compose/composition.py:9113: error: Item "None" of "Match[str] | None" has no attribute "group"  [union-attr]
/var/folders/6k/b9phx2zn05q_dr_mcxm6_f3h0000gn/T/feed-price-typecheck-vtevvi85/before/compose/composition.py:9119: error: Incompatible types in assignment (expression has type "str", variable has type "Path")  [assignment]
/var/folders/6k/b9phx2zn05q_dr_mcxm6_f3h0000gn/T/feed-price-typecheck-vtevvi85/before/compose/composition.py:9123: error: Incompatible types in assignment (expression has type "tuple[dict[Any, Any] | None, dict[Any, Any]]", variable has type "dict[Any, Any]")  [assignment]
/var/folders/6k/b9phx2zn05q_dr_mcxm6_f3h0000gn/T/feed-price-typecheck-vtevvi85/before/compose/composition.py:9431: error: Unsupported target for indexed assignment ("Collection[str]")  [index]
Found 131 errors in 1 file (checked 1 source file)
