/var/folders/6k/b9phx2zn05q_dr_mcxm6_f3h0000gn/T/portable-reason-typecheck-h6xas6sh/after/compose/composition.py:693: error: Incompatible types in assignment (expression has type "Path | None", variable has type "Path")  [assignment]
/var/folders/6k/b9phx2zn05q_dr_mcxm6_f3h0000gn/T/portable-reason-typecheck-h6xas6sh/after/compose/composition.py:734: error: Argument 1 to "get" of "dict" has incompatible type "Any | None"; expected "str"  [arg-type]
/var/folders/6k/b9phx2zn05q_dr_mcxm6_f3h0000gn/T/portable-reason-typecheck-h6xas6sh/after/compose/composition.py:872: error: Argument 2 to "feed_file" has incompatible type "str | None"; expected "str"  [arg-type]
/var/folders/6k/b9phx2zn05q_dr_mcxm6_f3h0000gn/T/portable-reason-typecheck-h6xas6sh/after/compose/composition.py:909: error: Argument 1 to "get" of "dict" has incompatible type "tuple[str | None, str]"; expected "tuple[str, str]"  [arg-type]
/var/folders/6k/b9phx2zn05q_dr_mcxm6_f3h0000gn/T/portable-reason-typecheck-h6xas6sh/after/compose/composition.py:919: error: Argument 1 to "get" of "dict" has incompatible type "str | None"; expected "str"  [arg-type]
/var/folders/6k/b9phx2zn05q_dr_mcxm6_f3h0000gn/T/portable-reason-typecheck-h6xas6sh/after/compose/composition.py:1323: error: Argument 1 to "module_from_spec" has incompatible type "ModuleSpec | None"; expected "ModuleSpec"  [arg-type]
/var/folders/6k/b9phx2zn05q_dr_mcxm6_f3h0000gn/T/portable-reason-typecheck-h6xas6sh/after/compose/composition.py:1324: error: Item "None" of "ModuleSpec | None" has no attribute "loader"  [union-attr]
/var/folders/6k/b9phx2zn05q_dr_mcxm6_f3h0000gn/T/portable-reason-typecheck-h6xas6sh/after/compose/composition.py:1324: error: Item "None" of "Loader | Any | None" has no attribute "exec_module"  [union-attr]
/var/folders/6k/b9phx2zn05q_dr_mcxm6_f3h0000gn/T/portable-reason-typecheck-h6xas6sh/after/compose/composition.py:1446: error: Argument 1 to "module_from_spec" has incompatible type "ModuleSpec | None"; expected "ModuleSpec"  [arg-type]
/var/folders/6k/b9phx2zn05q_dr_mcxm6_f3h0000gn/T/portable-reason-typecheck-h6xas6sh/after/compose/composition.py:1447: error: Item "None" of "ModuleSpec | None" has no attribute "loader"  [union-attr]
/var/folders/6k/b9phx2zn05q_dr_mcxm6_f3h0000gn/T/portable-reason-typecheck-h6xas6sh/after/compose/composition.py:1447: error: Item "None" of "Loader | Any | None" has no attribute "exec_module"  [union-attr]
/var/folders/6k/b9phx2zn05q_dr_mcxm6_f3h0000gn/T/portable-reason-typecheck-h6xas6sh/after/compose/composition.py:1987: error: Argument 1 to "module_from_spec" has incompatible type "ModuleSpec | None"; expected "ModuleSpec"  [arg-type]
/var/folders/6k/b9phx2zn05q_dr_mcxm6_f3h0000gn/T/portable-reason-typecheck-h6xas6sh/after/compose/composition.py:1988: error: Item "None" of "ModuleSpec | None" has no attribute "loader"  [union-attr]
/var/folders/6k/b9phx2zn05q_dr_mcxm6_f3h0000gn/T/portable-reason-typecheck-h6xas6sh/after/compose/composition.py:1988: error: Item "None" of "Loader | Any | None" has no attribute "exec_module"  [union-attr]
/var/folders/6k/b9phx2zn05q_dr_mcxm6_f3h0000gn/T/portable-reason-typecheck-h6xas6sh/after/compose/composition.py:3038: error: Argument 1 to "module_from_spec" has incompatible type "ModuleSpec | None"; expected "ModuleSpec"  [arg-type]
/var/folders/6k/b9phx2zn05q_dr_mcxm6_f3h0000gn/T/portable-reason-typecheck-h6xas6sh/after/compose/composition.py:3039: error: Item "None" of "ModuleSpec | None" has no attribute "loader"  [union-attr]
/var/folders/6k/b9phx2zn05q_dr_mcxm6_f3h0000gn/T/portable-reason-typecheck-h6xas6sh/after/compose/composition.py:3039: error: Item "None" of "Loader | Any | None" has no attribute "exec_module"  [union-attr]
/var/folders/6k/b9phx2zn05q_dr_mcxm6_f3h0000gn/T/portable-reason-typecheck-h6xas6sh/after/compose/composition.py:3196: error: Value of type "dict[Any, Any] | None" is not indexable  [index]
/var/folders/6k/b9phx2zn05q_dr_mcxm6_f3h0000gn/T/portable-reason-typecheck-h6xas6sh/after/compose/composition.py:3197: error: Value of type "dict[Any, Any] | None" is not indexable  [index]
/var/folders/6k/b9phx2zn05q_dr_mcxm6_f3h0000gn/T/portable-reason-typecheck-h6xas6sh/after/compose/composition.py:3622: error: Argument 5 to "_price_entry" has incompatible type "None"; expected "float"  [arg-type]
/var/folders/6k/b9phx2zn05q_dr_mcxm6_f3h0000gn/T/portable-reason-typecheck-h6xas6sh/after/compose/composition.py:3688: error: Argument 1 to "_previous_pin_hole" has incompatible type "list[dict[Any, Any]] | None"; expected "list[dict[Any, Any]]"  [arg-type]
/var/folders/6k/b9phx2zn05q_dr_mcxm6_f3h0000gn/T/portable-reason-typecheck-h6xas6sh/after/compose/composition.py:3701: error: Argument 1 to "module_from_spec" has incompatible type "ModuleSpec | None"; expected "ModuleSpec"  [arg-type]
/var/folders/6k/b9phx2zn05q_dr_mcxm6_f3h0000gn/T/portable-reason-typecheck-h6xas6sh/after/compose/composition.py:3701: error: Item "None" of "ModuleSpec | None" has no attribute "loader"  [union-attr]
/var/folders/6k/b9phx2zn05q_dr_mcxm6_f3h0000gn/T/portable-reason-typecheck-h6xas6sh/after/compose/composition.py:3701: error: Item "None" of "Loader | Any | None" has no attribute "exec_module"  [union-attr]
/var/folders/6k/b9phx2zn05q_dr_mcxm6_f3h0000gn/T/portable-reason-typecheck-h6xas6sh/after/compose/composition.py:3821: error: Dict entry 4 has incompatible type "str": "bool"; expected "str": "str | None"  [dict-item]
/var/folders/6k/b9phx2zn05q_dr_mcxm6_f3h0000gn/T/portable-reason-typecheck-h6xas6sh/after/compose/composition.py:3926: error: Argument 1 to "module_from_spec" has incompatible type "ModuleSpec | None"; expected "ModuleSpec"  [arg-type]
/var/folders/6k/b9phx2zn05q_dr_mcxm6_f3h0000gn/T/portable-reason-typecheck-h6xas6sh/after/compose/composition.py:3927: error: Item "None" of "ModuleSpec | None" has no attribute "loader"  [union-attr]
/var/folders/6k/b9phx2zn05q_dr_mcxm6_f3h0000gn/T/portable-reason-typecheck-h6xas6sh/after/compose/composition.py:3927: error: Item "None" of "Loader | Any | None" has no attribute "exec_module"  [union-attr]
/var/folders/6k/b9phx2zn05q_dr_mcxm6_f3h0000gn/T/portable-reason-typecheck-h6xas6sh/after/compose/composition.py:4170: error: List comprehension has incompatible type List[Any | None]; expected List[str]  [misc]
/var/folders/6k/b9phx2zn05q_dr_mcxm6_f3h0000gn/T/portable-reason-typecheck-h6xas6sh/after/compose/composition.py:4177: error: Item "None" of "Any | dict[Any, Any] | None" has no attribute "items"  [union-attr]
/var/folders/6k/b9phx2zn05q_dr_mcxm6_f3h0000gn/T/portable-reason-typecheck-h6xas6sh/after/compose/composition.py:4182: error: "Sequence[str]" has no attribute "append"  [attr-defined]
/var/folders/6k/b9phx2zn05q_dr_mcxm6_f3h0000gn/T/portable-reason-typecheck-h6xas6sh/after/compose/composition.py:4184: error: Argument 1 to "len" has incompatible type "Any | dict[Any, Any] | None"; expected "Sized"  [arg-type]
/var/folders/6k/b9phx2zn05q_dr_mcxm6_f3h0000gn/T/portable-reason-typecheck-h6xas6sh/after/compose/composition.py:4201: error: Item "None" of "Any | dict[Any, Any] | None" has no attribute "items"  [union-attr]
/var/folders/6k/b9phx2zn05q_dr_mcxm6_f3h0000gn/T/portable-reason-typecheck-h6xas6sh/after/compose/composition.py:4393: error: Argument 5 to "_price_entry" has incompatible type "None"; expected "float"  [arg-type]
/var/folders/6k/b9phx2zn05q_dr_mcxm6_f3h0000gn/T/portable-reason-typecheck-h6xas6sh/after/compose/composition.py:4516: error: Argument 1 to "int" has incompatible type "Any | None"; expected "str | Buffer | SupportsInt | SupportsIndex | SupportsTrunc"  [arg-type]
/var/folders/6k/b9phx2zn05q_dr_mcxm6_f3h0000gn/T/portable-reason-typecheck-h6xas6sh/after/compose/composition.py:4715: error: Argument 2 to "feed_file" has incompatible type "str | None"; expected "str"  [arg-type]
/var/folders/6k/b9phx2zn05q_dr_mcxm6_f3h0000gn/T/portable-reason-typecheck-h6xas6sh/after/compose/composition.py:4720: error: Argument 2 to "load_feed_payload" has incompatible type "str | None"; expected "str"  [arg-type]
/var/folders/6k/b9phx2zn05q_dr_mcxm6_f3h0000gn/T/portable-reason-typecheck-h6xas6sh/after/compose/composition.py:4743: error: Argument 3 to "pin_signature_state" has incompatible type "str | None"; expected "str"  [arg-type]
/var/folders/6k/b9phx2zn05q_dr_mcxm6_f3h0000gn/T/portable-reason-typecheck-h6xas6sh/after/compose/composition.py:4746: error: Argument 3 to "_previous_pin_hole" has incompatible type "str | None"; expected "str"  [arg-type]
/var/folders/6k/b9phx2zn05q_dr_mcxm6_f3h0000gn/T/portable-reason-typecheck-h6xas6sh/after/compose/composition.py:4747: error: Argument "name" to "untagged_pin_hole" has incompatible type "str | None"; expected "str"  [arg-type]
/var/folders/6k/b9phx2zn05q_dr_mcxm6_f3h0000gn/T/portable-reason-typecheck-h6xas6sh/after/compose/composition.py:4953: error: Argument 2 to "_converted" has incompatible type "Any | str | None"; expected "str"  [arg-type]
/var/folders/6k/b9phx2zn05q_dr_mcxm6_f3h0000gn/T/portable-reason-typecheck-h6xas6sh/after/compose/composition.py:5189: error: Argument 5 to "_price_entry" has incompatible type "float | None"; expected "float"  [arg-type]
/var/folders/6k/b9phx2zn05q_dr_mcxm6_f3h0000gn/T/portable-reason-typecheck-h6xas6sh/after/compose/composition.py:5197: error: Argument 1 to "get" of "dict" has incompatible type "str | None"; expected "str"  [arg-type]
/var/folders/6k/b9phx2zn05q_dr_mcxm6_f3h0000gn/T/portable-reason-typecheck-h6xas6sh/after/compose/composition.py:5587: error: Assignment to variable "e" outside except: block  [misc]
/var/folders/6k/b9phx2zn05q_dr_mcxm6_f3h0000gn/T/portable-reason-typecheck-h6xas6sh/after/compose/composition.py:5588: error: Trying to read deleted variable "e"  [misc]
/var/folders/6k/b9phx2zn05q_dr_mcxm6_f3h0000gn/T/portable-reason-typecheck-h6xas6sh/after/compose/composition.py:5654: error: Incompatible types in assignment (expression has type "tuple[Any, Any]", variable has type "tuple[Any, str, str]")  [assignment]
/var/folders/6k/b9phx2zn05q_dr_mcxm6_f3h0000gn/T/portable-reason-typecheck-h6xas6sh/after/compose/composition.py:5699: error: Trying to read deleted variable "e"  [misc]
/var/folders/6k/b9phx2zn05q_dr_mcxm6_f3h0000gn/T/portable-reason-typecheck-h6xas6sh/after/compose/composition.py:5816: error: No overload variant of "safe_dump" matches argument types "dict[Any, Any]", "dict[str, int]"  [call-overload]
/var/folders/6k/b9phx2zn05q_dr_mcxm6_f3h0000gn/T/portable-reason-typecheck-h6xas6sh/after/compose/composition.py:5816: note: Possible overload variants:
/var/folders/6k/b9phx2zn05q_dr_mcxm6_f3h0000gn/T/portable-reason-typecheck-h6xas6sh/after/compose/composition.py:5816: note:     def safe_dump(data: Any, stream: _WriteStream[Any], *, default_style: str | None = ..., default_flow_style: bool | None = ..., canonical: bool | None = ..., indent: int | None = ..., width: int | float | None = ..., allow_unicode: bool | None = ..., line_break: str | None = ..., encoding: str | None = ..., explicit_start: bool | None = ..., explicit_end: bool | None = ..., version: tuple[int, int] | None = ..., tags: Mapping[str, str] | None = ..., sort_keys: bool = ...) -> None
/var/folders/6k/b9phx2zn05q_dr_mcxm6_f3h0000gn/T/portable-reason-typecheck-h6xas6sh/after/compose/composition.py:5816: note:     def safe_dump(data: Any, stream: None = ..., *, default_style: str | None = ..., default_flow_style: bool | None = ..., canonical: bool | None = ..., indent: int | None = ..., width: int | float | None = ..., allow_unicode: bool | None = ..., line_break: str | None = ..., encoding: None = ..., explicit_start: bool | None = ..., explicit_end: bool | None = ..., version: tuple[int, int] | None = ..., tags: Mapping[str, str] | None = ..., sort_keys: bool = ...) -> str
/var/folders/6k/b9phx2zn05q_dr_mcxm6_f3h0000gn/T/portable-reason-typecheck-h6xas6sh/after/compose/composition.py:5816: note:     def safe_dump(data: Any, stream: None = ..., *, default_style: str | None = ..., default_flow_style: bool | None = ..., canonical: bool | None = ..., indent: int | None = ..., width: int | float | None = ..., allow_unicode: bool | None = ..., line_break: str | None = ..., encoding: str, explicit_start: bool | None = ..., explicit_end: bool | None = ..., version: tuple[int, int] | None = ..., tags: Mapping[str, str] | None = ..., sort_keys: bool = ...) -> bytes
/var/folders/6k/b9phx2zn05q_dr_mcxm6_f3h0000gn/T/portable-reason-typecheck-h6xas6sh/after/compose/composition.py:5825: error: No overload variant of "safe_dump" matches argument types "dict[Any, Any]", "dict[str, int]"  [call-overload]
/var/folders/6k/b9phx2zn05q_dr_mcxm6_f3h0000gn/T/portable-reason-typecheck-h6xas6sh/after/compose/composition.py:5825: note: Possible overload variants:
/var/folders/6k/b9phx2zn05q_dr_mcxm6_f3h0000gn/T/portable-reason-typecheck-h6xas6sh/after/compose/composition.py:5825: note:     def safe_dump(data: Any, stream: _WriteStream[Any], *, default_style: str | None = ..., default_flow_style: bool | None = ..., canonical: bool | None = ..., indent: int | None = ..., width: int | float | None = ..., allow_unicode: bool | None = ..., line_break: str | None = ..., encoding: str | None = ..., explicit_start: bool | None = ..., explicit_end: bool | None = ..., version: tuple[int, int] | None = ..., tags: Mapping[str, str] | None = ..., sort_keys: bool = ...) -> None
/var/folders/6k/b9phx2zn05q_dr_mcxm6_f3h0000gn/T/portable-reason-typecheck-h6xas6sh/after/compose/composition.py:5825: note:     def safe_dump(data: Any, stream: None = ..., *, default_style: str | None = ..., default_flow_style: bool | None = ..., canonical: bool | None = ..., indent: int | None = ..., width: int | float | None = ..., allow_unicode: bool | None = ..., line_break: str | None = ..., encoding: None = ..., explicit_start: bool | None = ..., explicit_end: bool | None = ..., version: tuple[int, int] | None = ..., tags: Mapping[str, str] | None = ..., sort_keys: bool = ...) -> str
/var/folders/6k/b9phx2zn05q_dr_mcxm6_f3h0000gn/T/portable-reason-typecheck-h6xas6sh/after/compose/composition.py:5825: note:     def safe_dump(data: Any, stream: None = ..., *, default_style: str | None = ..., default_flow_style: bool | None = ..., canonical: bool | None = ..., indent: int | None = ..., width: int | float | None = ..., allow_unicode: bool | None = ..., line_break: str | None = ..., encoding: str, explicit_start: bool | None = ..., explicit_end: bool | None = ..., version: tuple[int, int] | None = ..., tags: Mapping[str, str] | None = ..., sort_keys: bool = ...) -> bytes
/var/folders/6k/b9phx2zn05q_dr_mcxm6_f3h0000gn/T/portable-reason-typecheck-h6xas6sh/after/compose/composition.py:5907: error: No overload variant of "safe_dump" matches argument types "dict[str, Any]", "dict[str, int]"  [call-overload]
/var/folders/6k/b9phx2zn05q_dr_mcxm6_f3h0000gn/T/portable-reason-typecheck-h6xas6sh/after/compose/composition.py:5907: note: Possible overload variants:
/var/folders/6k/b9phx2zn05q_dr_mcxm6_f3h0000gn/T/portable-reason-typecheck-h6xas6sh/after/compose/composition.py:5907: note:     def safe_dump(data: Any, stream: _WriteStream[Any], *, default_style: str | None = ..., default_flow_style: bool | None = ..., canonical: bool | None = ..., indent: int | None = ..., width: int | float | None = ..., allow_unicode: bool | None = ..., line_break: str | None = ..., encoding: str | None = ..., explicit_start: bool | None = ..., explicit_end: bool | None = ..., version: tuple[int, int] | None = ..., tags: Mapping[str, str] | None = ..., sort_keys: bool = ...) -> None
/var/folders/6k/b9phx2zn05q_dr_mcxm6_f3h0000gn/T/portable-reason-typecheck-h6xas6sh/after/compose/composition.py:5907: note:     def safe_dump(data: Any, stream: None = ..., *, default_style: str | None = ..., default_flow_style: bool | None = ..., canonical: bool | None = ..., indent: int | None = ..., width: int | float | None = ..., allow_unicode: bool | None = ..., line_break: str | None = ..., encoding: None = ..., explicit_start: bool | None = ..., explicit_end: bool | None = ..., version: tuple[int, int] | None = ..., tags: Mapping[str, str] | None = ..., sort_keys: bool = ...) -> str
/var/folders/6k/b9phx2zn05q_dr_mcxm6_f3h0000gn/T/portable-reason-typecheck-h6xas6sh/after/compose/composition.py:5907: note:     def safe_dump(data: Any, stream: None = ..., *, default_style: str | None = ..., default_flow_style: bool | None = ..., canonical: bool | None = ..., indent: int | None = ..., width: int | float | None = ..., allow_unicode: bool | None = ..., line_break: str | None = ..., encoding: str, explicit_start: bool | None = ..., explicit_end: bool | None = ..., version: tuple[int, int] | None = ..., tags: Mapping[str, str] | None = ..., sort_keys: bool = ...) -> bytes
/var/folders/6k/b9phx2zn05q_dr_mcxm6_f3h0000gn/T/portable-reason-typecheck-h6xas6sh/after/compose/composition.py:6591: error: No overload variant of "safe_dump" matches argument types "Any", "dict[str, int]"  [call-overload]
/var/folders/6k/b9phx2zn05q_dr_mcxm6_f3h0000gn/T/portable-reason-typecheck-h6xas6sh/after/compose/composition.py:6591: note: Possible overload variants:
/var/folders/6k/b9phx2zn05q_dr_mcxm6_f3h0000gn/T/portable-reason-typecheck-h6xas6sh/after/compose/composition.py:6591: note:     def safe_dump(data: Any, stream: _WriteStream[Any], *, default_style: str | None = ..., default_flow_style: bool | None = ..., canonical: bool | None = ..., indent: int | None = ..., width: int | float | None = ..., allow_unicode: bool | None = ..., line_break: str | None = ..., encoding: str | None = ..., explicit_start: bool | None = ..., explicit_end: bool | None = ..., version: tuple[int, int] | None = ..., tags: Mapping[str, str] | None = ..., sort_keys: bool = ...) -> None
/var/folders/6k/b9phx2zn05q_dr_mcxm6_f3h0000gn/T/portable-reason-typecheck-h6xas6sh/after/compose/composition.py:6591: note:     def safe_dump(data: Any, stream: None = ..., *, default_style: str | None = ..., default_flow_style: bool | None = ..., canonical: bool | None = ..., indent: int | None = ..., width: int | float | None = ..., allow_unicode: bool | None = ..., line_break: str | None = ..., encoding: None = ..., explicit_start: bool | None = ..., explicit_end: bool | None = ..., version: tuple[int, int] | None = ..., tags: Mapping[str, str] | None = ..., sort_keys: bool = ...) -> str
/var/folders/6k/b9phx2zn05q_dr_mcxm6_f3h0000gn/T/portable-reason-typecheck-h6xas6sh/after/compose/composition.py:6591: note:     def safe_dump(data: Any, stream: None = ..., *, default_style: str | None = ..., default_flow_style: bool | None = ..., canonical: bool | None = ..., indent: int | None = ..., width: int | float | None = ..., allow_unicode: bool | None = ..., line_break: str | None = ..., encoding: str, explicit_start: bool | None = ..., explicit_end: bool | None = ..., version: tuple[int, int] | None = ..., tags: Mapping[str, str] | None = ..., sort_keys: bool = ...) -> bytes
/var/folders/6k/b9phx2zn05q_dr_mcxm6_f3h0000gn/T/portable-reason-typecheck-h6xas6sh/after/compose/composition.py:6620: error: No overload variant of "__getitem__" of "list" matches argument type "str"  [call-overload]
/var/folders/6k/b9phx2zn05q_dr_mcxm6_f3h0000gn/T/portable-reason-typecheck-h6xas6sh/after/compose/composition.py:6620: note: Possible overload variants:
/var/folders/6k/b9phx2zn05q_dr_mcxm6_f3h0000gn/T/portable-reason-typecheck-h6xas6sh/after/compose/composition.py:6620: note:     def __getitem__(self, SupportsIndex, /) -> Any
/var/folders/6k/b9phx2zn05q_dr_mcxm6_f3h0000gn/T/portable-reason-typecheck-h6xas6sh/after/compose/composition.py:6620: note:     def __getitem__(self, slice[Any, Any, Any], /) -> list[Any]
/var/folders/6k/b9phx2zn05q_dr_mcxm6_f3h0000gn/T/portable-reason-typecheck-h6xas6sh/after/compose/composition.py:6621: error: "list[Any]" has no attribute "get"  [attr-defined]
/var/folders/6k/b9phx2zn05q_dr_mcxm6_f3h0000gn/T/portable-reason-typecheck-h6xas6sh/after/compose/composition.py:6622: error: No overload variant of "__getitem__" of "list" matches argument type "str"  [call-overload]
/var/folders/6k/b9phx2zn05q_dr_mcxm6_f3h0000gn/T/portable-reason-typecheck-h6xas6sh/after/compose/composition.py:6622: note: Possible overload variants:
/var/folders/6k/b9phx2zn05q_dr_mcxm6_f3h0000gn/T/portable-reason-typecheck-h6xas6sh/after/compose/composition.py:6622: note:     def __getitem__(self, SupportsIndex, /) -> Any
/var/folders/6k/b9phx2zn05q_dr_mcxm6_f3h0000gn/T/portable-reason-typecheck-h6xas6sh/after/compose/composition.py:6622: note:     def __getitem__(self, slice[Any, Any, Any], /) -> list[Any]
/var/folders/6k/b9phx2zn05q_dr_mcxm6_f3h0000gn/T/portable-reason-typecheck-h6xas6sh/after/compose/composition.py:6630: error: No overload variant of "__getitem__" of "list" matches argument type "str"  [call-overload]
/var/folders/6k/b9phx2zn05q_dr_mcxm6_f3h0000gn/T/portable-reason-typecheck-h6xas6sh/after/compose/composition.py:6630: note: Possible overload variants:
/var/folders/6k/b9phx2zn05q_dr_mcxm6_f3h0000gn/T/portable-reason-typecheck-h6xas6sh/after/compose/composition.py:6630: note:     def __getitem__(self, SupportsIndex, /) -> Any
/var/folders/6k/b9phx2zn05q_dr_mcxm6_f3h0000gn/T/portable-reason-typecheck-h6xas6sh/after/compose/composition.py:6630: note:     def __getitem__(self, slice[Any, Any, Any], /) -> list[Any]
/var/folders/6k/b9phx2zn05q_dr_mcxm6_f3h0000gn/T/portable-reason-typecheck-h6xas6sh/after/compose/composition.py:6631: error: No overload variant of "__getitem__" of "list" matches argument type "str"  [call-overload]
/var/folders/6k/b9phx2zn05q_dr_mcxm6_f3h0000gn/T/portable-reason-typecheck-h6xas6sh/after/compose/composition.py:6631: note: Possible overload variants:
/var/folders/6k/b9phx2zn05q_dr_mcxm6_f3h0000gn/T/portable-reason-typecheck-h6xas6sh/after/compose/composition.py:6631: note:     def __getitem__(self, SupportsIndex, /) -> Any
/var/folders/6k/b9phx2zn05q_dr_mcxm6_f3h0000gn/T/portable-reason-typecheck-h6xas6sh/after/compose/composition.py:6631: note:     def __getitem__(self, slice[Any, Any, Any], /) -> list[Any]
/var/folders/6k/b9phx2zn05q_dr_mcxm6_f3h0000gn/T/portable-reason-typecheck-h6xas6sh/after/compose/composition.py:6632: error: No overload variant of "__getitem__" of "list" matches argument type "str"  [call-overload]
/var/folders/6k/b9phx2zn05q_dr_mcxm6_f3h0000gn/T/portable-reason-typecheck-h6xas6sh/after/compose/composition.py:6632: note: Possible overload variants:
/var/folders/6k/b9phx2zn05q_dr_mcxm6_f3h0000gn/T/portable-reason-typecheck-h6xas6sh/after/compose/composition.py:6632: note:     def __getitem__(self, SupportsIndex, /) -> Any
/var/folders/6k/b9phx2zn05q_dr_mcxm6_f3h0000gn/T/portable-reason-typecheck-h6xas6sh/after/compose/composition.py:6632: note:     def __getitem__(self, slice[Any, Any, Any], /) -> list[Any]
/var/folders/6k/b9phx2zn05q_dr_mcxm6_f3h0000gn/T/portable-reason-typecheck-h6xas6sh/after/compose/composition.py:6634: error: No overload variant of "__getitem__" of "list" matches argument type "str"  [call-overload]
/var/folders/6k/b9phx2zn05q_dr_mcxm6_f3h0000gn/T/portable-reason-typecheck-h6xas6sh/after/compose/composition.py:6634: note: Possible overload variants:
/var/folders/6k/b9phx2zn05q_dr_mcxm6_f3h0000gn/T/portable-reason-typecheck-h6xas6sh/after/compose/composition.py:6634: note:     def __getitem__(self, SupportsIndex, /) -> Any
/var/folders/6k/b9phx2zn05q_dr_mcxm6_f3h0000gn/T/portable-reason-typecheck-h6xas6sh/after/compose/composition.py:6634: note:     def __getitem__(self, slice[Any, Any, Any], /) -> list[Any]
/var/folders/6k/b9phx2zn05q_dr_mcxm6_f3h0000gn/T/portable-reason-typecheck-h6xas6sh/after/compose/composition.py:6637: error: No overload variant of "__getitem__" of "list" matches argument type "str"  [call-overload]
/var/folders/6k/b9phx2zn05q_dr_mcxm6_f3h0000gn/T/portable-reason-typecheck-h6xas6sh/after/compose/composition.py:6637: note: Possible overload variants:
/var/folders/6k/b9phx2zn05q_dr_mcxm6_f3h0000gn/T/portable-reason-typecheck-h6xas6sh/after/compose/composition.py:6637: note:     def __getitem__(self, SupportsIndex, /) -> Any
/var/folders/6k/b9phx2zn05q_dr_mcxm6_f3h0000gn/T/portable-reason-typecheck-h6xas6sh/after/compose/composition.py:6637: note:     def __getitem__(self, slice[Any, Any, Any], /) -> list[Any]
/var/folders/6k/b9phx2zn05q_dr_mcxm6_f3h0000gn/T/portable-reason-typecheck-h6xas6sh/after/compose/composition.py:6641: error: No overload variant of "__getitem__" of "list" matches argument type "str"  [call-overload]
/var/folders/6k/b9phx2zn05q_dr_mcxm6_f3h0000gn/T/portable-reason-typecheck-h6xas6sh/after/compose/composition.py:6641: note: Possible overload variants:
/var/folders/6k/b9phx2zn05q_dr_mcxm6_f3h0000gn/T/portable-reason-typecheck-h6xas6sh/after/compose/composition.py:6641: note:     def __getitem__(self, SupportsIndex, /) -> Any
/var/folders/6k/b9phx2zn05q_dr_mcxm6_f3h0000gn/T/portable-reason-typecheck-h6xas6sh/after/compose/composition.py:6641: note:     def __getitem__(self, slice[Any, Any, Any], /) -> list[Any]
/var/folders/6k/b9phx2zn05q_dr_mcxm6_f3h0000gn/T/portable-reason-typecheck-h6xas6sh/after/compose/composition.py:6648: error: No overload variant of "__getitem__" of "list" matches argument type "str"  [call-overload]
/var/folders/6k/b9phx2zn05q_dr_mcxm6_f3h0000gn/T/portable-reason-typecheck-h6xas6sh/after/compose/composition.py:6648: note: Possible overload variants:
/var/folders/6k/b9phx2zn05q_dr_mcxm6_f3h0000gn/T/portable-reason-typecheck-h6xas6sh/after/compose/composition.py:6648: note:     def __getitem__(self, SupportsIndex, /) -> Any
/var/folders/6k/b9phx2zn05q_dr_mcxm6_f3h0000gn/T/portable-reason-typecheck-h6xas6sh/after/compose/composition.py:6648: note:     def __getitem__(self, slice[Any, Any, Any], /) -> list[Any]
/var/folders/6k/b9phx2zn05q_dr_mcxm6_f3h0000gn/T/portable-reason-typecheck-h6xas6sh/after/compose/composition.py:6649: error: No overload variant of "__getitem__" of "list" matches argument type "str"  [call-overload]
/var/folders/6k/b9phx2zn05q_dr_mcxm6_f3h0000gn/T/portable-reason-typecheck-h6xas6sh/after/compose/composition.py:6649: note: Possible overload variants:
/var/folders/6k/b9phx2zn05q_dr_mcxm6_f3h0000gn/T/portable-reason-typecheck-h6xas6sh/after/compose/composition.py:6649: note:     def __getitem__(self, SupportsIndex, /) -> Any
/var/folders/6k/b9phx2zn05q_dr_mcxm6_f3h0000gn/T/portable-reason-typecheck-h6xas6sh/after/compose/composition.py:6649: note:     def __getitem__(self, slice[Any, Any, Any], /) -> list[Any]
/var/folders/6k/b9phx2zn05q_dr_mcxm6_f3h0000gn/T/portable-reason-typecheck-h6xas6sh/after/compose/composition.py:6651: error: No overload variant of "__getitem__" of "list" matches argument type "str"  [call-overload]
/var/folders/6k/b9phx2zn05q_dr_mcxm6_f3h0000gn/T/portable-reason-typecheck-h6xas6sh/after/compose/composition.py:6651: note: Possible overload variants:
/var/folders/6k/b9phx2zn05q_dr_mcxm6_f3h0000gn/T/portable-reason-typecheck-h6xas6sh/after/compose/composition.py:6651: note:     def __getitem__(self, SupportsIndex, /) -> Any
/var/folders/6k/b9phx2zn05q_dr_mcxm6_f3h0000gn/T/portable-reason-typecheck-h6xas6sh/after/compose/composition.py:6651: note:     def __getitem__(self, slice[Any, Any, Any], /) -> list[Any]
/var/folders/6k/b9phx2zn05q_dr_mcxm6_f3h0000gn/T/portable-reason-typecheck-h6xas6sh/after/compose/composition.py:6652: error: No overload variant of "__getitem__" of "list" matches argument type "str"  [call-overload]
/var/folders/6k/b9phx2zn05q_dr_mcxm6_f3h0000gn/T/portable-reason-typecheck-h6xas6sh/after/compose/composition.py:6652: note: Possible overload variants:
/var/folders/6k/b9phx2zn05q_dr_mcxm6_f3h0000gn/T/portable-reason-typecheck-h6xas6sh/after/compose/composition.py:6652: note:     def __getitem__(self, SupportsIndex, /) -> Any
/var/folders/6k/b9phx2zn05q_dr_mcxm6_f3h0000gn/T/portable-reason-typecheck-h6xas6sh/after/compose/composition.py:6652: note:     def __getitem__(self, slice[Any, Any, Any], /) -> list[Any]
/var/folders/6k/b9phx2zn05q_dr_mcxm6_f3h0000gn/T/portable-reason-typecheck-h6xas6sh/after/compose/composition.py:6653: error: No overload variant of "__getitem__" of "list" matches argument type "str"  [call-overload]
/var/folders/6k/b9phx2zn05q_dr_mcxm6_f3h0000gn/T/portable-reason-typecheck-h6xas6sh/after/compose/composition.py:6653: note: Possible overload variants:
/var/folders/6k/b9phx2zn05q_dr_mcxm6_f3h0000gn/T/portable-reason-typecheck-h6xas6sh/after/compose/composition.py:6653: note:     def __getitem__(self, SupportsIndex, /) -> Any
/var/folders/6k/b9phx2zn05q_dr_mcxm6_f3h0000gn/T/portable-reason-typecheck-h6xas6sh/after/compose/composition.py:6653: note:     def __getitem__(self, slice[Any, Any, Any], /) -> list[Any]
/var/folders/6k/b9phx2zn05q_dr_mcxm6_f3h0000gn/T/portable-reason-typecheck-h6xas6sh/after/compose/composition.py:6654: error: No overload variant of "__getitem__" of "list" matches argument type "str"  [call-overload]
/var/folders/6k/b9phx2zn05q_dr_mcxm6_f3h0000gn/T/portable-reason-typecheck-h6xas6sh/after/compose/composition.py:6654: note: Possible overload variants:
/var/folders/6k/b9phx2zn05q_dr_mcxm6_f3h0000gn/T/portable-reason-typecheck-h6xas6sh/after/compose/composition.py:6654: note:     def __getitem__(self, SupportsIndex, /) -> Any
/var/folders/6k/b9phx2zn05q_dr_mcxm6_f3h0000gn/T/portable-reason-typecheck-h6xas6sh/after/compose/composition.py:6654: note:     def __getitem__(self, slice[Any, Any, Any], /) -> list[Any]
/var/folders/6k/b9phx2zn05q_dr_mcxm6_f3h0000gn/T/portable-reason-typecheck-h6xas6sh/after/compose/composition.py:6655: error: No overload variant of "__getitem__" of "list" matches argument type "str"  [call-overload]
/var/folders/6k/b9phx2zn05q_dr_mcxm6_f3h0000gn/T/portable-reason-typecheck-h6xas6sh/after/compose/composition.py:6655: note: Possible overload variants:
/var/folders/6k/b9phx2zn05q_dr_mcxm6_f3h0000gn/T/portable-reason-typecheck-h6xas6sh/after/compose/composition.py:6655: note:     def __getitem__(self, SupportsIndex, /) -> Any
/var/folders/6k/b9phx2zn05q_dr_mcxm6_f3h0000gn/T/portable-reason-typecheck-h6xas6sh/after/compose/composition.py:6655: note:     def __getitem__(self, slice[Any, Any, Any], /) -> list[Any]
/var/folders/6k/b9phx2zn05q_dr_mcxm6_f3h0000gn/T/portable-reason-typecheck-h6xas6sh/after/compose/composition.py:6674: error: No overload variant of "__getitem__" of "list" matches argument type "str"  [call-overload]
/var/folders/6k/b9phx2zn05q_dr_mcxm6_f3h0000gn/T/portable-reason-typecheck-h6xas6sh/after/compose/composition.py:6674: note: Possible overload variants:
/var/folders/6k/b9phx2zn05q_dr_mcxm6_f3h0000gn/T/portable-reason-typecheck-h6xas6sh/after/compose/composition.py:6674: note:     def __getitem__(self, SupportsIndex, /) -> Any
/var/folders/6k/b9phx2zn05q_dr_mcxm6_f3h0000gn/T/portable-reason-typecheck-h6xas6sh/after/compose/composition.py:6674: note:     def __getitem__(self, slice[Any, Any, Any], /) -> list[Any]
/var/folders/6k/b9phx2zn05q_dr_mcxm6_f3h0000gn/T/portable-reason-typecheck-h6xas6sh/after/compose/composition.py:6675: error: No overload variant of "__getitem__" of "list" matches argument type "str"  [call-overload]
/var/folders/6k/b9phx2zn05q_dr_mcxm6_f3h0000gn/T/portable-reason-typecheck-h6xas6sh/after/compose/composition.py:6675: note: Possible overload variants:
/var/folders/6k/b9phx2zn05q_dr_mcxm6_f3h0000gn/T/portable-reason-typecheck-h6xas6sh/after/compose/composition.py:6675: note:     def __getitem__(self, SupportsIndex, /) -> Any
/var/folders/6k/b9phx2zn05q_dr_mcxm6_f3h0000gn/T/portable-reason-typecheck-h6xas6sh/after/compose/composition.py:6675: note:     def __getitem__(self, slice[Any, Any, Any], /) -> list[Any]
/var/folders/6k/b9phx2zn05q_dr_mcxm6_f3h0000gn/T/portable-reason-typecheck-h6xas6sh/after/compose/composition.py:6709: error: No overload variant of "__getitem__" of "list" matches argument type "str"  [call-overload]
/var/folders/6k/b9phx2zn05q_dr_mcxm6_f3h0000gn/T/portable-reason-typecheck-h6xas6sh/after/compose/composition.py:6709: note: Possible overload variants:
/var/folders/6k/b9phx2zn05q_dr_mcxm6_f3h0000gn/T/portable-reason-typecheck-h6xas6sh/after/compose/composition.py:6709: note:     def __getitem__(self, SupportsIndex, /) -> Any
/var/folders/6k/b9phx2zn05q_dr_mcxm6_f3h0000gn/T/portable-reason-typecheck-h6xas6sh/after/compose/composition.py:6709: note:     def __getitem__(self, slice[Any, Any, Any], /) -> list[Any]
/var/folders/6k/b9phx2zn05q_dr_mcxm6_f3h0000gn/T/portable-reason-typecheck-h6xas6sh/after/compose/composition.py:6849: error: Value of type "dict[Any, Any] | None" is not indexable  [index]
/var/folders/6k/b9phx2zn05q_dr_mcxm6_f3h0000gn/T/portable-reason-typecheck-h6xas6sh/after/compose/composition.py:6852: error: Value of type "dict[Any, Any] | None" is not indexable  [index]
/var/folders/6k/b9phx2zn05q_dr_mcxm6_f3h0000gn/T/portable-reason-typecheck-h6xas6sh/after/compose/composition.py:6853: error: Value of type "dict[Any, Any] | None" is not indexable  [index]
/var/folders/6k/b9phx2zn05q_dr_mcxm6_f3h0000gn/T/portable-reason-typecheck-h6xas6sh/after/compose/composition.py:6854: error: Value of type "dict[Any, Any] | None" is not indexable  [index]
/var/folders/6k/b9phx2zn05q_dr_mcxm6_f3h0000gn/T/portable-reason-typecheck-h6xas6sh/after/compose/composition.py:6859: error: Value of type "dict[Any, Any] | None" is not indexable  [index]
/var/folders/6k/b9phx2zn05q_dr_mcxm6_f3h0000gn/T/portable-reason-typecheck-h6xas6sh/after/compose/composition.py:6860: error: Value of type "dict[Any, Any] | None" is not indexable  [index]
/var/folders/6k/b9phx2zn05q_dr_mcxm6_f3h0000gn/T/portable-reason-typecheck-h6xas6sh/after/compose/composition.py:6873: error: Value of type "dict[Any, Any] | None" is not indexable  [index]
/var/folders/6k/b9phx2zn05q_dr_mcxm6_f3h0000gn/T/portable-reason-typecheck-h6xas6sh/after/compose/composition.py:6877: error: Value of type "dict[Any, Any] | None" is not indexable  [index]
/var/folders/6k/b9phx2zn05q_dr_mcxm6_f3h0000gn/T/portable-reason-typecheck-h6xas6sh/after/compose/composition.py:6878: error: Value of type "dict[Any, Any] | None" is not indexable  [index]
/var/folders/6k/b9phx2zn05q_dr_mcxm6_f3h0000gn/T/portable-reason-typecheck-h6xas6sh/after/compose/composition.py:6882: error: Value of type "dict[Any, Any] | None" is not indexable  [index]
/var/folders/6k/b9phx2zn05q_dr_mcxm6_f3h0000gn/T/portable-reason-typecheck-h6xas6sh/after/compose/composition.py:6888: error: Value of type "dict[Any, Any] | None" is not indexable  [index]
/var/folders/6k/b9phx2zn05q_dr_mcxm6_f3h0000gn/T/portable-reason-typecheck-h6xas6sh/after/compose/composition.py:7132: error: Value of type "tuple[dict[Any, Any], Path] | None" is not indexable  [index]
/var/folders/6k/b9phx2zn05q_dr_mcxm6_f3h0000gn/T/portable-reason-typecheck-h6xas6sh/after/compose/composition.py:7507: error: Invalid index type "str" for "str"; expected type "SupportsIndex | slice[Any, Any, Any]"  [index]
/var/folders/6k/b9phx2zn05q_dr_mcxm6_f3h0000gn/T/portable-reason-typecheck-h6xas6sh/after/compose/composition.py:7508: error: Invalid index type "str" for "str"; expected type "SupportsIndex | slice[Any, Any, Any]"  [index]
/var/folders/6k/b9phx2zn05q_dr_mcxm6_f3h0000gn/T/portable-reason-typecheck-h6xas6sh/after/compose/composition.py:7539: error: Invalid index type "str" for "str"; expected type "SupportsIndex | slice[Any, Any, Any]"  [index]
/var/folders/6k/b9phx2zn05q_dr_mcxm6_f3h0000gn/T/portable-reason-typecheck-h6xas6sh/after/compose/composition.py:7540: error: Invalid index type "str" for "str"; expected type "SupportsIndex | slice[Any, Any, Any]"  [index]
/var/folders/6k/b9phx2zn05q_dr_mcxm6_f3h0000gn/T/portable-reason-typecheck-h6xas6sh/after/compose/composition.py:7581: error: Invalid index type "str" for "str"; expected type "SupportsIndex | slice[Any, Any, Any]"  [index]
/var/folders/6k/b9phx2zn05q_dr_mcxm6_f3h0000gn/T/portable-reason-typecheck-h6xas6sh/after/compose/composition.py:7622: error: Incompatible types in assignment (expression has type "Path", variable has type "str")  [assignment]
/var/folders/6k/b9phx2zn05q_dr_mcxm6_f3h0000gn/T/portable-reason-typecheck-h6xas6sh/after/compose/composition.py:7623: error: Argument 1 to "_write_fixture_adopter" has incompatible type "str"; expected "Path"  [arg-type]
/var/folders/6k/b9phx2zn05q_dr_mcxm6_f3h0000gn/T/portable-reason-typecheck-h6xas6sh/after/compose/composition.py:7624: error: Argument 1 to "compose" has incompatible type "str"; expected "Path"  [arg-type]
/var/folders/6k/b9phx2zn05q_dr_mcxm6_f3h0000gn/T/portable-reason-typecheck-h6xas6sh/after/compose/composition.py:7628: error: Argument 1 to "_commit_header" has incompatible type "str"; expected "Path"  [arg-type]
/var/folders/6k/b9phx2zn05q_dr_mcxm6_f3h0000gn/T/portable-reason-typecheck-h6xas6sh/after/compose/composition.py:7798: error: No overload variant of "safe_dump" matches argument types "Any", "dict[str, int]"  [call-overload]
/var/folders/6k/b9phx2zn05q_dr_mcxm6_f3h0000gn/T/portable-reason-typecheck-h6xas6sh/after/compose/composition.py:7798: note: Possible overload variants:
/var/folders/6k/b9phx2zn05q_dr_mcxm6_f3h0000gn/T/portable-reason-typecheck-h6xas6sh/after/compose/composition.py:7798: note:     def safe_dump(data: Any, stream: _WriteStream[Any], *, default_style: str | None = ..., default_flow_style: bool | None = ..., canonical: bool | None = ..., indent: int | None = ..., width: int | float | None = ..., allow_unicode: bool | None = ..., line_break: str | None = ..., encoding: str | None = ..., explicit_start: bool | None = ..., explicit_end: bool | None = ..., version: tuple[int, int] | None = ..., tags: Mapping[str, str] | None = ..., sort_keys: bool = ...) -> None
/var/folders/6k/b9phx2zn05q_dr_mcxm6_f3h0000gn/T/portable-reason-typecheck-h6xas6sh/after/compose/composition.py:7798: note:     def safe_dump(data: Any, stream: None = ..., *, default_style: str | None = ..., default_flow_style: bool | None = ..., canonical: bool | None = ..., indent: int | None = ..., width: int | float | None = ..., allow_unicode: bool | None = ..., line_break: str | None = ..., encoding: None = ..., explicit_start: bool | None = ..., explicit_end: bool | None = ..., version: tuple[int, int] | None = ..., tags: Mapping[str, str] | None = ..., sort_keys: bool = ...) -> str
/var/folders/6k/b9phx2zn05q_dr_mcxm6_f3h0000gn/T/portable-reason-typecheck-h6xas6sh/after/compose/composition.py:7798: note:     def safe_dump(data: Any, stream: None = ..., *, default_style: str | None = ..., default_flow_style: bool | None = ..., canonical: bool | None = ..., indent: int | None = ..., width: int | float | None = ..., allow_unicode: bool | None = ..., line_break: str | None = ..., encoding: str, explicit_start: bool | None = ..., explicit_end: bool | None = ..., version: tuple[int, int] | None = ..., tags: Mapping[str, str] | None = ..., sort_keys: bool = ...) -> bytes
/var/folders/6k/b9phx2zn05q_dr_mcxm6_f3h0000gn/T/portable-reason-typecheck-h6xas6sh/after/compose/composition.py:7860: error: No overload variant of "safe_dump" matches argument types "Any", "dict[str, int]"  [call-overload]
/var/folders/6k/b9phx2zn05q_dr_mcxm6_f3h0000gn/T/portable-reason-typecheck-h6xas6sh/after/compose/composition.py:7860: note: Possible overload variants:
/var/folders/6k/b9phx2zn05q_dr_mcxm6_f3h0000gn/T/portable-reason-typecheck-h6xas6sh/after/compose/composition.py:7860: note:     def safe_dump(data: Any, stream: _WriteStream[Any], *, default_style: str | None = ..., default_flow_style: bool | None = ..., canonical: bool | None = ..., indent: int | None = ..., width: int | float | None = ..., allow_unicode: bool | None = ..., line_break: str | None = ..., encoding: str | None = ..., explicit_start: bool | None = ..., explicit_end: bool | None = ..., version: tuple[int, int] | None = ..., tags: Mapping[str, str] | None = ..., sort_keys: bool = ...) -> None
/var/folders/6k/b9phx2zn05q_dr_mcxm6_f3h0000gn/T/portable-reason-typecheck-h6xas6sh/after/compose/composition.py:7860: note:     def safe_dump(data: Any, stream: None = ..., *, default_style: str | None = ..., default_flow_style: bool | None = ..., canonical: bool | None = ..., indent: int | None = ..., width: int | float | None = ..., allow_unicode: bool | None = ..., line_break: str | None = ..., encoding: None = ..., explicit_start: bool | None = ..., explicit_end: bool | None = ..., version: tuple[int, int] | None = ..., tags: Mapping[str, str] | None = ..., sort_keys: bool = ...) -> str
/var/folders/6k/b9phx2zn05q_dr_mcxm6_f3h0000gn/T/portable-reason-typecheck-h6xas6sh/after/compose/composition.py:7860: note:     def safe_dump(data: Any, stream: None = ..., *, default_style: str | None = ..., default_flow_style: bool | None = ..., canonical: bool | None = ..., indent: int | None = ..., width: int | float | None = ..., allow_unicode: bool | None = ..., line_break: str | None = ..., encoding: str, explicit_start: bool | None = ..., explicit_end: bool | None = ..., version: tuple[int, int] | None = ..., tags: Mapping[str, str] | None = ..., sort_keys: bool = ...) -> bytes
/var/folders/6k/b9phx2zn05q_dr_mcxm6_f3h0000gn/T/portable-reason-typecheck-h6xas6sh/after/compose/composition.py:7881: error: Incompatible types in assignment (expression has type "bool", variable has type "Path")  [assignment]
/var/folders/6k/b9phx2zn05q_dr_mcxm6_f3h0000gn/T/portable-reason-typecheck-h6xas6sh/after/compose/composition.py:7883: error: No overload variant of "int" matches argument type "Path"  [call-overload]
/var/folders/6k/b9phx2zn05q_dr_mcxm6_f3h0000gn/T/portable-reason-typecheck-h6xas6sh/after/compose/composition.py:7883: note: Possible overload variants:
/var/folders/6k/b9phx2zn05q_dr_mcxm6_f3h0000gn/T/portable-reason-typecheck-h6xas6sh/after/compose/composition.py:7883: note:     def __new__(cls, str | Buffer | SupportsInt | SupportsIndex | SupportsTrunc = ..., /) -> int
/var/folders/6k/b9phx2zn05q_dr_mcxm6_f3h0000gn/T/portable-reason-typecheck-h6xas6sh/after/compose/composition.py:7883: note:     def __new__(cls, str | bytes | bytearray, /, base: SupportsIndex) -> int
/var/folders/6k/b9phx2zn05q_dr_mcxm6_f3h0000gn/T/portable-reason-typecheck-h6xas6sh/after/compose/composition.py:7889: error: Argument "legacy" to "old_rule_header" has incompatible type "Path"; expected "bool"  [arg-type]
/var/folders/6k/b9phx2zn05q_dr_mcxm6_f3h0000gn/T/portable-reason-typecheck-h6xas6sh/after/compose/composition.py:7892: error: No overload variant of "int" matches argument type "Path"  [call-overload]
/var/folders/6k/b9phx2zn05q_dr_mcxm6_f3h0000gn/T/portable-reason-typecheck-h6xas6sh/after/compose/composition.py:7892: note: Possible overload variants:
/var/folders/6k/b9phx2zn05q_dr_mcxm6_f3h0000gn/T/portable-reason-typecheck-h6xas6sh/after/compose/composition.py:7892: note:     def __new__(cls, str | Buffer | SupportsInt | SupportsIndex | SupportsTrunc = ..., /) -> int
/var/folders/6k/b9phx2zn05q_dr_mcxm6_f3h0000gn/T/portable-reason-typecheck-h6xas6sh/after/compose/composition.py:7892: note:     def __new__(cls, str | bytes | bytearray, /, base: SupportsIndex) -> int
/var/folders/6k/b9phx2zn05q_dr_mcxm6_f3h0000gn/T/portable-reason-typecheck-h6xas6sh/after/compose/composition.py:7902: error: Incompatible types in assignment (expression has type "dict[str, str]", variable has type "str")  [assignment]
/var/folders/6k/b9phx2zn05q_dr_mcxm6_f3h0000gn/T/portable-reason-typecheck-h6xas6sh/after/compose/composition.py:7919: error: No overload variant of "safe_dump" matches argument types "Any", "dict[str, int]"  [call-overload]
/var/folders/6k/b9phx2zn05q_dr_mcxm6_f3h0000gn/T/portable-reason-typecheck-h6xas6sh/after/compose/composition.py:7919: note: Possible overload variants:
/var/folders/6k/b9phx2zn05q_dr_mcxm6_f3h0000gn/T/portable-reason-typecheck-h6xas6sh/after/compose/composition.py:7919: note:     def safe_dump(data: Any, stream: _WriteStream[Any], *, default_style: str | None = ..., default_flow_style: bool | None = ..., canonical: bool | None = ..., indent: int | None = ..., width: int | float | None = ..., allow_unicode: bool | None = ..., line_break: str | None = ..., encoding: str | None = ..., explicit_start: bool | None = ..., explicit_end: bool | None = ..., version: tuple[int, int] | None = ..., tags: Mapping[str, str] | None = ..., sort_keys: bool = ...) -> None
/var/folders/6k/b9phx2zn05q_dr_mcxm6_f3h0000gn/T/portable-reason-typecheck-h6xas6sh/after/compose/composition.py:7919: note:     def safe_dump(data: Any, stream: None = ..., *, default_style: str | None = ..., default_flow_style: bool | None = ..., canonical: bool | None = ..., indent: int | None = ..., width: int | float | None = ..., allow_unicode: bool | None = ..., line_break: str | None = ..., encoding: None = ..., explicit_start: bool | None = ..., explicit_end: bool | None = ..., version: tuple[int, int] | None = ..., tags: Mapping[str, str] | None = ..., sort_keys: bool = ...) -> str
/var/folders/6k/b9phx2zn05q_dr_mcxm6_f3h0000gn/T/portable-reason-typecheck-h6xas6sh/after/compose/composition.py:7919: note:     def safe_dump(data: Any, stream: None = ..., *, default_style: str | None = ..., default_flow_style: bool | None = ..., canonical: bool | None = ..., indent: int | None = ..., width: int | float | None = ..., allow_unicode: bool | None = ..., line_break: str | None = ..., encoding: str, explicit_start: bool | None = ..., explicit_end: bool | None = ..., version: tuple[int, int] | None = ..., tags: Mapping[str, str] | None = ..., sort_keys: bool = ...) -> bytes
/var/folders/6k/b9phx2zn05q_dr_mcxm6_f3h0000gn/T/portable-reason-typecheck-h6xas6sh/after/compose/composition.py:8053: error: Incompatible types in assignment (expression has type "Path", variable has type "str")  [assignment]
/var/folders/6k/b9phx2zn05q_dr_mcxm6_f3h0000gn/T/portable-reason-typecheck-h6xas6sh/after/compose/composition.py:8054: error: Argument 1 to "_write_fixture_adopter" has incompatible type "str"; expected "Path"  [arg-type]
/var/folders/6k/b9phx2zn05q_dr_mcxm6_f3h0000gn/T/portable-reason-typecheck-h6xas6sh/after/compose/composition.py:8061: error: Argument 1 to "_write_namespace" has incompatible type "str"; expected "Path"  [arg-type]
/var/folders/6k/b9phx2zn05q_dr_mcxm6_f3h0000gn/T/portable-reason-typecheck-h6xas6sh/after/compose/composition.py:8062: error: Argument 1 to "compose" has incompatible type "str"; expected "Path"  [arg-type]
/var/folders/6k/b9phx2zn05q_dr_mcxm6_f3h0000gn/T/portable-reason-typecheck-h6xas6sh/after/compose/composition.py:8067: error: Argument 1 to "_commit_header" has incompatible type "str"; expected "Path"  [arg-type]
/var/folders/6k/b9phx2zn05q_dr_mcxm6_f3h0000gn/T/portable-reason-typecheck-h6xas6sh/after/compose/composition.py:8424: error: Invalid index type "str" for "str"; expected type "SupportsIndex | slice[Any, Any, Any]"  [index]
/var/folders/6k/b9phx2zn05q_dr_mcxm6_f3h0000gn/T/portable-reason-typecheck-h6xas6sh/after/compose/composition.py:8595: error: Incompatible types in assignment (expression has type "tuple[Any, Any]", variable has type "str")  [assignment]
/var/folders/6k/b9phx2zn05q_dr_mcxm6_f3h0000gn/T/portable-reason-typecheck-h6xas6sh/after/compose/composition.py:8611: error: No overload variant of "__getitem__" of "list" matches argument type "str"  [call-overload]
/var/folders/6k/b9phx2zn05q_dr_mcxm6_f3h0000gn/T/portable-reason-typecheck-h6xas6sh/after/compose/composition.py:8611: note: Possible overload variants:
/var/folders/6k/b9phx2zn05q_dr_mcxm6_f3h0000gn/T/portable-reason-typecheck-h6xas6sh/after/compose/composition.py:8611: note:     def __getitem__(self, SupportsIndex, /) -> Any
/var/folders/6k/b9phx2zn05q_dr_mcxm6_f3h0000gn/T/portable-reason-typecheck-h6xas6sh/after/compose/composition.py:8611: note:     def __getitem__(self, slice[Any, Any, Any], /) -> list[Any]
/var/folders/6k/b9phx2zn05q_dr_mcxm6_f3h0000gn/T/portable-reason-typecheck-h6xas6sh/after/compose/composition.py:8612: error: No overload variant of "__getitem__" of "list" matches argument type "str"  [call-overload]
/var/folders/6k/b9phx2zn05q_dr_mcxm6_f3h0000gn/T/portable-reason-typecheck-h6xas6sh/after/compose/composition.py:8612: note: Possible overload variants:
/var/folders/6k/b9phx2zn05q_dr_mcxm6_f3h0000gn/T/portable-reason-typecheck-h6xas6sh/after/compose/composition.py:8612: note:     def __getitem__(self, SupportsIndex, /) -> Any
/var/folders/6k/b9phx2zn05q_dr_mcxm6_f3h0000gn/T/portable-reason-typecheck-h6xas6sh/after/compose/composition.py:8612: note:     def __getitem__(self, slice[Any, Any, Any], /) -> list[Any]
/var/folders/6k/b9phx2zn05q_dr_mcxm6_f3h0000gn/T/portable-reason-typecheck-h6xas6sh/after/compose/composition.py:8613: error: No overload variant of "__getitem__" of "list" matches argument type "str"  [call-overload]
/var/folders/6k/b9phx2zn05q_dr_mcxm6_f3h0000gn/T/portable-reason-typecheck-h6xas6sh/after/compose/composition.py:8613: note: Possible overload variants:
/var/folders/6k/b9phx2zn05q_dr_mcxm6_f3h0000gn/T/portable-reason-typecheck-h6xas6sh/after/compose/composition.py:8613: note:     def __getitem__(self, SupportsIndex, /) -> Any
/var/folders/6k/b9phx2zn05q_dr_mcxm6_f3h0000gn/T/portable-reason-typecheck-h6xas6sh/after/compose/composition.py:8613: note:     def __getitem__(self, slice[Any, Any, Any], /) -> list[Any]
/var/folders/6k/b9phx2zn05q_dr_mcxm6_f3h0000gn/T/portable-reason-typecheck-h6xas6sh/after/compose/composition.py:8617: error: No overload variant of "__getitem__" of "list" matches argument type "str"  [call-overload]
/var/folders/6k/b9phx2zn05q_dr_mcxm6_f3h0000gn/T/portable-reason-typecheck-h6xas6sh/after/compose/composition.py:8617: note: Possible overload variants:
/var/folders/6k/b9phx2zn05q_dr_mcxm6_f3h0000gn/T/portable-reason-typecheck-h6xas6sh/after/compose/composition.py:8617: note:     def __getitem__(self, SupportsIndex, /) -> Any
/var/folders/6k/b9phx2zn05q_dr_mcxm6_f3h0000gn/T/portable-reason-typecheck-h6xas6sh/after/compose/composition.py:8617: note:     def __getitem__(self, slice[Any, Any, Any], /) -> list[Any]
/var/folders/6k/b9phx2zn05q_dr_mcxm6_f3h0000gn/T/portable-reason-typecheck-h6xas6sh/after/compose/composition.py:8618: error: No overload variant of "__getitem__" of "list" matches argument type "str"  [call-overload]
/var/folders/6k/b9phx2zn05q_dr_mcxm6_f3h0000gn/T/portable-reason-typecheck-h6xas6sh/after/compose/composition.py:8618: note: Possible overload variants:
/var/folders/6k/b9phx2zn05q_dr_mcxm6_f3h0000gn/T/portable-reason-typecheck-h6xas6sh/after/compose/composition.py:8618: note:     def __getitem__(self, SupportsIndex, /) -> Any
/var/folders/6k/b9phx2zn05q_dr_mcxm6_f3h0000gn/T/portable-reason-typecheck-h6xas6sh/after/compose/composition.py:8618: note:     def __getitem__(self, slice[Any, Any, Any], /) -> list[Any]
/var/folders/6k/b9phx2zn05q_dr_mcxm6_f3h0000gn/T/portable-reason-typecheck-h6xas6sh/after/compose/composition.py:8863: error: Incompatible types in assignment (expression has type "dict[str, str]", variable has type "Path")  [assignment]
/var/folders/6k/b9phx2zn05q_dr_mcxm6_f3h0000gn/T/portable-reason-typecheck-h6xas6sh/after/compose/composition.py:8864: error: "Path" has no attribute "items"  [attr-defined]
/var/folders/6k/b9phx2zn05q_dr_mcxm6_f3h0000gn/T/portable-reason-typecheck-h6xas6sh/after/compose/composition.py:8883: error: Incompatible types in assignment (expression has type "dict[tuple[Any, Any], Any]", variable has type "list[Any]")  [assignment]
/var/folders/6k/b9phx2zn05q_dr_mcxm6_f3h0000gn/T/portable-reason-typecheck-h6xas6sh/after/compose/composition.py:8886: error: No overload variant of "__getitem__" of "list" matches argument type "tuple[Any, Any]"  [call-overload]
/var/folders/6k/b9phx2zn05q_dr_mcxm6_f3h0000gn/T/portable-reason-typecheck-h6xas6sh/after/compose/composition.py:8886: note: Possible overload variants:
/var/folders/6k/b9phx2zn05q_dr_mcxm6_f3h0000gn/T/portable-reason-typecheck-h6xas6sh/after/compose/composition.py:8886: note:     def __getitem__(self, SupportsIndex, /) -> Any
/var/folders/6k/b9phx2zn05q_dr_mcxm6_f3h0000gn/T/portable-reason-typecheck-h6xas6sh/after/compose/composition.py:8886: note:     def __getitem__(self, slice[Any, Any, Any], /) -> list[Any]
/var/folders/6k/b9phx2zn05q_dr_mcxm6_f3h0000gn/T/portable-reason-typecheck-h6xas6sh/after/compose/composition.py:8890: error: Argument 1 to "isclose" has incompatible type "dict[Any, Any]"; expected "SupportsFloat | SupportsIndex"  [arg-type]
/var/folders/6k/b9phx2zn05q_dr_mcxm6_f3h0000gn/T/portable-reason-typecheck-h6xas6sh/after/compose/composition.py:8924: error: Incompatible types in assignment (expression has type "str", variable has type "Path")  [assignment]
/var/folders/6k/b9phx2zn05q_dr_mcxm6_f3h0000gn/T/portable-reason-typecheck-h6xas6sh/after/compose/composition.py:8968: error: No overload variant of "safe_dump" matches argument types "Any", "dict[str, int]"  [call-overload]
/var/folders/6k/b9phx2zn05q_dr_mcxm6_f3h0000gn/T/portable-reason-typecheck-h6xas6sh/after/compose/composition.py:8968: note: Possible overload variants:
/var/folders/6k/b9phx2zn05q_dr_mcxm6_f3h0000gn/T/portable-reason-typecheck-h6xas6sh/after/compose/composition.py:8968: note:     def safe_dump(data: Any, stream: _WriteStream[Any], *, default_style: str | None = ..., default_flow_style: bool | None = ..., canonical: bool | None = ..., indent: int | None = ..., width: int | float | None = ..., allow_unicode: bool | None = ..., line_break: str | None = ..., encoding: str | None = ..., explicit_start: bool | None = ..., explicit_end: bool | None = ..., version: tuple[int, int] | None = ..., tags: Mapping[str, str] | None = ..., sort_keys: bool = ...) -> None
/var/folders/6k/b9phx2zn05q_dr_mcxm6_f3h0000gn/T/portable-reason-typecheck-h6xas6sh/after/compose/composition.py:8968: note:     def safe_dump(data: Any, stream: None = ..., *, default_style: str | None = ..., default_flow_style: bool | None = ..., canonical: bool | None = ..., indent: int | None = ..., width: int | float | None = ..., allow_unicode: bool | None = ..., line_break: str | None = ..., encoding: None = ..., explicit_start: bool | None = ..., explicit_end: bool | None = ..., version: tuple[int, int] | None = ..., tags: Mapping[str, str] | None = ..., sort_keys: bool = ...) -> str
/var/folders/6k/b9phx2zn05q_dr_mcxm6_f3h0000gn/T/portable-reason-typecheck-h6xas6sh/after/compose/composition.py:8968: note:     def safe_dump(data: Any, stream: None = ..., *, default_style: str | None = ..., default_flow_style: bool | None = ..., canonical: bool | None = ..., indent: int | None = ..., width: int | float | None = ..., allow_unicode: bool | None = ..., line_break: str | None = ..., encoding: str, explicit_start: bool | None = ..., explicit_end: bool | None = ..., version: tuple[int, int] | None = ..., tags: Mapping[str, str] | None = ..., sort_keys: bool = ...) -> bytes
/var/folders/6k/b9phx2zn05q_dr_mcxm6_f3h0000gn/T/portable-reason-typecheck-h6xas6sh/after/compose/composition.py:8971: error: Incompatible types in assignment (expression has type "dict[Any, Any]", variable has type "Path")  [assignment]
/var/folders/6k/b9phx2zn05q_dr_mcxm6_f3h0000gn/T/portable-reason-typecheck-h6xas6sh/after/compose/composition.py:8972: error: Value of type "Path" is not indexable  [index]
/var/folders/6k/b9phx2zn05q_dr_mcxm6_f3h0000gn/T/portable-reason-typecheck-h6xas6sh/after/compose/composition.py:8973: error: Value of type "Path" is not indexable  [index]
/var/folders/6k/b9phx2zn05q_dr_mcxm6_f3h0000gn/T/portable-reason-typecheck-h6xas6sh/after/compose/composition.py:8974: error: Value of type "Path" is not indexable  [index]
/var/folders/6k/b9phx2zn05q_dr_mcxm6_f3h0000gn/T/portable-reason-typecheck-h6xas6sh/after/compose/composition.py:8975: error: Value of type "Path" is not indexable  [index]
/var/folders/6k/b9phx2zn05q_dr_mcxm6_f3h0000gn/T/portable-reason-typecheck-h6xas6sh/after/compose/composition.py:8976: error: Value of type "Path" is not indexable  [index]
/var/folders/6k/b9phx2zn05q_dr_mcxm6_f3h0000gn/T/portable-reason-typecheck-h6xas6sh/after/compose/composition.py:9009: error: No overload variant of "safe_dump" matches argument types "Any", "dict[str, int]"  [call-overload]
/var/folders/6k/b9phx2zn05q_dr_mcxm6_f3h0000gn/T/portable-reason-typecheck-h6xas6sh/after/compose/composition.py:9009: note: Possible overload variants:
/var/folders/6k/b9phx2zn05q_dr_mcxm6_f3h0000gn/T/portable-reason-typecheck-h6xas6sh/after/compose/composition.py:9009: note:     def safe_dump(data: Any, stream: _WriteStream[Any], *, default_style: str | None = ..., default_flow_style: bool | None = ..., canonical: bool | None = ..., indent: int | None = ..., width: int | float | None = ..., allow_unicode: bool | None = ..., line_break: str | None = ..., encoding: str | None = ..., explicit_start: bool | None = ..., explicit_end: bool | None = ..., version: tuple[int, int] | None = ..., tags: Mapping[str, str] | None = ..., sort_keys: bool = ...) -> None
/var/folders/6k/b9phx2zn05q_dr_mcxm6_f3h0000gn/T/portable-reason-typecheck-h6xas6sh/after/compose/composition.py:9009: note:     def safe_dump(data: Any, stream: None = ..., *, default_style: str | None = ..., default_flow_style: bool | None = ..., canonical: bool | None = ..., indent: int | None = ..., width: int | float | None = ..., allow_unicode: bool | None = ..., line_break: str | None = ..., encoding: None = ..., explicit_start: bool | None = ..., explicit_end: bool | None = ..., version: tuple[int, int] | None = ..., tags: Mapping[str, str] | None = ..., sort_keys: bool = ...) -> str
/var/folders/6k/b9phx2zn05q_dr_mcxm6_f3h0000gn/T/portable-reason-typecheck-h6xas6sh/after/compose/composition.py:9009: note:     def safe_dump(data: Any, stream: None = ..., *, default_style: str | None = ..., default_flow_style: bool | None = ..., canonical: bool | None = ..., indent: int | None = ..., width: int | float | None = ..., allow_unicode: bool | None = ..., line_break: str | None = ..., encoding: str, explicit_start: bool | None = ..., explicit_end: bool | None = ..., version: tuple[int, int] | None = ..., tags: Mapping[str, str] | None = ..., sort_keys: bool = ...) -> bytes
/var/folders/6k/b9phx2zn05q_dr_mcxm6_f3h0000gn/T/portable-reason-typecheck-h6xas6sh/after/compose/composition.py:9064: error: Item "None" of "Match[str] | None" has no attribute "group"  [union-attr]
/var/folders/6k/b9phx2zn05q_dr_mcxm6_f3h0000gn/T/portable-reason-typecheck-h6xas6sh/after/compose/composition.py:9068: error: Item "None" of "Match[str] | None" has no attribute "group"  [union-attr]
/var/folders/6k/b9phx2zn05q_dr_mcxm6_f3h0000gn/T/portable-reason-typecheck-h6xas6sh/after/compose/composition.py:9129: error: Item "None" of "Match[str] | None" has no attribute "group"  [union-attr]
/var/folders/6k/b9phx2zn05q_dr_mcxm6_f3h0000gn/T/portable-reason-typecheck-h6xas6sh/after/compose/composition.py:9135: error: Incompatible types in assignment (expression has type "str", variable has type "Path")  [assignment]
/var/folders/6k/b9phx2zn05q_dr_mcxm6_f3h0000gn/T/portable-reason-typecheck-h6xas6sh/after/compose/composition.py:9139: error: Incompatible types in assignment (expression has type "tuple[dict[Any, Any] | None, dict[Any, Any]]", variable has type "dict[Any, Any]")  [assignment]
/var/folders/6k/b9phx2zn05q_dr_mcxm6_f3h0000gn/T/portable-reason-typecheck-h6xas6sh/after/compose/composition.py:9447: error: Unsupported target for indexed assignment ("Collection[str]")  [index]
Found 131 errors in 1 file (checked 1 source file)
