/var/folders/6k/b9phx2zn05q_dr_mcxm6_f3h0000gn/T/portable-reason-typecheck-h6xas6sh/before/compose/composition.py:693: error: Incompatible types in assignment (expression has type "Path | None", variable has type "Path")  [assignment]
/var/folders/6k/b9phx2zn05q_dr_mcxm6_f3h0000gn/T/portable-reason-typecheck-h6xas6sh/before/compose/composition.py:734: error: Argument 1 to "get" of "dict" has incompatible type "Any | None"; expected "str"  [arg-type]
/var/folders/6k/b9phx2zn05q_dr_mcxm6_f3h0000gn/T/portable-reason-typecheck-h6xas6sh/before/compose/composition.py:872: error: Argument 2 to "feed_file" has incompatible type "str | None"; expected "str"  [arg-type]
/var/folders/6k/b9phx2zn05q_dr_mcxm6_f3h0000gn/T/portable-reason-typecheck-h6xas6sh/before/compose/composition.py:909: error: Argument 1 to "get" of "dict" has incompatible type "tuple[str | None, str]"; expected "tuple[str, str]"  [arg-type]
/var/folders/6k/b9phx2zn05q_dr_mcxm6_f3h0000gn/T/portable-reason-typecheck-h6xas6sh/before/compose/composition.py:919: error: Argument 1 to "get" of "dict" has incompatible type "str | None"; expected "str"  [arg-type]
/var/folders/6k/b9phx2zn05q_dr_mcxm6_f3h0000gn/T/portable-reason-typecheck-h6xas6sh/before/compose/composition.py:1323: error: Argument 1 to "module_from_spec" has incompatible type "ModuleSpec | None"; expected "ModuleSpec"  [arg-type]
/var/folders/6k/b9phx2zn05q_dr_mcxm6_f3h0000gn/T/portable-reason-typecheck-h6xas6sh/before/compose/composition.py:1324: error: Item "None" of "ModuleSpec | None" has no attribute "loader"  [union-attr]
/var/folders/6k/b9phx2zn05q_dr_mcxm6_f3h0000gn/T/portable-reason-typecheck-h6xas6sh/before/compose/composition.py:1324: error: Item "None" of "Loader | Any | None" has no attribute "exec_module"  [union-attr]
/var/folders/6k/b9phx2zn05q_dr_mcxm6_f3h0000gn/T/portable-reason-typecheck-h6xas6sh/before/compose/composition.py:1446: error: Argument 1 to "module_from_spec" has incompatible type "ModuleSpec | None"; expected "ModuleSpec"  [arg-type]
/var/folders/6k/b9phx2zn05q_dr_mcxm6_f3h0000gn/T/portable-reason-typecheck-h6xas6sh/before/compose/composition.py:1447: error: Item "None" of "ModuleSpec | None" has no attribute "loader"  [union-attr]
/var/folders/6k/b9phx2zn05q_dr_mcxm6_f3h0000gn/T/portable-reason-typecheck-h6xas6sh/before/compose/composition.py:1447: error: Item "None" of "Loader | Any | None" has no attribute "exec_module"  [union-attr]
/var/folders/6k/b9phx2zn05q_dr_mcxm6_f3h0000gn/T/portable-reason-typecheck-h6xas6sh/before/compose/composition.py:1987: error: Argument 1 to "module_from_spec" has incompatible type "ModuleSpec | None"; expected "ModuleSpec"  [arg-type]
/var/folders/6k/b9phx2zn05q_dr_mcxm6_f3h0000gn/T/portable-reason-typecheck-h6xas6sh/before/compose/composition.py:1988: error: Item "None" of "ModuleSpec | None" has no attribute "loader"  [union-attr]
/var/folders/6k/b9phx2zn05q_dr_mcxm6_f3h0000gn/T/portable-reason-typecheck-h6xas6sh/before/compose/composition.py:1988: error: Item "None" of "Loader | Any | None" has no attribute "exec_module"  [union-attr]
/var/folders/6k/b9phx2zn05q_dr_mcxm6_f3h0000gn/T/portable-reason-typecheck-h6xas6sh/before/compose/composition.py:3038: error: Argument 1 to "module_from_spec" has incompatible type "ModuleSpec | None"; expected "ModuleSpec"  [arg-type]
/var/folders/6k/b9phx2zn05q_dr_mcxm6_f3h0000gn/T/portable-reason-typecheck-h6xas6sh/before/compose/composition.py:3039: error: Item "None" of "ModuleSpec | None" has no attribute "loader"  [union-attr]
/var/folders/6k/b9phx2zn05q_dr_mcxm6_f3h0000gn/T/portable-reason-typecheck-h6xas6sh/before/compose/composition.py:3039: error: Item "None" of "Loader | Any | None" has no attribute "exec_module"  [union-attr]
/var/folders/6k/b9phx2zn05q_dr_mcxm6_f3h0000gn/T/portable-reason-typecheck-h6xas6sh/before/compose/composition.py:3196: error: Value of type "dict[Any, Any] | None" is not indexable  [index]
/var/folders/6k/b9phx2zn05q_dr_mcxm6_f3h0000gn/T/portable-reason-typecheck-h6xas6sh/before/compose/composition.py:3197: error: Value of type "dict[Any, Any] | None" is not indexable  [index]
/var/folders/6k/b9phx2zn05q_dr_mcxm6_f3h0000gn/T/portable-reason-typecheck-h6xas6sh/before/compose/composition.py:3622: error: Argument 5 to "_price_entry" has incompatible type "None"; expected "float"  [arg-type]
/var/folders/6k/b9phx2zn05q_dr_mcxm6_f3h0000gn/T/portable-reason-typecheck-h6xas6sh/before/compose/composition.py:3688: error: Argument 1 to "_previous_pin_hole" has incompatible type "list[dict[Any, Any]] | None"; expected "list[dict[Any, Any]]"  [arg-type]
/var/folders/6k/b9phx2zn05q_dr_mcxm6_f3h0000gn/T/portable-reason-typecheck-h6xas6sh/before/compose/composition.py:3701: error: Argument 1 to "module_from_spec" has incompatible type "ModuleSpec | None"; expected "ModuleSpec"  [arg-type]
/var/folders/6k/b9phx2zn05q_dr_mcxm6_f3h0000gn/T/portable-reason-typecheck-h6xas6sh/before/compose/composition.py:3701: error: Item "None" of "ModuleSpec | None" has no attribute "loader"  [union-attr]
/var/folders/6k/b9phx2zn05q_dr_mcxm6_f3h0000gn/T/portable-reason-typecheck-h6xas6sh/before/compose/composition.py:3701: error: Item "None" of "Loader | Any | None" has no attribute "exec_module"  [union-attr]
/var/folders/6k/b9phx2zn05q_dr_mcxm6_f3h0000gn/T/portable-reason-typecheck-h6xas6sh/before/compose/composition.py:3821: error: Dict entry 4 has incompatible type "str": "bool"; expected "str": "str | None"  [dict-item]
/var/folders/6k/b9phx2zn05q_dr_mcxm6_f3h0000gn/T/portable-reason-typecheck-h6xas6sh/before/compose/composition.py:3926: error: Argument 1 to "module_from_spec" has incompatible type "ModuleSpec | None"; expected "ModuleSpec"  [arg-type]
/var/folders/6k/b9phx2zn05q_dr_mcxm6_f3h0000gn/T/portable-reason-typecheck-h6xas6sh/before/compose/composition.py:3927: error: Item "None" of "ModuleSpec | None" has no attribute "loader"  [union-attr]
/var/folders/6k/b9phx2zn05q_dr_mcxm6_f3h0000gn/T/portable-reason-typecheck-h6xas6sh/before/compose/composition.py:3927: error: Item "None" of "Loader | Any | None" has no attribute "exec_module"  [union-attr]
/var/folders/6k/b9phx2zn05q_dr_mcxm6_f3h0000gn/T/portable-reason-typecheck-h6xas6sh/before/compose/composition.py:4170: error: List comprehension has incompatible type List[Any | None]; expected List[str]  [misc]
/var/folders/6k/b9phx2zn05q_dr_mcxm6_f3h0000gn/T/portable-reason-typecheck-h6xas6sh/before/compose/composition.py:4177: error: Item "None" of "Any | dict[Any, Any] | None" has no attribute "items"  [union-attr]
/var/folders/6k/b9phx2zn05q_dr_mcxm6_f3h0000gn/T/portable-reason-typecheck-h6xas6sh/before/compose/composition.py:4182: error: "Sequence[str]" has no attribute "append"  [attr-defined]
/var/folders/6k/b9phx2zn05q_dr_mcxm6_f3h0000gn/T/portable-reason-typecheck-h6xas6sh/before/compose/composition.py:4184: error: Argument 1 to "len" has incompatible type "Any | dict[Any, Any] | None"; expected "Sized"  [arg-type]
/var/folders/6k/b9phx2zn05q_dr_mcxm6_f3h0000gn/T/portable-reason-typecheck-h6xas6sh/before/compose/composition.py:4201: error: Item "None" of "Any | dict[Any, Any] | None" has no attribute "items"  [union-attr]
/var/folders/6k/b9phx2zn05q_dr_mcxm6_f3h0000gn/T/portable-reason-typecheck-h6xas6sh/before/compose/composition.py:4393: error: Argument 5 to "_price_entry" has incompatible type "None"; expected "float"  [arg-type]
/var/folders/6k/b9phx2zn05q_dr_mcxm6_f3h0000gn/T/portable-reason-typecheck-h6xas6sh/before/compose/composition.py:4516: error: Argument 1 to "int" has incompatible type "Any | None"; expected "str | Buffer | SupportsInt | SupportsIndex | SupportsTrunc"  [arg-type]
/var/folders/6k/b9phx2zn05q_dr_mcxm6_f3h0000gn/T/portable-reason-typecheck-h6xas6sh/before/compose/composition.py:4715: error: Argument 2 to "feed_file" has incompatible type "str | None"; expected "str"  [arg-type]
/var/folders/6k/b9phx2zn05q_dr_mcxm6_f3h0000gn/T/portable-reason-typecheck-h6xas6sh/before/compose/composition.py:4720: error: Argument 2 to "load_feed_payload" has incompatible type "str | None"; expected "str"  [arg-type]
/var/folders/6k/b9phx2zn05q_dr_mcxm6_f3h0000gn/T/portable-reason-typecheck-h6xas6sh/before/compose/composition.py:4743: error: Argument 3 to "pin_signature_state" has incompatible type "str | None"; expected "str"  [arg-type]
/var/folders/6k/b9phx2zn05q_dr_mcxm6_f3h0000gn/T/portable-reason-typecheck-h6xas6sh/before/compose/composition.py:4746: error: Argument 3 to "_previous_pin_hole" has incompatible type "str | None"; expected "str"  [arg-type]
/var/folders/6k/b9phx2zn05q_dr_mcxm6_f3h0000gn/T/portable-reason-typecheck-h6xas6sh/before/compose/composition.py:4747: error: Argument "name" to "untagged_pin_hole" has incompatible type "str | None"; expected "str"  [arg-type]
/var/folders/6k/b9phx2zn05q_dr_mcxm6_f3h0000gn/T/portable-reason-typecheck-h6xas6sh/before/compose/composition.py:4953: error: Argument 2 to "_converted" has incompatible type "Any | str | None"; expected "str"  [arg-type]
/var/folders/6k/b9phx2zn05q_dr_mcxm6_f3h0000gn/T/portable-reason-typecheck-h6xas6sh/before/compose/composition.py:5187: error: Argument 5 to "_price_entry" has incompatible type "float | None"; expected "float"  [arg-type]
/var/folders/6k/b9phx2zn05q_dr_mcxm6_f3h0000gn/T/portable-reason-typecheck-h6xas6sh/before/compose/composition.py:5195: error: Argument 1 to "get" of "dict" has incompatible type "str | None"; expected "str"  [arg-type]
/var/folders/6k/b9phx2zn05q_dr_mcxm6_f3h0000gn/T/portable-reason-typecheck-h6xas6sh/before/compose/composition.py:5585: error: Assignment to variable "e" outside except: block  [misc]
/var/folders/6k/b9phx2zn05q_dr_mcxm6_f3h0000gn/T/portable-reason-typecheck-h6xas6sh/before/compose/composition.py:5586: error: Trying to read deleted variable "e"  [misc]
/var/folders/6k/b9phx2zn05q_dr_mcxm6_f3h0000gn/T/portable-reason-typecheck-h6xas6sh/before/compose/composition.py:5652: error: Incompatible types in assignment (expression has type "tuple[Any, Any]", variable has type "tuple[Any, str, str]")  [assignment]
/var/folders/6k/b9phx2zn05q_dr_mcxm6_f3h0000gn/T/portable-reason-typecheck-h6xas6sh/before/compose/composition.py:5697: error: Trying to read deleted variable "e"  [misc]
/var/folders/6k/b9phx2zn05q_dr_mcxm6_f3h0000gn/T/portable-reason-typecheck-h6xas6sh/before/compose/composition.py:5814: error: No overload variant of "safe_dump" matches argument types "dict[Any, Any]", "dict[str, int]"  [call-overload]
/var/folders/6k/b9phx2zn05q_dr_mcxm6_f3h0000gn/T/portable-reason-typecheck-h6xas6sh/before/compose/composition.py:5814: note: Possible overload variants:
/var/folders/6k/b9phx2zn05q_dr_mcxm6_f3h0000gn/T/portable-reason-typecheck-h6xas6sh/before/compose/composition.py:5814: note:     def safe_dump(data: Any, stream: _WriteStream[Any], *, default_style: str | None = ..., default_flow_style: bool | None = ..., canonical: bool | None = ..., indent: int | None = ..., width: int | float | None = ..., allow_unicode: bool | None = ..., line_break: str | None = ..., encoding: str | None = ..., explicit_start: bool | None = ..., explicit_end: bool | None = ..., version: tuple[int, int] | None = ..., tags: Mapping[str, str] | None = ..., sort_keys: bool = ...) -> None
/var/folders/6k/b9phx2zn05q_dr_mcxm6_f3h0000gn/T/portable-reason-typecheck-h6xas6sh/before/compose/composition.py:5814: note:     def safe_dump(data: Any, stream: None = ..., *, default_style: str | None = ..., default_flow_style: bool | None = ..., canonical: bool | None = ..., indent: int | None = ..., width: int | float | None = ..., allow_unicode: bool | None = ..., line_break: str | None = ..., encoding: None = ..., explicit_start: bool | None = ..., explicit_end: bool | None = ..., version: tuple[int, int] | None = ..., tags: Mapping[str, str] | None = ..., sort_keys: bool = ...) -> str
/var/folders/6k/b9phx2zn05q_dr_mcxm6_f3h0000gn/T/portable-reason-typecheck-h6xas6sh/before/compose/composition.py:5814: note:     def safe_dump(data: Any, stream: None = ..., *, default_style: str | None = ..., default_flow_style: bool | None = ..., canonical: bool | None = ..., indent: int | None = ..., width: int | float | None = ..., allow_unicode: bool | None = ..., line_break: str | None = ..., encoding: str, explicit_start: bool | None = ..., explicit_end: bool | None = ..., version: tuple[int, int] | None = ..., tags: Mapping[str, str] | None = ..., sort_keys: bool = ...) -> bytes
/var/folders/6k/b9phx2zn05q_dr_mcxm6_f3h0000gn/T/portable-reason-typecheck-h6xas6sh/before/compose/composition.py:5823: error: No overload variant of "safe_dump" matches argument types "dict[Any, Any]", "dict[str, int]"  [call-overload]
/var/folders/6k/b9phx2zn05q_dr_mcxm6_f3h0000gn/T/portable-reason-typecheck-h6xas6sh/before/compose/composition.py:5823: note: Possible overload variants:
/var/folders/6k/b9phx2zn05q_dr_mcxm6_f3h0000gn/T/portable-reason-typecheck-h6xas6sh/before/compose/composition.py:5823: note:     def safe_dump(data: Any, stream: _WriteStream[Any], *, default_style: str | None = ..., default_flow_style: bool | None = ..., canonical: bool | None = ..., indent: int | None = ..., width: int | float | None = ..., allow_unicode: bool | None = ..., line_break: str | None = ..., encoding: str | None = ..., explicit_start: bool | None = ..., explicit_end: bool | None = ..., version: tuple[int, int] | None = ..., tags: Mapping[str, str] | None = ..., sort_keys: bool = ...) -> None
/var/folders/6k/b9phx2zn05q_dr_mcxm6_f3h0000gn/T/portable-reason-typecheck-h6xas6sh/before/compose/composition.py:5823: note:     def safe_dump(data: Any, stream: None = ..., *, default_style: str | None = ..., default_flow_style: bool | None = ..., canonical: bool | None = ..., indent: int | None = ..., width: int | float | None = ..., allow_unicode: bool | None = ..., line_break: str | None = ..., encoding: None = ..., explicit_start: bool | None = ..., explicit_end: bool | None = ..., version: tuple[int, int] | None = ..., tags: Mapping[str, str] | None = ..., sort_keys: bool = ...) -> str
/var/folders/6k/b9phx2zn05q_dr_mcxm6_f3h0000gn/T/portable-reason-typecheck-h6xas6sh/before/compose/composition.py:5823: note:     def safe_dump(data: Any, stream: None = ..., *, default_style: str | None = ..., default_flow_style: bool | None = ..., canonical: bool | None = ..., indent: int | None = ..., width: int | float | None = ..., allow_unicode: bool | None = ..., line_break: str | None = ..., encoding: str, explicit_start: bool | None = ..., explicit_end: bool | None = ..., version: tuple[int, int] | None = ..., tags: Mapping[str, str] | None = ..., sort_keys: bool = ...) -> bytes
/var/folders/6k/b9phx2zn05q_dr_mcxm6_f3h0000gn/T/portable-reason-typecheck-h6xas6sh/before/compose/composition.py:5905: error: No overload variant of "safe_dump" matches argument types "dict[str, Any]", "dict[str, int]"  [call-overload]
/var/folders/6k/b9phx2zn05q_dr_mcxm6_f3h0000gn/T/portable-reason-typecheck-h6xas6sh/before/compose/composition.py:5905: note: Possible overload variants:
/var/folders/6k/b9phx2zn05q_dr_mcxm6_f3h0000gn/T/portable-reason-typecheck-h6xas6sh/before/compose/composition.py:5905: note:     def safe_dump(data: Any, stream: _WriteStream[Any], *, default_style: str | None = ..., default_flow_style: bool | None = ..., canonical: bool | None = ..., indent: int | None = ..., width: int | float | None = ..., allow_unicode: bool | None = ..., line_break: str | None = ..., encoding: str | None = ..., explicit_start: bool | None = ..., explicit_end: bool | None = ..., version: tuple[int, int] | None = ..., tags: Mapping[str, str] | None = ..., sort_keys: bool = ...) -> None
/var/folders/6k/b9phx2zn05q_dr_mcxm6_f3h0000gn/T/portable-reason-typecheck-h6xas6sh/before/compose/composition.py:5905: note:     def safe_dump(data: Any, stream: None = ..., *, default_style: str | None = ..., default_flow_style: bool | None = ..., canonical: bool | None = ..., indent: int | None = ..., width: int | float | None = ..., allow_unicode: bool | None = ..., line_break: str | None = ..., encoding: None = ..., explicit_start: bool | None = ..., explicit_end: bool | None = ..., version: tuple[int, int] | None = ..., tags: Mapping[str, str] | None = ..., sort_keys: bool = ...) -> str
/var/folders/6k/b9phx2zn05q_dr_mcxm6_f3h0000gn/T/portable-reason-typecheck-h6xas6sh/before/compose/composition.py:5905: note:     def safe_dump(data: Any, stream: None = ..., *, default_style: str | None = ..., default_flow_style: bool | None = ..., canonical: bool | None = ..., indent: int | None = ..., width: int | float | None = ..., allow_unicode: bool | None = ..., line_break: str | None = ..., encoding: str, explicit_start: bool | None = ..., explicit_end: bool | None = ..., version: tuple[int, int] | None = ..., tags: Mapping[str, str] | None = ..., sort_keys: bool = ...) -> bytes
/var/folders/6k/b9phx2zn05q_dr_mcxm6_f3h0000gn/T/portable-reason-typecheck-h6xas6sh/before/compose/composition.py:6589: error: No overload variant of "safe_dump" matches argument types "Any", "dict[str, int]"  [call-overload]
/var/folders/6k/b9phx2zn05q_dr_mcxm6_f3h0000gn/T/portable-reason-typecheck-h6xas6sh/before/compose/composition.py:6589: note: Possible overload variants:
/var/folders/6k/b9phx2zn05q_dr_mcxm6_f3h0000gn/T/portable-reason-typecheck-h6xas6sh/before/compose/composition.py:6589: note:     def safe_dump(data: Any, stream: _WriteStream[Any], *, default_style: str | None = ..., default_flow_style: bool | None = ..., canonical: bool | None = ..., indent: int | None = ..., width: int | float | None = ..., allow_unicode: bool | None = ..., line_break: str | None = ..., encoding: str | None = ..., explicit_start: bool | None = ..., explicit_end: bool | None = ..., version: tuple[int, int] | None = ..., tags: Mapping[str, str] | None = ..., sort_keys: bool = ...) -> None
/var/folders/6k/b9phx2zn05q_dr_mcxm6_f3h0000gn/T/portable-reason-typecheck-h6xas6sh/before/compose/composition.py:6589: note:     def safe_dump(data: Any, stream: None = ..., *, default_style: str | None = ..., default_flow_style: bool | None = ..., canonical: bool | None = ..., indent: int | None = ..., width: int | float | None = ..., allow_unicode: bool | None = ..., line_break: str | None = ..., encoding: None = ..., explicit_start: bool | None = ..., explicit_end: bool | None = ..., version: tuple[int, int] | None = ..., tags: Mapping[str, str] | None = ..., sort_keys: bool = ...) -> str
/var/folders/6k/b9phx2zn05q_dr_mcxm6_f3h0000gn/T/portable-reason-typecheck-h6xas6sh/before/compose/composition.py:6589: note:     def safe_dump(data: Any, stream: None = ..., *, default_style: str | None = ..., default_flow_style: bool | None = ..., canonical: bool | None = ..., indent: int | None = ..., width: int | float | None = ..., allow_unicode: bool | None = ..., line_break: str | None = ..., encoding: str, explicit_start: bool | None = ..., explicit_end: bool | None = ..., version: tuple[int, int] | None = ..., tags: Mapping[str, str] | None = ..., sort_keys: bool = ...) -> bytes
/var/folders/6k/b9phx2zn05q_dr_mcxm6_f3h0000gn/T/portable-reason-typecheck-h6xas6sh/before/compose/composition.py:6618: error: No overload variant of "__getitem__" of "list" matches argument type "str"  [call-overload]
/var/folders/6k/b9phx2zn05q_dr_mcxm6_f3h0000gn/T/portable-reason-typecheck-h6xas6sh/before/compose/composition.py:6618: note: Possible overload variants:
/var/folders/6k/b9phx2zn05q_dr_mcxm6_f3h0000gn/T/portable-reason-typecheck-h6xas6sh/before/compose/composition.py:6618: note:     def __getitem__(self, SupportsIndex, /) -> Any
/var/folders/6k/b9phx2zn05q_dr_mcxm6_f3h0000gn/T/portable-reason-typecheck-h6xas6sh/before/compose/composition.py:6618: note:     def __getitem__(self, slice[Any, Any, Any], /) -> list[Any]
/var/folders/6k/b9phx2zn05q_dr_mcxm6_f3h0000gn/T/portable-reason-typecheck-h6xas6sh/before/compose/composition.py:6619: error: "list[Any]" has no attribute "get"  [attr-defined]
/var/folders/6k/b9phx2zn05q_dr_mcxm6_f3h0000gn/T/portable-reason-typecheck-h6xas6sh/before/compose/composition.py:6620: error: No overload variant of "__getitem__" of "list" matches argument type "str"  [call-overload]
/var/folders/6k/b9phx2zn05q_dr_mcxm6_f3h0000gn/T/portable-reason-typecheck-h6xas6sh/before/compose/composition.py:6620: note: Possible overload variants:
/var/folders/6k/b9phx2zn05q_dr_mcxm6_f3h0000gn/T/portable-reason-typecheck-h6xas6sh/before/compose/composition.py:6620: note:     def __getitem__(self, SupportsIndex, /) -> Any
/var/folders/6k/b9phx2zn05q_dr_mcxm6_f3h0000gn/T/portable-reason-typecheck-h6xas6sh/before/compose/composition.py:6620: note:     def __getitem__(self, slice[Any, Any, Any], /) -> list[Any]
/var/folders/6k/b9phx2zn05q_dr_mcxm6_f3h0000gn/T/portable-reason-typecheck-h6xas6sh/before/compose/composition.py:6628: error: No overload variant of "__getitem__" of "list" matches argument type "str"  [call-overload]
/var/folders/6k/b9phx2zn05q_dr_mcxm6_f3h0000gn/T/portable-reason-typecheck-h6xas6sh/before/compose/composition.py:6628: note: Possible overload variants:
/var/folders/6k/b9phx2zn05q_dr_mcxm6_f3h0000gn/T/portable-reason-typecheck-h6xas6sh/before/compose/composition.py:6628: note:     def __getitem__(self, SupportsIndex, /) -> Any
/var/folders/6k/b9phx2zn05q_dr_mcxm6_f3h0000gn/T/portable-reason-typecheck-h6xas6sh/before/compose/composition.py:6628: note:     def __getitem__(self, slice[Any, Any, Any], /) -> list[Any]
/var/folders/6k/b9phx2zn05q_dr_mcxm6_f3h0000gn/T/portable-reason-typecheck-h6xas6sh/before/compose/composition.py:6629: error: No overload variant of "__getitem__" of "list" matches argument type "str"  [call-overload]
/var/folders/6k/b9phx2zn05q_dr_mcxm6_f3h0000gn/T/portable-reason-typecheck-h6xas6sh/before/compose/composition.py:6629: note: Possible overload variants:
/var/folders/6k/b9phx2zn05q_dr_mcxm6_f3h0000gn/T/portable-reason-typecheck-h6xas6sh/before/compose/composition.py:6629: note:     def __getitem__(self, SupportsIndex, /) -> Any
/var/folders/6k/b9phx2zn05q_dr_mcxm6_f3h0000gn/T/portable-reason-typecheck-h6xas6sh/before/compose/composition.py:6629: note:     def __getitem__(self, slice[Any, Any, Any], /) -> list[Any]
/var/folders/6k/b9phx2zn05q_dr_mcxm6_f3h0000gn/T/portable-reason-typecheck-h6xas6sh/before/compose/composition.py:6630: error: No overload variant of "__getitem__" of "list" matches argument type "str"  [call-overload]
/var/folders/6k/b9phx2zn05q_dr_mcxm6_f3h0000gn/T/portable-reason-typecheck-h6xas6sh/before/compose/composition.py:6630: note: Possible overload variants:
/var/folders/6k/b9phx2zn05q_dr_mcxm6_f3h0000gn/T/portable-reason-typecheck-h6xas6sh/before/compose/composition.py:6630: note:     def __getitem__(self, SupportsIndex, /) -> Any
/var/folders/6k/b9phx2zn05q_dr_mcxm6_f3h0000gn/T/portable-reason-typecheck-h6xas6sh/before/compose/composition.py:6630: note:     def __getitem__(self, slice[Any, Any, Any], /) -> list[Any]
/var/folders/6k/b9phx2zn05q_dr_mcxm6_f3h0000gn/T/portable-reason-typecheck-h6xas6sh/before/compose/composition.py:6632: error: No overload variant of "__getitem__" of "list" matches argument type "str"  [call-overload]
/var/folders/6k/b9phx2zn05q_dr_mcxm6_f3h0000gn/T/portable-reason-typecheck-h6xas6sh/before/compose/composition.py:6632: note: Possible overload variants:
/var/folders/6k/b9phx2zn05q_dr_mcxm6_f3h0000gn/T/portable-reason-typecheck-h6xas6sh/before/compose/composition.py:6632: note:     def __getitem__(self, SupportsIndex, /) -> Any
/var/folders/6k/b9phx2zn05q_dr_mcxm6_f3h0000gn/T/portable-reason-typecheck-h6xas6sh/before/compose/composition.py:6632: note:     def __getitem__(self, slice[Any, Any, Any], /) -> list[Any]
/var/folders/6k/b9phx2zn05q_dr_mcxm6_f3h0000gn/T/portable-reason-typecheck-h6xas6sh/before/compose/composition.py:6635: error: No overload variant of "__getitem__" of "list" matches argument type "str"  [call-overload]
/var/folders/6k/b9phx2zn05q_dr_mcxm6_f3h0000gn/T/portable-reason-typecheck-h6xas6sh/before/compose/composition.py:6635: note: Possible overload variants:
/var/folders/6k/b9phx2zn05q_dr_mcxm6_f3h0000gn/T/portable-reason-typecheck-h6xas6sh/before/compose/composition.py:6635: note:     def __getitem__(self, SupportsIndex, /) -> Any
/var/folders/6k/b9phx2zn05q_dr_mcxm6_f3h0000gn/T/portable-reason-typecheck-h6xas6sh/before/compose/composition.py:6635: note:     def __getitem__(self, slice[Any, Any, Any], /) -> list[Any]
/var/folders/6k/b9phx2zn05q_dr_mcxm6_f3h0000gn/T/portable-reason-typecheck-h6xas6sh/before/compose/composition.py:6639: error: No overload variant of "__getitem__" of "list" matches argument type "str"  [call-overload]
/var/folders/6k/b9phx2zn05q_dr_mcxm6_f3h0000gn/T/portable-reason-typecheck-h6xas6sh/before/compose/composition.py:6639: note: Possible overload variants:
/var/folders/6k/b9phx2zn05q_dr_mcxm6_f3h0000gn/T/portable-reason-typecheck-h6xas6sh/before/compose/composition.py:6639: note:     def __getitem__(self, SupportsIndex, /) -> Any
/var/folders/6k/b9phx2zn05q_dr_mcxm6_f3h0000gn/T/portable-reason-typecheck-h6xas6sh/before/compose/composition.py:6639: note:     def __getitem__(self, slice[Any, Any, Any], /) -> list[Any]
/var/folders/6k/b9phx2zn05q_dr_mcxm6_f3h0000gn/T/portable-reason-typecheck-h6xas6sh/before/compose/composition.py:6646: error: No overload variant of "__getitem__" of "list" matches argument type "str"  [call-overload]
/var/folders/6k/b9phx2zn05q_dr_mcxm6_f3h0000gn/T/portable-reason-typecheck-h6xas6sh/before/compose/composition.py:6646: note: Possible overload variants:
/var/folders/6k/b9phx2zn05q_dr_mcxm6_f3h0000gn/T/portable-reason-typecheck-h6xas6sh/before/compose/composition.py:6646: note:     def __getitem__(self, SupportsIndex, /) -> Any
/var/folders/6k/b9phx2zn05q_dr_mcxm6_f3h0000gn/T/portable-reason-typecheck-h6xas6sh/before/compose/composition.py:6646: note:     def __getitem__(self, slice[Any, Any, Any], /) -> list[Any]
/var/folders/6k/b9phx2zn05q_dr_mcxm6_f3h0000gn/T/portable-reason-typecheck-h6xas6sh/before/compose/composition.py:6647: error: No overload variant of "__getitem__" of "list" matches argument type "str"  [call-overload]
/var/folders/6k/b9phx2zn05q_dr_mcxm6_f3h0000gn/T/portable-reason-typecheck-h6xas6sh/before/compose/composition.py:6647: note: Possible overload variants:
/var/folders/6k/b9phx2zn05q_dr_mcxm6_f3h0000gn/T/portable-reason-typecheck-h6xas6sh/before/compose/composition.py:6647: note:     def __getitem__(self, SupportsIndex, /) -> Any
/var/folders/6k/b9phx2zn05q_dr_mcxm6_f3h0000gn/T/portable-reason-typecheck-h6xas6sh/before/compose/composition.py:6647: note:     def __getitem__(self, slice[Any, Any, Any], /) -> list[Any]
/var/folders/6k/b9phx2zn05q_dr_mcxm6_f3h0000gn/T/portable-reason-typecheck-h6xas6sh/before/compose/composition.py:6649: error: No overload variant of "__getitem__" of "list" matches argument type "str"  [call-overload]
/var/folders/6k/b9phx2zn05q_dr_mcxm6_f3h0000gn/T/portable-reason-typecheck-h6xas6sh/before/compose/composition.py:6649: note: Possible overload variants:
/var/folders/6k/b9phx2zn05q_dr_mcxm6_f3h0000gn/T/portable-reason-typecheck-h6xas6sh/before/compose/composition.py:6649: note:     def __getitem__(self, SupportsIndex, /) -> Any
/var/folders/6k/b9phx2zn05q_dr_mcxm6_f3h0000gn/T/portable-reason-typecheck-h6xas6sh/before/compose/composition.py:6649: note:     def __getitem__(self, slice[Any, Any, Any], /) -> list[Any]
/var/folders/6k/b9phx2zn05q_dr_mcxm6_f3h0000gn/T/portable-reason-typecheck-h6xas6sh/before/compose/composition.py:6650: error: No overload variant of "__getitem__" of "list" matches argument type "str"  [call-overload]
/var/folders/6k/b9phx2zn05q_dr_mcxm6_f3h0000gn/T/portable-reason-typecheck-h6xas6sh/before/compose/composition.py:6650: note: Possible overload variants:
/var/folders/6k/b9phx2zn05q_dr_mcxm6_f3h0000gn/T/portable-reason-typecheck-h6xas6sh/before/compose/composition.py:6650: note:     def __getitem__(self, SupportsIndex, /) -> Any
/var/folders/6k/b9phx2zn05q_dr_mcxm6_f3h0000gn/T/portable-reason-typecheck-h6xas6sh/before/compose/composition.py:6650: note:     def __getitem__(self, slice[Any, Any, Any], /) -> list[Any]
/var/folders/6k/b9phx2zn05q_dr_mcxm6_f3h0000gn/T/portable-reason-typecheck-h6xas6sh/before/compose/composition.py:6651: error: No overload variant of "__getitem__" of "list" matches argument type "str"  [call-overload]
/var/folders/6k/b9phx2zn05q_dr_mcxm6_f3h0000gn/T/portable-reason-typecheck-h6xas6sh/before/compose/composition.py:6651: note: Possible overload variants:
/var/folders/6k/b9phx2zn05q_dr_mcxm6_f3h0000gn/T/portable-reason-typecheck-h6xas6sh/before/compose/composition.py:6651: note:     def __getitem__(self, SupportsIndex, /) -> Any
/var/folders/6k/b9phx2zn05q_dr_mcxm6_f3h0000gn/T/portable-reason-typecheck-h6xas6sh/before/compose/composition.py:6651: note:     def __getitem__(self, slice[Any, Any, Any], /) -> list[Any]
/var/folders/6k/b9phx2zn05q_dr_mcxm6_f3h0000gn/T/portable-reason-typecheck-h6xas6sh/before/compose/composition.py:6652: error: No overload variant of "__getitem__" of "list" matches argument type "str"  [call-overload]
/var/folders/6k/b9phx2zn05q_dr_mcxm6_f3h0000gn/T/portable-reason-typecheck-h6xas6sh/before/compose/composition.py:6652: note: Possible overload variants:
/var/folders/6k/b9phx2zn05q_dr_mcxm6_f3h0000gn/T/portable-reason-typecheck-h6xas6sh/before/compose/composition.py:6652: note:     def __getitem__(self, SupportsIndex, /) -> Any
/var/folders/6k/b9phx2zn05q_dr_mcxm6_f3h0000gn/T/portable-reason-typecheck-h6xas6sh/before/compose/composition.py:6652: note:     def __getitem__(self, slice[Any, Any, Any], /) -> list[Any]
/var/folders/6k/b9phx2zn05q_dr_mcxm6_f3h0000gn/T/portable-reason-typecheck-h6xas6sh/before/compose/composition.py:6653: error: No overload variant of "__getitem__" of "list" matches argument type "str"  [call-overload]
/var/folders/6k/b9phx2zn05q_dr_mcxm6_f3h0000gn/T/portable-reason-typecheck-h6xas6sh/before/compose/composition.py:6653: note: Possible overload variants:
/var/folders/6k/b9phx2zn05q_dr_mcxm6_f3h0000gn/T/portable-reason-typecheck-h6xas6sh/before/compose/composition.py:6653: note:     def __getitem__(self, SupportsIndex, /) -> Any
/var/folders/6k/b9phx2zn05q_dr_mcxm6_f3h0000gn/T/portable-reason-typecheck-h6xas6sh/before/compose/composition.py:6653: note:     def __getitem__(self, slice[Any, Any, Any], /) -> list[Any]
/var/folders/6k/b9phx2zn05q_dr_mcxm6_f3h0000gn/T/portable-reason-typecheck-h6xas6sh/before/compose/composition.py:6672: error: No overload variant of "__getitem__" of "list" matches argument type "str"  [call-overload]
/var/folders/6k/b9phx2zn05q_dr_mcxm6_f3h0000gn/T/portable-reason-typecheck-h6xas6sh/before/compose/composition.py:6672: note: Possible overload variants:
/var/folders/6k/b9phx2zn05q_dr_mcxm6_f3h0000gn/T/portable-reason-typecheck-h6xas6sh/before/compose/composition.py:6672: note:     def __getitem__(self, SupportsIndex, /) -> Any
/var/folders/6k/b9phx2zn05q_dr_mcxm6_f3h0000gn/T/portable-reason-typecheck-h6xas6sh/before/compose/composition.py:6672: note:     def __getitem__(self, slice[Any, Any, Any], /) -> list[Any]
/var/folders/6k/b9phx2zn05q_dr_mcxm6_f3h0000gn/T/portable-reason-typecheck-h6xas6sh/before/compose/composition.py:6673: error: No overload variant of "__getitem__" of "list" matches argument type "str"  [call-overload]
/var/folders/6k/b9phx2zn05q_dr_mcxm6_f3h0000gn/T/portable-reason-typecheck-h6xas6sh/before/compose/composition.py:6673: note: Possible overload variants:
/var/folders/6k/b9phx2zn05q_dr_mcxm6_f3h0000gn/T/portable-reason-typecheck-h6xas6sh/before/compose/composition.py:6673: note:     def __getitem__(self, SupportsIndex, /) -> Any
/var/folders/6k/b9phx2zn05q_dr_mcxm6_f3h0000gn/T/portable-reason-typecheck-h6xas6sh/before/compose/composition.py:6673: note:     def __getitem__(self, slice[Any, Any, Any], /) -> list[Any]
/var/folders/6k/b9phx2zn05q_dr_mcxm6_f3h0000gn/T/portable-reason-typecheck-h6xas6sh/before/compose/composition.py:6707: error: No overload variant of "__getitem__" of "list" matches argument type "str"  [call-overload]
/var/folders/6k/b9phx2zn05q_dr_mcxm6_f3h0000gn/T/portable-reason-typecheck-h6xas6sh/before/compose/composition.py:6707: note: Possible overload variants:
/var/folders/6k/b9phx2zn05q_dr_mcxm6_f3h0000gn/T/portable-reason-typecheck-h6xas6sh/before/compose/composition.py:6707: note:     def __getitem__(self, SupportsIndex, /) -> Any
/var/folders/6k/b9phx2zn05q_dr_mcxm6_f3h0000gn/T/portable-reason-typecheck-h6xas6sh/before/compose/composition.py:6707: note:     def __getitem__(self, slice[Any, Any, Any], /) -> list[Any]
/var/folders/6k/b9phx2zn05q_dr_mcxm6_f3h0000gn/T/portable-reason-typecheck-h6xas6sh/before/compose/composition.py:6847: error: Value of type "dict[Any, Any] | None" is not indexable  [index]
/var/folders/6k/b9phx2zn05q_dr_mcxm6_f3h0000gn/T/portable-reason-typecheck-h6xas6sh/before/compose/composition.py:6850: error: Value of type "dict[Any, Any] | None" is not indexable  [index]
/var/folders/6k/b9phx2zn05q_dr_mcxm6_f3h0000gn/T/portable-reason-typecheck-h6xas6sh/before/compose/composition.py:6851: error: Value of type "dict[Any, Any] | None" is not indexable  [index]
/var/folders/6k/b9phx2zn05q_dr_mcxm6_f3h0000gn/T/portable-reason-typecheck-h6xas6sh/before/compose/composition.py:6852: error: Value of type "dict[Any, Any] | None" is not indexable  [index]
/var/folders/6k/b9phx2zn05q_dr_mcxm6_f3h0000gn/T/portable-reason-typecheck-h6xas6sh/before/compose/composition.py:6857: error: Value of type "dict[Any, Any] | None" is not indexable  [index]
/var/folders/6k/b9phx2zn05q_dr_mcxm6_f3h0000gn/T/portable-reason-typecheck-h6xas6sh/before/compose/composition.py:6858: error: Value of type "dict[Any, Any] | None" is not indexable  [index]
/var/folders/6k/b9phx2zn05q_dr_mcxm6_f3h0000gn/T/portable-reason-typecheck-h6xas6sh/before/compose/composition.py:6871: error: Value of type "dict[Any, Any] | None" is not indexable  [index]
/var/folders/6k/b9phx2zn05q_dr_mcxm6_f3h0000gn/T/portable-reason-typecheck-h6xas6sh/before/compose/composition.py:6875: error: Value of type "dict[Any, Any] | None" is not indexable  [index]
/var/folders/6k/b9phx2zn05q_dr_mcxm6_f3h0000gn/T/portable-reason-typecheck-h6xas6sh/before/compose/composition.py:6876: error: Value of type "dict[Any, Any] | None" is not indexable  [index]
/var/folders/6k/b9phx2zn05q_dr_mcxm6_f3h0000gn/T/portable-reason-typecheck-h6xas6sh/before/compose/composition.py:6880: error: Value of type "dict[Any, Any] | None" is not indexable  [index]
/var/folders/6k/b9phx2zn05q_dr_mcxm6_f3h0000gn/T/portable-reason-typecheck-h6xas6sh/before/compose/composition.py:6886: error: Value of type "dict[Any, Any] | None" is not indexable  [index]
/var/folders/6k/b9phx2zn05q_dr_mcxm6_f3h0000gn/T/portable-reason-typecheck-h6xas6sh/before/compose/composition.py:7130: error: Value of type "tuple[dict[Any, Any], Path] | None" is not indexable  [index]
/var/folders/6k/b9phx2zn05q_dr_mcxm6_f3h0000gn/T/portable-reason-typecheck-h6xas6sh/before/compose/composition.py:7505: error: Invalid index type "str" for "str"; expected type "SupportsIndex | slice[Any, Any, Any]"  [index]
/var/folders/6k/b9phx2zn05q_dr_mcxm6_f3h0000gn/T/portable-reason-typecheck-h6xas6sh/before/compose/composition.py:7506: error: Invalid index type "str" for "str"; expected type "SupportsIndex | slice[Any, Any, Any]"  [index]
/var/folders/6k/b9phx2zn05q_dr_mcxm6_f3h0000gn/T/portable-reason-typecheck-h6xas6sh/before/compose/composition.py:7537: error: Invalid index type "str" for "str"; expected type "SupportsIndex | slice[Any, Any, Any]"  [index]
/var/folders/6k/b9phx2zn05q_dr_mcxm6_f3h0000gn/T/portable-reason-typecheck-h6xas6sh/before/compose/composition.py:7538: error: Invalid index type "str" for "str"; expected type "SupportsIndex | slice[Any, Any, Any]"  [index]
/var/folders/6k/b9phx2zn05q_dr_mcxm6_f3h0000gn/T/portable-reason-typecheck-h6xas6sh/before/compose/composition.py:7579: error: Invalid index type "str" for "str"; expected type "SupportsIndex | slice[Any, Any, Any]"  [index]
/var/folders/6k/b9phx2zn05q_dr_mcxm6_f3h0000gn/T/portable-reason-typecheck-h6xas6sh/before/compose/composition.py:7620: error: Incompatible types in assignment (expression has type "Path", variable has type "str")  [assignment]
/var/folders/6k/b9phx2zn05q_dr_mcxm6_f3h0000gn/T/portable-reason-typecheck-h6xas6sh/before/compose/composition.py:7621: error: Argument 1 to "_write_fixture_adopter" has incompatible type "str"; expected "Path"  [arg-type]
/var/folders/6k/b9phx2zn05q_dr_mcxm6_f3h0000gn/T/portable-reason-typecheck-h6xas6sh/before/compose/composition.py:7622: error: Argument 1 to "compose" has incompatible type "str"; expected "Path"  [arg-type]
/var/folders/6k/b9phx2zn05q_dr_mcxm6_f3h0000gn/T/portable-reason-typecheck-h6xas6sh/before/compose/composition.py:7626: error: Argument 1 to "_commit_header" has incompatible type "str"; expected "Path"  [arg-type]
/var/folders/6k/b9phx2zn05q_dr_mcxm6_f3h0000gn/T/portable-reason-typecheck-h6xas6sh/before/compose/composition.py:7796: error: No overload variant of "safe_dump" matches argument types "Any", "dict[str, int]"  [call-overload]
/var/folders/6k/b9phx2zn05q_dr_mcxm6_f3h0000gn/T/portable-reason-typecheck-h6xas6sh/before/compose/composition.py:7796: note: Possible overload variants:
/var/folders/6k/b9phx2zn05q_dr_mcxm6_f3h0000gn/T/portable-reason-typecheck-h6xas6sh/before/compose/composition.py:7796: note:     def safe_dump(data: Any, stream: _WriteStream[Any], *, default_style: str | None = ..., default_flow_style: bool | None = ..., canonical: bool | None = ..., indent: int | None = ..., width: int | float | None = ..., allow_unicode: bool | None = ..., line_break: str | None = ..., encoding: str | None = ..., explicit_start: bool | None = ..., explicit_end: bool | None = ..., version: tuple[int, int] | None = ..., tags: Mapping[str, str] | None = ..., sort_keys: bool = ...) -> None
/var/folders/6k/b9phx2zn05q_dr_mcxm6_f3h0000gn/T/portable-reason-typecheck-h6xas6sh/before/compose/composition.py:7796: note:     def safe_dump(data: Any, stream: None = ..., *, default_style: str | None = ..., default_flow_style: bool | None = ..., canonical: bool | None = ..., indent: int | None = ..., width: int | float | None = ..., allow_unicode: bool | None = ..., line_break: str | None = ..., encoding: None = ..., explicit_start: bool | None = ..., explicit_end: bool | None = ..., version: tuple[int, int] | None = ..., tags: Mapping[str, str] | None = ..., sort_keys: bool = ...) -> str
/var/folders/6k/b9phx2zn05q_dr_mcxm6_f3h0000gn/T/portable-reason-typecheck-h6xas6sh/before/compose/composition.py:7796: note:     def safe_dump(data: Any, stream: None = ..., *, default_style: str | None = ..., default_flow_style: bool | None = ..., canonical: bool | None = ..., indent: int | None = ..., width: int | float | None = ..., allow_unicode: bool | None = ..., line_break: str | None = ..., encoding: str, explicit_start: bool | None = ..., explicit_end: bool | None = ..., version: tuple[int, int] | None = ..., tags: Mapping[str, str] | None = ..., sort_keys: bool = ...) -> bytes
/var/folders/6k/b9phx2zn05q_dr_mcxm6_f3h0000gn/T/portable-reason-typecheck-h6xas6sh/before/compose/composition.py:7858: error: No overload variant of "safe_dump" matches argument types "Any", "dict[str, int]"  [call-overload]
/var/folders/6k/b9phx2zn05q_dr_mcxm6_f3h0000gn/T/portable-reason-typecheck-h6xas6sh/before/compose/composition.py:7858: note: Possible overload variants:
/var/folders/6k/b9phx2zn05q_dr_mcxm6_f3h0000gn/T/portable-reason-typecheck-h6xas6sh/before/compose/composition.py:7858: note:     def safe_dump(data: Any, stream: _WriteStream[Any], *, default_style: str | None = ..., default_flow_style: bool | None = ..., canonical: bool | None = ..., indent: int | None = ..., width: int | float | None = ..., allow_unicode: bool | None = ..., line_break: str | None = ..., encoding: str | None = ..., explicit_start: bool | None = ..., explicit_end: bool | None = ..., version: tuple[int, int] | None = ..., tags: Mapping[str, str] | None = ..., sort_keys: bool = ...) -> None
/var/folders/6k/b9phx2zn05q_dr_mcxm6_f3h0000gn/T/portable-reason-typecheck-h6xas6sh/before/compose/composition.py:7858: note:     def safe_dump(data: Any, stream: None = ..., *, default_style: str | None = ..., default_flow_style: bool | None = ..., canonical: bool | None = ..., indent: int | None = ..., width: int | float | None = ..., allow_unicode: bool | None = ..., line_break: str | None = ..., encoding: None = ..., explicit_start: bool | None = ..., explicit_end: bool | None = ..., version: tuple[int, int] | None = ..., tags: Mapping[str, str] | None = ..., sort_keys: bool = ...) -> str
/var/folders/6k/b9phx2zn05q_dr_mcxm6_f3h0000gn/T/portable-reason-typecheck-h6xas6sh/before/compose/composition.py:7858: note:     def safe_dump(data: Any, stream: None = ..., *, default_style: str | None = ..., default_flow_style: bool | None = ..., canonical: bool | None = ..., indent: int | None = ..., width: int | float | None = ..., allow_unicode: bool | None = ..., line_break: str | None = ..., encoding: str, explicit_start: bool | None = ..., explicit_end: bool | None = ..., version: tuple[int, int] | None = ..., tags: Mapping[str, str] | None = ..., sort_keys: bool = ...) -> bytes
/var/folders/6k/b9phx2zn05q_dr_mcxm6_f3h0000gn/T/portable-reason-typecheck-h6xas6sh/before/compose/composition.py:7879: error: Incompatible types in assignment (expression has type "bool", variable has type "Path")  [assignment]
/var/folders/6k/b9phx2zn05q_dr_mcxm6_f3h0000gn/T/portable-reason-typecheck-h6xas6sh/before/compose/composition.py:7881: error: No overload variant of "int" matches argument type "Path"  [call-overload]
/var/folders/6k/b9phx2zn05q_dr_mcxm6_f3h0000gn/T/portable-reason-typecheck-h6xas6sh/before/compose/composition.py:7881: note: Possible overload variants:
/var/folders/6k/b9phx2zn05q_dr_mcxm6_f3h0000gn/T/portable-reason-typecheck-h6xas6sh/before/compose/composition.py:7881: note:     def __new__(cls, str | Buffer | SupportsInt | SupportsIndex | SupportsTrunc = ..., /) -> int
/var/folders/6k/b9phx2zn05q_dr_mcxm6_f3h0000gn/T/portable-reason-typecheck-h6xas6sh/before/compose/composition.py:7881: note:     def __new__(cls, str | bytes | bytearray, /, base: SupportsIndex) -> int
/var/folders/6k/b9phx2zn05q_dr_mcxm6_f3h0000gn/T/portable-reason-typecheck-h6xas6sh/before/compose/composition.py:7887: error: Argument "legacy" to "old_rule_header" has incompatible type "Path"; expected "bool"  [arg-type]
/var/folders/6k/b9phx2zn05q_dr_mcxm6_f3h0000gn/T/portable-reason-typecheck-h6xas6sh/before/compose/composition.py:7890: error: No overload variant of "int" matches argument type "Path"  [call-overload]
/var/folders/6k/b9phx2zn05q_dr_mcxm6_f3h0000gn/T/portable-reason-typecheck-h6xas6sh/before/compose/composition.py:7890: note: Possible overload variants:
/var/folders/6k/b9phx2zn05q_dr_mcxm6_f3h0000gn/T/portable-reason-typecheck-h6xas6sh/before/compose/composition.py:7890: note:     def __new__(cls, str | Buffer | SupportsInt | SupportsIndex | SupportsTrunc = ..., /) -> int
/var/folders/6k/b9phx2zn05q_dr_mcxm6_f3h0000gn/T/portable-reason-typecheck-h6xas6sh/before/compose/composition.py:7890: note:     def __new__(cls, str | bytes | bytearray, /, base: SupportsIndex) -> int
/var/folders/6k/b9phx2zn05q_dr_mcxm6_f3h0000gn/T/portable-reason-typecheck-h6xas6sh/before/compose/composition.py:7900: error: Incompatible types in assignment (expression has type "dict[str, str]", variable has type "str")  [assignment]
/var/folders/6k/b9phx2zn05q_dr_mcxm6_f3h0000gn/T/portable-reason-typecheck-h6xas6sh/before/compose/composition.py:7917: error: No overload variant of "safe_dump" matches argument types "Any", "dict[str, int]"  [call-overload]
/var/folders/6k/b9phx2zn05q_dr_mcxm6_f3h0000gn/T/portable-reason-typecheck-h6xas6sh/before/compose/composition.py:7917: note: Possible overload variants:
/var/folders/6k/b9phx2zn05q_dr_mcxm6_f3h0000gn/T/portable-reason-typecheck-h6xas6sh/before/compose/composition.py:7917: note:     def safe_dump(data: Any, stream: _WriteStream[Any], *, default_style: str | None = ..., default_flow_style: bool | None = ..., canonical: bool | None = ..., indent: int | None = ..., width: int | float | None = ..., allow_unicode: bool | None = ..., line_break: str | None = ..., encoding: str | None = ..., explicit_start: bool | None = ..., explicit_end: bool | None = ..., version: tuple[int, int] | None = ..., tags: Mapping[str, str] | None = ..., sort_keys: bool = ...) -> None
/var/folders/6k/b9phx2zn05q_dr_mcxm6_f3h0000gn/T/portable-reason-typecheck-h6xas6sh/before/compose/composition.py:7917: note:     def safe_dump(data: Any, stream: None = ..., *, default_style: str | None = ..., default_flow_style: bool | None = ..., canonical: bool | None = ..., indent: int | None = ..., width: int | float | None = ..., allow_unicode: bool | None = ..., line_break: str | None = ..., encoding: None = ..., explicit_start: bool | None = ..., explicit_end: bool | None = ..., version: tuple[int, int] | None = ..., tags: Mapping[str, str] | None = ..., sort_keys: bool = ...) -> str
/var/folders/6k/b9phx2zn05q_dr_mcxm6_f3h0000gn/T/portable-reason-typecheck-h6xas6sh/before/compose/composition.py:7917: note:     def safe_dump(data: Any, stream: None = ..., *, default_style: str | None = ..., default_flow_style: bool | None = ..., canonical: bool | None = ..., indent: int | None = ..., width: int | float | None = ..., allow_unicode: bool | None = ..., line_break: str | None = ..., encoding: str, explicit_start: bool | None = ..., explicit_end: bool | None = ..., version: tuple[int, int] | None = ..., tags: Mapping[str, str] | None = ..., sort_keys: bool = ...) -> bytes
/var/folders/6k/b9phx2zn05q_dr_mcxm6_f3h0000gn/T/portable-reason-typecheck-h6xas6sh/before/compose/composition.py:8051: error: Incompatible types in assignment (expression has type "Path", variable has type "str")  [assignment]
/var/folders/6k/b9phx2zn05q_dr_mcxm6_f3h0000gn/T/portable-reason-typecheck-h6xas6sh/before/compose/composition.py:8052: error: Argument 1 to "_write_fixture_adopter" has incompatible type "str"; expected "Path"  [arg-type]
/var/folders/6k/b9phx2zn05q_dr_mcxm6_f3h0000gn/T/portable-reason-typecheck-h6xas6sh/before/compose/composition.py:8059: error: Argument 1 to "_write_namespace" has incompatible type "str"; expected "Path"  [arg-type]
/var/folders/6k/b9phx2zn05q_dr_mcxm6_f3h0000gn/T/portable-reason-typecheck-h6xas6sh/before/compose/composition.py:8060: error: Argument 1 to "compose" has incompatible type "str"; expected "Path"  [arg-type]
/var/folders/6k/b9phx2zn05q_dr_mcxm6_f3h0000gn/T/portable-reason-typecheck-h6xas6sh/before/compose/composition.py:8065: error: Argument 1 to "_commit_header" has incompatible type "str"; expected "Path"  [arg-type]
/var/folders/6k/b9phx2zn05q_dr_mcxm6_f3h0000gn/T/portable-reason-typecheck-h6xas6sh/before/compose/composition.py:8422: error: Invalid index type "str" for "str"; expected type "SupportsIndex | slice[Any, Any, Any]"  [index]
/var/folders/6k/b9phx2zn05q_dr_mcxm6_f3h0000gn/T/portable-reason-typecheck-h6xas6sh/before/compose/composition.py:8593: error: Incompatible types in assignment (expression has type "tuple[Any, Any]", variable has type "str")  [assignment]
/var/folders/6k/b9phx2zn05q_dr_mcxm6_f3h0000gn/T/portable-reason-typecheck-h6xas6sh/before/compose/composition.py:8609: error: No overload variant of "__getitem__" of "list" matches argument type "str"  [call-overload]
/var/folders/6k/b9phx2zn05q_dr_mcxm6_f3h0000gn/T/portable-reason-typecheck-h6xas6sh/before/compose/composition.py:8609: note: Possible overload variants:
/var/folders/6k/b9phx2zn05q_dr_mcxm6_f3h0000gn/T/portable-reason-typecheck-h6xas6sh/before/compose/composition.py:8609: note:     def __getitem__(self, SupportsIndex, /) -> Any
/var/folders/6k/b9phx2zn05q_dr_mcxm6_f3h0000gn/T/portable-reason-typecheck-h6xas6sh/before/compose/composition.py:8609: note:     def __getitem__(self, slice[Any, Any, Any], /) -> list[Any]
/var/folders/6k/b9phx2zn05q_dr_mcxm6_f3h0000gn/T/portable-reason-typecheck-h6xas6sh/before/compose/composition.py:8610: error: No overload variant of "__getitem__" of "list" matches argument type "str"  [call-overload]
/var/folders/6k/b9phx2zn05q_dr_mcxm6_f3h0000gn/T/portable-reason-typecheck-h6xas6sh/before/compose/composition.py:8610: note: Possible overload variants:
/var/folders/6k/b9phx2zn05q_dr_mcxm6_f3h0000gn/T/portable-reason-typecheck-h6xas6sh/before/compose/composition.py:8610: note:     def __getitem__(self, SupportsIndex, /) -> Any
/var/folders/6k/b9phx2zn05q_dr_mcxm6_f3h0000gn/T/portable-reason-typecheck-h6xas6sh/before/compose/composition.py:8610: note:     def __getitem__(self, slice[Any, Any, Any], /) -> list[Any]
/var/folders/6k/b9phx2zn05q_dr_mcxm6_f3h0000gn/T/portable-reason-typecheck-h6xas6sh/before/compose/composition.py:8611: error: No overload variant of "__getitem__" of "list" matches argument type "str"  [call-overload]
/var/folders/6k/b9phx2zn05q_dr_mcxm6_f3h0000gn/T/portable-reason-typecheck-h6xas6sh/before/compose/composition.py:8611: note: Possible overload variants:
/var/folders/6k/b9phx2zn05q_dr_mcxm6_f3h0000gn/T/portable-reason-typecheck-h6xas6sh/before/compose/composition.py:8611: note:     def __getitem__(self, SupportsIndex, /) -> Any
/var/folders/6k/b9phx2zn05q_dr_mcxm6_f3h0000gn/T/portable-reason-typecheck-h6xas6sh/before/compose/composition.py:8611: note:     def __getitem__(self, slice[Any, Any, Any], /) -> list[Any]
/var/folders/6k/b9phx2zn05q_dr_mcxm6_f3h0000gn/T/portable-reason-typecheck-h6xas6sh/before/compose/composition.py:8615: error: No overload variant of "__getitem__" of "list" matches argument type "str"  [call-overload]
/var/folders/6k/b9phx2zn05q_dr_mcxm6_f3h0000gn/T/portable-reason-typecheck-h6xas6sh/before/compose/composition.py:8615: note: Possible overload variants:
/var/folders/6k/b9phx2zn05q_dr_mcxm6_f3h0000gn/T/portable-reason-typecheck-h6xas6sh/before/compose/composition.py:8615: note:     def __getitem__(self, SupportsIndex, /) -> Any
/var/folders/6k/b9phx2zn05q_dr_mcxm6_f3h0000gn/T/portable-reason-typecheck-h6xas6sh/before/compose/composition.py:8615: note:     def __getitem__(self, slice[Any, Any, Any], /) -> list[Any]
/var/folders/6k/b9phx2zn05q_dr_mcxm6_f3h0000gn/T/portable-reason-typecheck-h6xas6sh/before/compose/composition.py:8616: error: No overload variant of "__getitem__" of "list" matches argument type "str"  [call-overload]
/var/folders/6k/b9phx2zn05q_dr_mcxm6_f3h0000gn/T/portable-reason-typecheck-h6xas6sh/before/compose/composition.py:8616: note: Possible overload variants:
/var/folders/6k/b9phx2zn05q_dr_mcxm6_f3h0000gn/T/portable-reason-typecheck-h6xas6sh/before/compose/composition.py:8616: note:     def __getitem__(self, SupportsIndex, /) -> Any
/var/folders/6k/b9phx2zn05q_dr_mcxm6_f3h0000gn/T/portable-reason-typecheck-h6xas6sh/before/compose/composition.py:8616: note:     def __getitem__(self, slice[Any, Any, Any], /) -> list[Any]
/var/folders/6k/b9phx2zn05q_dr_mcxm6_f3h0000gn/T/portable-reason-typecheck-h6xas6sh/before/compose/composition.py:8861: error: Incompatible types in assignment (expression has type "dict[str, str]", variable has type "Path")  [assignment]
/var/folders/6k/b9phx2zn05q_dr_mcxm6_f3h0000gn/T/portable-reason-typecheck-h6xas6sh/before/compose/composition.py:8862: error: "Path" has no attribute "items"  [attr-defined]
/var/folders/6k/b9phx2zn05q_dr_mcxm6_f3h0000gn/T/portable-reason-typecheck-h6xas6sh/before/compose/composition.py:8881: error: Incompatible types in assignment (expression has type "dict[tuple[Any, Any], Any]", variable has type "list[Any]")  [assignment]
/var/folders/6k/b9phx2zn05q_dr_mcxm6_f3h0000gn/T/portable-reason-typecheck-h6xas6sh/before/compose/composition.py:8884: error: No overload variant of "__getitem__" of "list" matches argument type "tuple[Any, Any]"  [call-overload]
/var/folders/6k/b9phx2zn05q_dr_mcxm6_f3h0000gn/T/portable-reason-typecheck-h6xas6sh/before/compose/composition.py:8884: note: Possible overload variants:
/var/folders/6k/b9phx2zn05q_dr_mcxm6_f3h0000gn/T/portable-reason-typecheck-h6xas6sh/before/compose/composition.py:8884: note:     def __getitem__(self, SupportsIndex, /) -> Any
/var/folders/6k/b9phx2zn05q_dr_mcxm6_f3h0000gn/T/portable-reason-typecheck-h6xas6sh/before/compose/composition.py:8884: note:     def __getitem__(self, slice[Any, Any, Any], /) -> list[Any]
/var/folders/6k/b9phx2zn05q_dr_mcxm6_f3h0000gn/T/portable-reason-typecheck-h6xas6sh/before/compose/composition.py:8888: error: Argument 1 to "isclose" has incompatible type "dict[Any, Any]"; expected "SupportsFloat | SupportsIndex"  [arg-type]
/var/folders/6k/b9phx2zn05q_dr_mcxm6_f3h0000gn/T/portable-reason-typecheck-h6xas6sh/before/compose/composition.py:8922: error: Incompatible types in assignment (expression has type "str", variable has type "Path")  [assignment]
/var/folders/6k/b9phx2zn05q_dr_mcxm6_f3h0000gn/T/portable-reason-typecheck-h6xas6sh/before/compose/composition.py:8966: error: No overload variant of "safe_dump" matches argument types "Any", "dict[str, int]"  [call-overload]
/var/folders/6k/b9phx2zn05q_dr_mcxm6_f3h0000gn/T/portable-reason-typecheck-h6xas6sh/before/compose/composition.py:8966: note: Possible overload variants:
/var/folders/6k/b9phx2zn05q_dr_mcxm6_f3h0000gn/T/portable-reason-typecheck-h6xas6sh/before/compose/composition.py:8966: note:     def safe_dump(data: Any, stream: _WriteStream[Any], *, default_style: str | None = ..., default_flow_style: bool | None = ..., canonical: bool | None = ..., indent: int | None = ..., width: int | float | None = ..., allow_unicode: bool | None = ..., line_break: str | None = ..., encoding: str | None = ..., explicit_start: bool | None = ..., explicit_end: bool | None = ..., version: tuple[int, int] | None = ..., tags: Mapping[str, str] | None = ..., sort_keys: bool = ...) -> None
/var/folders/6k/b9phx2zn05q_dr_mcxm6_f3h0000gn/T/portable-reason-typecheck-h6xas6sh/before/compose/composition.py:8966: note:     def safe_dump(data: Any, stream: None = ..., *, default_style: str | None = ..., default_flow_style: bool | None = ..., canonical: bool | None = ..., indent: int | None = ..., width: int | float | None = ..., allow_unicode: bool | None = ..., line_break: str | None = ..., encoding: None = ..., explicit_start: bool | None = ..., explicit_end: bool | None = ..., version: tuple[int, int] | None = ..., tags: Mapping[str, str] | None = ..., sort_keys: bool = ...) -> str
/var/folders/6k/b9phx2zn05q_dr_mcxm6_f3h0000gn/T/portable-reason-typecheck-h6xas6sh/before/compose/composition.py:8966: note:     def safe_dump(data: Any, stream: None = ..., *, default_style: str | None = ..., default_flow_style: bool | None = ..., canonical: bool | None = ..., indent: int | None = ..., width: int | float | None = ..., allow_unicode: bool | None = ..., line_break: str | None = ..., encoding: str, explicit_start: bool | None = ..., explicit_end: bool | None = ..., version: tuple[int, int] | None = ..., tags: Mapping[str, str] | None = ..., sort_keys: bool = ...) -> bytes
/var/folders/6k/b9phx2zn05q_dr_mcxm6_f3h0000gn/T/portable-reason-typecheck-h6xas6sh/before/compose/composition.py:8969: error: Incompatible types in assignment (expression has type "dict[Any, Any]", variable has type "Path")  [assignment]
/var/folders/6k/b9phx2zn05q_dr_mcxm6_f3h0000gn/T/portable-reason-typecheck-h6xas6sh/before/compose/composition.py:8970: error: Value of type "Path" is not indexable  [index]
/var/folders/6k/b9phx2zn05q_dr_mcxm6_f3h0000gn/T/portable-reason-typecheck-h6xas6sh/before/compose/composition.py:8971: error: Value of type "Path" is not indexable  [index]
/var/folders/6k/b9phx2zn05q_dr_mcxm6_f3h0000gn/T/portable-reason-typecheck-h6xas6sh/before/compose/composition.py:8972: error: Value of type "Path" is not indexable  [index]
/var/folders/6k/b9phx2zn05q_dr_mcxm6_f3h0000gn/T/portable-reason-typecheck-h6xas6sh/before/compose/composition.py:8973: error: Value of type "Path" is not indexable  [index]
/var/folders/6k/b9phx2zn05q_dr_mcxm6_f3h0000gn/T/portable-reason-typecheck-h6xas6sh/before/compose/composition.py:8974: error: Value of type "Path" is not indexable  [index]
/var/folders/6k/b9phx2zn05q_dr_mcxm6_f3h0000gn/T/portable-reason-typecheck-h6xas6sh/before/compose/composition.py:9007: error: No overload variant of "safe_dump" matches argument types "Any", "dict[str, int]"  [call-overload]
/var/folders/6k/b9phx2zn05q_dr_mcxm6_f3h0000gn/T/portable-reason-typecheck-h6xas6sh/before/compose/composition.py:9007: note: Possible overload variants:
/var/folders/6k/b9phx2zn05q_dr_mcxm6_f3h0000gn/T/portable-reason-typecheck-h6xas6sh/before/compose/composition.py:9007: note:     def safe_dump(data: Any, stream: _WriteStream[Any], *, default_style: str | None = ..., default_flow_style: bool | None = ..., canonical: bool | None = ..., indent: int | None = ..., width: int | float | None = ..., allow_unicode: bool | None = ..., line_break: str | None = ..., encoding: str | None = ..., explicit_start: bool | None = ..., explicit_end: bool | None = ..., version: tuple[int, int] | None = ..., tags: Mapping[str, str] | None = ..., sort_keys: bool = ...) -> None
/var/folders/6k/b9phx2zn05q_dr_mcxm6_f3h0000gn/T/portable-reason-typecheck-h6xas6sh/before/compose/composition.py:9007: note:     def safe_dump(data: Any, stream: None = ..., *, default_style: str | None = ..., default_flow_style: bool | None = ..., canonical: bool | None = ..., indent: int | None = ..., width: int | float | None = ..., allow_unicode: bool | None = ..., line_break: str | None = ..., encoding: None = ..., explicit_start: bool | None = ..., explicit_end: bool | None = ..., version: tuple[int, int] | None = ..., tags: Mapping[str, str] | None = ..., sort_keys: bool = ...) -> str
/var/folders/6k/b9phx2zn05q_dr_mcxm6_f3h0000gn/T/portable-reason-typecheck-h6xas6sh/before/compose/composition.py:9007: note:     def safe_dump(data: Any, stream: None = ..., *, default_style: str | None = ..., default_flow_style: bool | None = ..., canonical: bool | None = ..., indent: int | None = ..., width: int | float | None = ..., allow_unicode: bool | None = ..., line_break: str | None = ..., encoding: str, explicit_start: bool | None = ..., explicit_end: bool | None = ..., version: tuple[int, int] | None = ..., tags: Mapping[str, str] | None = ..., sort_keys: bool = ...) -> bytes
/var/folders/6k/b9phx2zn05q_dr_mcxm6_f3h0000gn/T/portable-reason-typecheck-h6xas6sh/before/compose/composition.py:9062: error: Item "None" of "Match[str] | None" has no attribute "group"  [union-attr]
/var/folders/6k/b9phx2zn05q_dr_mcxm6_f3h0000gn/T/portable-reason-typecheck-h6xas6sh/before/compose/composition.py:9066: error: Item "None" of "Match[str] | None" has no attribute "group"  [union-attr]
/var/folders/6k/b9phx2zn05q_dr_mcxm6_f3h0000gn/T/portable-reason-typecheck-h6xas6sh/before/compose/composition.py:9127: error: Item "None" of "Match[str] | None" has no attribute "group"  [union-attr]
/var/folders/6k/b9phx2zn05q_dr_mcxm6_f3h0000gn/T/portable-reason-typecheck-h6xas6sh/before/compose/composition.py:9133: error: Incompatible types in assignment (expression has type "str", variable has type "Path")  [assignment]
/var/folders/6k/b9phx2zn05q_dr_mcxm6_f3h0000gn/T/portable-reason-typecheck-h6xas6sh/before/compose/composition.py:9137: error: Incompatible types in assignment (expression has type "tuple[dict[Any, Any] | None, dict[Any, Any]]", variable has type "dict[Any, Any]")  [assignment]
/var/folders/6k/b9phx2zn05q_dr_mcxm6_f3h0000gn/T/portable-reason-typecheck-h6xas6sh/before/compose/composition.py:9445: error: Unsupported target for indexed assignment ("Collection[str]")  [index]
Found 131 errors in 1 file (checked 1 source file)
