bringing up nodes...
bringing up nodes...

FF                                                                       [100%]
=================================== FAILURES ===================================
____ test_record_header_preserves_real_writer_history[current-auto-commit] _____
[gw1] darwin -- Python 3.14.7 /Users/cns/httpdocs/controlplane/policy-as-versioned-flux/.venv/bin/python

tmp_path = PosixPath('/private/var/folders/6k/b9phx2zn05q_dr_mcxm6_f3h0000gn/T/pytest-of-cns/pytest-60/popen-gw1/test_record_header_preserves_r0')
monkeypatch = <_pytest.monkeypatch.MonkeyPatch object at 0x10922aea0>
writer_ref = 'HEAD'

    @pytest.mark.parametrize("writer_ref", ["v5.0.0", "HEAD"], ids=["published-write-only", "current-auto-commit"])
    def test_record_header_preserves_real_writer_history(tmp_path, monkeypatch, writer_ref):
        """The genuine old/new fixture writers both record exactly one comparison point."""
        source = subprocess.run(["git", "-C", str(PLATFORM), "show", f"{writer_ref}:compose/composition.py"],
                                check=True, capture_output=True, text=True).stdout
        function = next(node for node in ast.parse(source).body
                        if isinstance(node, ast.FunctionDef) and node.name == "_commit_header")
        comp = ModuleType("actual_fixture_header_writer")
        comp.__dict__["Path"] = Path
        exec(compile(ast.Module(body=[function], type_ignores=[]), "actual_fixture_header_writer", "exec"),
             comp.__dict__)
        monkeypatch.syspath_prepend(str(PLATFORM / "compose"))
        monkeypatch.delitem(sys.modules, "fixture_inventory", raising=False)
        work = tmp_path / "declared-fixture"
        work.mkdir()
        (work / "fixture.txt").write_text("Declared test state, not evidence\n")
        _git(work, "init", "-q")
        _git(work, "add", "-A")
        _git(work, "commit", "-qm", "fixture source")
        (work / "fixture.txt").write_text("Declared next comparison state, not evidence\n")
        _git(work, "add", "fixture.txt")
        rendered = {"composed/HEADER.yaml": "fixture: explicit comparison state\n"}
>       _record_header(comp, work, rendered)

tests/test_loophole_adr_0026.py:268: 
_ _ _ _ _ _ _ _ _ _ _ _ _ _ _ _ _ _ _ _ _ _ _ _ _ _ _ _ _ _ _ _ _ _ _ _ _ _ _ _ 
tests/test_loophole_adr_0026.py:243: in _record_header
    _git(work, "commit", "-q", "-m", "fixture comparison header")
tests/test_loophole_adr_0026.py:324: in _git
    subprocess.run(["git", "-c", f"core.hooksPath={hooks}", "-c", "commit.gpgSign=false",
_ _ _ _ _ _ _ _ _ _ _ _ _ _ _ _ _ _ _ _ _ _ _ _ _ _ _ _ _ _ _ _ _ _ _ _ _ _ _ _ 

input = None, capture_output = True, timeout = None, check = True
popenargs = (['git', '-c', 'core.hooksPath=/private/var/folders/6k/b9phx2zn05q_dr_mcxm6_f3h0000gn/T/pytest-of-cns/pytest-60/popen-gw1/test_record_header_preserves_r0/no-hooks', '-c', 'commit.gpgSign=false', '-c', ...],)
kwargs = {'env': {'ANDROID_HOME': '/Users/cns/Library/Android/sdk', 'ATUIN_HISTORY_ID': '01a101febf5273c2a7ecc0be26e5a5b9', 'ATUIN_SESSION': '01a101f020ca719189de2ad2c6a38987', 'ATUIN_SHLVL': '1', ...}, 'stderr': -1, 'stdout': -1}
process = <Popen: returncode: 1 args: ['git', '-c', 'core.hooksPath=/private/var/folde...>
stdout = b'On branch main\nnothing to commit, working tree clean\n'
stderr = b'', retcode = 1

    def run(*popenargs,
            input=None, capture_output=False, timeout=None, check=False, **kwargs):
        """Run command with arguments and return a CompletedProcess instance.
    
        The returned instance will have attributes args, returncode, stdout and
        stderr. By default, stdout and stderr are not captured, and those attributes
        will be None. Pass stdout=PIPE and/or stderr=PIPE in order to capture them,
        or pass capture_output=True to capture both.
    
        If check is True and the exit code was non-zero, it raises a
        CalledProcessError. The CalledProcessError object will have the return code
        in the returncode attribute, and output & stderr attributes if those streams
        were captured.
    
        If timeout (seconds) is given and the process takes too long,
         a TimeoutExpired exception will be raised.
    
        There is an optional argument "input", allowing you to
        pass bytes or a string to the subprocess's stdin.  If you use this argument
        you may not also use the Popen constructor's "stdin" argument, as
        it will be used internally.
    
        By default, all communication is in bytes, and therefore any "input" should
        be bytes, and the stdout and stderr will be bytes. If in text mode, any
        "input" should be a string, and stdout and stderr will be strings decoded
        according to locale encoding, or by "encoding" if set. Text mode is
        triggered by setting any of text, encoding, errors or universal_newlines.
    
        The other arguments are the same as for the Popen constructor.
        """
        if input is not None:
            if kwargs.get('stdin') is not None:
                raise ValueError('stdin and input arguments may not both be used.')
            kwargs['stdin'] = PIPE
    
        if capture_output:
            if kwargs.get('stdout') is not None or kwargs.get('stderr') is not None:
                raise ValueError('stdout and stderr arguments may not be used '
                                 'with capture_output.')
            kwargs['stdout'] = PIPE
            kwargs['stderr'] = PIPE
    
        with Popen(*popenargs, **kwargs) as process:
            try:
                stdout, stderr = process.communicate(input, timeout=timeout)
            except TimeoutExpired as exc:
                process.kill()
                if _mswindows:
                    # Windows accumulates the output in a single blocking
                    # read() call run on child threads, with the timeout
                    # being done in a join() on those threads.  communicate()
                    # _after_ kill() is required to collect that and add it
                    # to the exception.
                    exc.stdout, exc.stderr = process.communicate()
                else:
                    # POSIX _communicate already populated the output so
                    # far into the TimeoutExpired exception.
                    process.wait()
                raise
            except:  # Including KeyboardInterrupt, communicate handled that.
                process.kill()
                # We don't call process.wait() as .__exit__ does that for us.
                raise
            retcode = process.poll()
            if check and retcode:
>               raise CalledProcessError(retcode, process.args,
                                         output=stdout, stderr=stderr)
E               subprocess.CalledProcessError: Command '['git', '-c', 'core.hooksPath=/private/var/folders/6k/b9phx2zn05q_dr_mcxm6_f3h0000gn/T/pytest-of-cns/pytest-60/popen-gw1/test_record_header_preserves_r0/no-hooks', '-c', 'commit.gpgSign=false', '-c', 'tag.gpgSign=false', '-C', '/private/var/folders/6k/b9phx2zn05q_dr_mcxm6_f3h0000gn/T/pytest-of-cns/pytest-60/popen-gw1/test_record_header_preserves_r0/declared-fixture', 'commit', '-q', '-m', 'fixture comparison header']' returned non-zero exit status 1.

/opt/homebrew/Cellar/python@3.14/3.14.7/Frameworks/Python.framework/Versions/3.14/lib/python3.14/subprocess.py:578: CalledProcessError
____ test_record_header_preserves_real_writer_history[published-write-only] ____
[gw0] darwin -- Python 3.14.7 /Users/cns/httpdocs/controlplane/policy-as-versioned-flux/.venv/bin/python

tmp_path = PosixPath('/private/var/folders/6k/b9phx2zn05q_dr_mcxm6_f3h0000gn/T/pytest-of-cns/pytest-60/popen-gw0/test_record_header_preserves_r0')
monkeypatch = <_pytest.monkeypatch.MonkeyPatch object at 0x107202ea0>
writer_ref = 'v5.0.0'

    @pytest.mark.parametrize("writer_ref", ["v5.0.0", "HEAD"], ids=["published-write-only", "current-auto-commit"])
    def test_record_header_preserves_real_writer_history(tmp_path, monkeypatch, writer_ref):
        """The genuine old/new fixture writers both record exactly one comparison point."""
        source = subprocess.run(["git", "-C", str(PLATFORM), "show", f"{writer_ref}:compose/composition.py"],
                                check=True, capture_output=True, text=True).stdout
        function = next(node for node in ast.parse(source).body
                        if isinstance(node, ast.FunctionDef) and node.name == "_commit_header")
        comp = ModuleType("actual_fixture_header_writer")
        comp.__dict__["Path"] = Path
        exec(compile(ast.Module(body=[function], type_ignores=[]), "actual_fixture_header_writer", "exec"),
             comp.__dict__)
        monkeypatch.syspath_prepend(str(PLATFORM / "compose"))
        monkeypatch.delitem(sys.modules, "fixture_inventory", raising=False)
        work = tmp_path / "declared-fixture"
        work.mkdir()
        (work / "fixture.txt").write_text("Declared test state, not evidence\n")
        _git(work, "init", "-q")
        _git(work, "add", "-A")
        _git(work, "commit", "-qm", "fixture source")
        (work / "fixture.txt").write_text("Declared next comparison state, not evidence\n")
        _git(work, "add", "fixture.txt")
        rendered = {"composed/HEADER.yaml": "fixture: explicit comparison state\n"}
        _record_header(comp, work, rendered)
        def read(*args):
            return subprocess.run(["git", "-C", str(work), *args], check=True,
                                  capture_output=True, text=True).stdout
        assert read("show", "HEAD:composed/HEADER.yaml") == rendered["composed/HEADER.yaml"]
        assert read("show", "HEAD:fixture.txt") == (work / "fixture.txt").read_text()
        assert read("rev-list", "--count", "HEAD").strip() == "2"
        before = read("rev-parse", "HEAD")
>       _record_header(comp, work, rendered)

tests/test_loophole_adr_0026.py:276: 
_ _ _ _ _ _ _ _ _ _ _ _ _ _ _ _ _ _ _ _ _ _ _ _ _ _ _ _ _ _ _ _ _ _ _ _ _ _ _ _ 
tests/test_loophole_adr_0026.py:243: in _record_header
    _git(work, "commit", "-q", "-m", "fixture comparison header")
tests/test_loophole_adr_0026.py:324: in _git
    subprocess.run(["git", "-c", f"core.hooksPath={hooks}", "-c", "commit.gpgSign=false",
_ _ _ _ _ _ _ _ _ _ _ _ _ _ _ _ _ _ _ _ _ _ _ _ _ _ _ _ _ _ _ _ _ _ _ _ _ _ _ _ 

input = None, capture_output = True, timeout = None, check = True
popenargs = (['git', '-c', 'core.hooksPath=/private/var/folders/6k/b9phx2zn05q_dr_mcxm6_f3h0000gn/T/pytest-of-cns/pytest-60/popen-gw0/test_record_header_preserves_r0/no-hooks', '-c', 'commit.gpgSign=false', '-c', ...],)
kwargs = {'env': {'ANDROID_HOME': '/Users/cns/Library/Android/sdk', 'ATUIN_HISTORY_ID': '01a101febf5273c2a7ecc0be26e5a5b9', 'ATUIN_SESSION': '01a101f020ca719189de2ad2c6a38987', 'ATUIN_SHLVL': '1', ...}, 'stderr': -1, 'stdout': -1}
process = <Popen: returncode: 1 args: ['git', '-c', 'core.hooksPath=/private/var/folde...>
stdout = b'On branch main\nnothing to commit, working tree clean\n'
stderr = b'', retcode = 1

    def run(*popenargs,
            input=None, capture_output=False, timeout=None, check=False, **kwargs):
        """Run command with arguments and return a CompletedProcess instance.
    
        The returned instance will have attributes args, returncode, stdout and
        stderr. By default, stdout and stderr are not captured, and those attributes
        will be None. Pass stdout=PIPE and/or stderr=PIPE in order to capture them,
        or pass capture_output=True to capture both.
    
        If check is True and the exit code was non-zero, it raises a
        CalledProcessError. The CalledProcessError object will have the return code
        in the returncode attribute, and output & stderr attributes if those streams
        were captured.
    
        If timeout (seconds) is given and the process takes too long,
         a TimeoutExpired exception will be raised.
    
        There is an optional argument "input", allowing you to
        pass bytes or a string to the subprocess's stdin.  If you use this argument
        you may not also use the Popen constructor's "stdin" argument, as
        it will be used internally.
    
        By default, all communication is in bytes, and therefore any "input" should
        be bytes, and the stdout and stderr will be bytes. If in text mode, any
        "input" should be a string, and stdout and stderr will be strings decoded
        according to locale encoding, or by "encoding" if set. Text mode is
        triggered by setting any of text, encoding, errors or universal_newlines.
    
        The other arguments are the same as for the Popen constructor.
        """
        if input is not None:
            if kwargs.get('stdin') is not None:
                raise ValueError('stdin and input arguments may not both be used.')
            kwargs['stdin'] = PIPE
    
        if capture_output:
            if kwargs.get('stdout') is not None or kwargs.get('stderr') is not None:
                raise ValueError('stdout and stderr arguments may not be used '
                                 'with capture_output.')
            kwargs['stdout'] = PIPE
            kwargs['stderr'] = PIPE
    
        with Popen(*popenargs, **kwargs) as process:
            try:
                stdout, stderr = process.communicate(input, timeout=timeout)
            except TimeoutExpired as exc:
                process.kill()
                if _mswindows:
                    # Windows accumulates the output in a single blocking
                    # read() call run on child threads, with the timeout
                    # being done in a join() on those threads.  communicate()
                    # _after_ kill() is required to collect that and add it
                    # to the exception.
                    exc.stdout, exc.stderr = process.communicate()
                else:
                    # POSIX _communicate already populated the output so
                    # far into the TimeoutExpired exception.
                    process.wait()
                raise
            except:  # Including KeyboardInterrupt, communicate handled that.
                process.kill()
                # We don't call process.wait() as .__exit__ does that for us.
                raise
            retcode = process.poll()
            if check and retcode:
>               raise CalledProcessError(retcode, process.args,
                                         output=stdout, stderr=stderr)
E               subprocess.CalledProcessError: Command '['git', '-c', 'core.hooksPath=/private/var/folders/6k/b9phx2zn05q_dr_mcxm6_f3h0000gn/T/pytest-of-cns/pytest-60/popen-gw0/test_record_header_preserves_r0/no-hooks', '-c', 'commit.gpgSign=false', '-c', 'tag.gpgSign=false', '-C', '/private/var/folders/6k/b9phx2zn05q_dr_mcxm6_f3h0000gn/T/pytest-of-cns/pytest-60/popen-gw0/test_record_header_preserves_r0/declared-fixture', 'commit', '-q', '-m', 'fixture comparison header']' returned non-zero exit status 1.

/opt/homebrew/Cellar/python@3.14/3.14.7/Frameworks/Python.framework/Versions/3.14/lib/python3.14/subprocess.py:578: CalledProcessError
=========================== short test summary info ============================
FAILED tests/test_loophole_adr_0026.py::test_record_header_preserves_real_writer_history[current-auto-commit]
FAILED tests/test_loophole_adr_0026.py::test_record_header_preserves_real_writer_history[published-write-only]
2 failed in 1.93s
