test_composed_route_waiting_on_apps_is_a_cycle (test_apps_dependencies.AppAdmissionOrder.test_composed_route_waiting_on_apps_is_a_cycle) ... ok
test_current_native_apps_wait_for_the_actual_composed_graph (test_apps_dependencies.AppAdmissionOrder.test_current_native_apps_wait_for_the_actual_composed_graph) ... FAIL
test_duplicate_route_is_rejected (test_apps_dependencies.AppAdmissionOrder.test_duplicate_route_is_rejected) ... ok
test_missing_or_invented_route_is_rejected (test_apps_dependencies.AppAdmissionOrder.test_missing_or_invented_route_is_rejected) ... ok

======================================================================
FAIL: test_current_native_apps_wait_for_the_actual_composed_graph (test_apps_dependencies.AppAdmissionOrder.test_current_native_apps_wait_for_the_actual_composed_graph)
----------------------------------------------------------------------
Traceback (most recent call last):
  File "/private/tmp/pavf-ludlow-maintenance-20261004-estate/ludlow/tests/test_apps_dependencies.py", line 54, in test_current_native_apps_wait_for_the_actual_composed_graph
    assert_ordered(self, self.apps, self.generated)
    ~~~~~~~~~~~~~~^^^^^^^^^^^^^^^^^^^^^^^^^^^^^^^^^
  File "/private/tmp/pavf-ludlow-maintenance-20261004-estate/ludlow/tests/test_apps_dependencies.py", line 27, in assert_ordered
    test.assertEqual(set(graph[key(apps)]), {key(obj) for obj in policies},
    ~~~~~~~~~~~~~~~~^^^^^^^^^^^^^^^^^^^^^^^^^^^^^^^^^^^^^^^^^^^^^^^^^^^^^^^
                     'apps must wait for every composed policy route and machinery')
                     ^^^^^^^^^^^^^^^^^^^^^^^^^^^^^^^^^^^^^^^^^^^^^^^^^^^^^^^^^^^^^^^
AssertionError: Items in the second set but not the first:
('flux-system', 'composed-machinery')
('flux-system', 'composed-v7-0-0')
('flux-system', 'composed-v5-0-0')
('flux-system', 'composed-v6-0-0') : apps must wait for every composed policy route and machinery

----------------------------------------------------------------------
Ran 4 tests in 0.052s

FAILED (failures=1)
