test_a_committed_recompose_is_the_next_before (test_comparison_history.CommittedBefore.test_a_committed_recompose_is_the_next_before) ... ok
test_a_half_written_composed_tree_is_not_read_as_the_before (test_comparison_history.CommittedBefore.test_a_half_written_composed_tree_is_not_read_as_the_before) ... ok
test_a_stale_working_tree_before_does_not_hide_a_delta (test_comparison_history.CommittedBefore.test_a_stale_working_tree_before_does_not_hide_a_delta) ... ok
test_two_recomposes_in_a_row_give_the_same_deltas_as_one (test_comparison_history.CommittedBefore.test_two_recomposes_in_a_row_give_the_same_deltas_as_one) ... ok
test_already_replayable_legacy_artefact_keeps_legacy_verification (test_comparison_history.ComparisonHistory.test_already_replayable_legacy_artefact_keeps_legacy_verification) ... ok
test_control_and_namespace_changes_retain_their_original_comparison (test_comparison_history.ComparisonHistory.test_control_and_namespace_changes_retain_their_original_comparison) ... ok
test_corrupt_recorded_inputs_refuse_instead_of_bootstrapping (test_comparison_history.ComparisonHistory.test_corrupt_recorded_inputs_refuse_instead_of_bootstrapping) ... ok
test_legacy_refresh_records_existing_state_without_inventing_lost_transition (test_comparison_history.ComparisonHistory.test_legacy_refresh_records_existing_state_without_inventing_lost_transition) ... ok
test_malformed_history_and_changed_replay_inputs_refuse (test_comparison_history.ComparisonHistory.test_malformed_history_and_changed_replay_inputs_refuse) ... ok
test_next_source_transition_advances_history_then_replays (test_comparison_history.ComparisonHistory.test_next_source_transition_advances_history_then_replays) ... ok
test_publisher_version_comparison_survives_save_and_replay (test_comparison_history.ComparisonHistory.test_publisher_version_comparison_survives_save_and_replay) ... ok
test_restatement_cage_transition_replays_then_advances_on_next_source_edit (test_comparison_history.ComparisonHistory.test_restatement_cage_transition_replays_then_advances_on_next_source_edit) ... ok
test_unsigned_feed_transition_survives_saved_evidence_and_repeated_compose (test_comparison_history.ComparisonHistory.test_unsigned_feed_transition_survives_saved_evidence_and_repeated_compose) ... ok
test_a_fresh_compose_keeps_the_v330_comparison_and_restamps_after (test_comparison_history.FormulaMigration.test_a_fresh_compose_keeps_the_v330_comparison_and_restamps_after) ... ok
test_a_v330_record_over_a_changed_source_still_starts_a_new_comparison (test_comparison_history.FormulaMigration.test_a_v330_record_over_a_changed_source_still_starts_a_new_comparison) ... ok
test_verification_accepts_a_v330_record_across_a_lane_commit (test_comparison_history.FormulaMigration.test_verification_accepts_a_v330_record_across_a_lane_commit) ... ok
test_a_changed_lane_declaration_starts_a_new_comparison (test_comparison_history.ObservationLane.test_a_changed_lane_declaration_starts_a_new_comparison) ... ok
test_a_declaration_the_hub_does_not_grade_excludes_nothing (test_comparison_history.ObservationLane.test_a_declaration_the_hub_does_not_grade_excludes_nothing) ... ok
test_a_lane_append_leaves_the_identity_and_verification_unchanged (test_comparison_history.ObservationLane.test_a_lane_append_leaves_the_identity_and_verification_unchanged) ... ok
test_a_lane_path_outside_the_repository_refuses_by_name (test_comparison_history.ObservationLane.test_a_lane_path_outside_the_repository_refuses_by_name) ... ok
test_a_party_edit_changes_the_identity (test_comparison_history.ObservationLane.test_a_party_edit_changes_the_identity) ... ok
test_a_scheduled_lane_outside_the_adr_0024_list_refuses_by_name (test_comparison_history.ObservationLane.test_a_scheduled_lane_outside_the_adr_0024_list_refuses_by_name) ... ok
test_a_source_file_beside_a_lane_file_is_still_source (test_comparison_history.ObservationLane.test_a_source_file_beside_a_lane_file_is_still_source) ... ok
test_a_yaml_file_in_a_lane_stays_source_because_the_composer_reads_it (test_comparison_history.ObservationLane.test_a_yaml_file_in_a_lane_stays_source_because_the_composer_reads_it) ... ok
test_every_path_inside_the_adr_0024_list_is_a_lane (test_comparison_history.ObservationLane.test_every_path_inside_the_adr_0024_list_is_a_lane) ... ok
test_a_header_with_the_field_projects_it_even_when_empty (test_comparison_history.OptionalHeaderField.test_a_header_with_the_field_projects_it_even_when_empty) ... ok
test_a_header_without_the_field_projects_without_it (test_comparison_history.OptionalHeaderField.test_a_header_without_the_field_projects_without_it) ... ok
test_a_malformed_field_or_an_unknown_one_refuses (test_comparison_history.OptionalHeaderField.test_a_malformed_field_or_an_unknown_one_refuses) ... ok
test_withdrawn_selectable_is_a_boolean_carried_only_where_recorded (test_comparison_history.OptionalHeaderField.test_withdrawn_selectable_is_a_boolean_carried_only_where_recorded)
Eco-system ticket 126: `withdrawn-selectable: false` says the header's ... ok
test_a_claim_that_stops_counting_opens_a_new_hole_that_says_why (test_engine_pairing.EnginePairing.test_a_claim_that_stops_counting_opens_a_new_hole_that_says_why) ... ok
test_a_control_a_supported_line_also_claims_is_still_a_hole (test_engine_pairing.EnginePairing.test_a_control_a_supported_line_also_claims_is_still_a_hole) ... ok
test_a_line_with_no_tested_engines_supports_no_engine (test_engine_pairing.EnginePairing.test_a_line_with_no_tested_engines_supports_no_engine) ... ok
test_a_platform_with_no_machinery_declaration_supports_no_engine_for_the_machinery (test_engine_pairing.EnginePairing.test_a_platform_with_no_machinery_declaration_supports_no_engine_for_the_machinery) ... ok
test_a_retired_scope_supports_no_engine (test_engine_pairing.EnginePairing.test_a_retired_scope_supports_no_engine) ... ok
test_a_supported_pairing_prints_no_engine_delta_and_the_header_records_the_engine (test_engine_pairing.EnginePairing.test_a_supported_pairing_prints_no_engine_delta_and_the_header_records_the_engine) ... ok
test_an_engine_nothing_lists_prices_the_line_and_the_machinery (test_engine_pairing.EnginePairing.test_an_engine_nothing_lists_prices_the_line_and_the_machinery) ... ok
test_an_engine_only_the_machinery_lists_prices_the_line_alone (test_engine_pairing.EnginePairing.test_an_engine_only_the_machinery_lists_prices_the_line_alone) ... ok
test_an_unsupported_pairing_verifies_byte_for_byte (test_engine_pairing.EnginePairing.test_an_unsupported_pairing_verifies_byte_for_byte) ... ok
test_every_malformed_declaration_refuses_as_a_missing_instrument (test_engine_pairing.EnginePairing.test_every_malformed_declaration_refuses_as_a_missing_instrument) ... ok
test_no_declaration_is_priced_under_undeclared_engine (test_engine_pairing.EnginePairing.test_no_declaration_is_priced_under_undeclared_engine) ... ok
test_the_delta_amount_is_the_sum_of_the_hole_prices_of_the_controls_it_names (test_engine_pairing.EnginePairing.test_the_delta_amount_is_the_sum_of_the_hole_prices_of_the_controls_it_names) ... ok
test_the_rule_that_reads_tested_engines_is_the_graders (test_engine_pairing.EnginePairing.test_the_rule_that_reads_tested_engines_is_the_graders) ... ok
test_a_known_old_price_still_requires_an_actual_currency_conversion (test_feed_price_transitions.FeedPriceTransitions.test_a_known_old_price_still_requires_an_actual_currency_conversion) ... ok
test_a_malformed_scenario_still_refuses_in_the_price_engine (test_feed_price_transitions.FeedPriceTransitions.test_a_malformed_scenario_still_refuses_in_the_price_engine) ... ok
test_both_absent_intersections_remain_unpriced (test_feed_price_transitions.FeedPriceTransitions.test_both_absent_intersections_remain_unpriced) ... ok
test_missing_inventory_remains_a_refused_instrument (test_feed_price_transitions.FeedPriceTransitions.test_missing_inventory_remains_a_refused_instrument) ... ok
test_newly_absent_intersection_retains_the_known_old_price_and_no_new_zero (test_feed_price_transitions.FeedPriceTransitions.test_newly_absent_intersection_retains_the_known_old_price_and_no_new_zero) ... ok
test_previously_absent_intersection_can_be_priced_without_a_fabricated_old_price (test_feed_price_transitions.FeedPriceTransitions.test_previously_absent_intersection_can_be_priced_without_a_fabricated_old_price) ... ok
test_two_priced_intersections_retain_their_measured_comparison (test_feed_price_transitions.FeedPriceTransitions.test_two_priced_intersections_retain_their_measured_comparison) ... ok
test_explicit_null_history_is_invalid_not_an_absent_legacy_record (test_floor_change.FloorChange.test_explicit_null_history_is_invalid_not_an_absent_legacy_record) ... ok
test_floor_change_with_no_selected_tier_change_still_records_zero (test_floor_change.FloorChange.test_floor_change_with_no_selected_tier_change_still_records_zero) ... ok
test_floor_comparison_survives_save_verify_and_detects_changed_output (test_floor_change.FloorChange.test_floor_comparison_survives_save_verify_and_detects_changed_output) ... ok
test_lowering_is_visible_without_changing_publisher_comparison (test_floor_change.FloorChange.test_lowering_is_visible_without_changing_publisher_comparison) ... ok
test_malformed_recorded_history_refuses_instead_of_guessing (test_floor_change.FloorChange.test_malformed_recorded_history_refuses_instead_of_guessing) ... ok
test_publisher_move_is_held_at_current_inputs_for_both_floor_sides (test_floor_change.FloorChange.test_publisher_move_is_held_at_current_inputs_for_both_floor_sides) ... ok
test_removal_is_known_absence_not_unknown_history (test_floor_change.FloorChange.test_removal_is_known_absence_not_unknown_history) ... ok
test_tightening_prices_retained_residual_not_uncaged_exposure (test_floor_change.FloorChange.test_tightening_prices_retained_residual_not_uncaged_exposure) ... ok
test_unchanged_floor_has_no_invented_delta_and_missing_history_stays_named (test_floor_change.FloorChange.test_unchanged_floor_has_no_invented_delta_and_missing_history_stays_named) ... ok
test_a_measured_zero_remains_a_monetary_amount (test_handbook_unpriced.UnpricedExposureRegime.test_a_measured_zero_remains_a_monetary_amount) ... ok
test_a_nonnumeric_present_amount_is_still_refused (test_handbook_unpriced.UnpricedExposureRegime.test_a_nonnumeric_present_amount_is_still_refused) ... ok
test_unpriced_regime_names_its_absent_amount_and_still_renders (test_handbook_unpriced.UnpricedExposureRegime.test_unpriced_regime_names_its_absent_amount_and_still_renders) ... ok
test_every_rendered_object_has_exactly_one_route (test_machinery_delivery.MachineryDelivery.test_every_rendered_object_has_exactly_one_route) ... ok
test_the_handbook_does_not_count_the_kustomization_as_installed (test_machinery_delivery.MachineryDelivery.test_the_handbook_does_not_count_the_kustomization_as_installed) ... ok
test_the_root_kustomization_lists_every_root_object (test_machinery_delivery.MachineryDelivery.test_the_root_kustomization_lists_every_root_object) ... ok
test_the_root_kustomization_verifies_byte_for_byte (test_machinery_delivery.MachineryDelivery.test_the_root_kustomization_verifies_byte_for_byte) ... ok
test_the_root_list_names_files_not_directories (test_machinery_delivery.MachineryDelivery.test_the_root_list_names_files_not_directories) ... ok
test_an_unreadable_target_must_say_so_consistently (test_portable_observations.PortableObservations.test_an_unreadable_target_must_say_so_consistently) ... ok
test_behind_a_major_the_checkout_cannot_read_is_priced_and_replays (test_portable_observations.PortableObservations.test_behind_a_major_the_checkout_cannot_read_is_priced_and_replays) ... ok
test_current_and_unobserved_are_recorded_not_reinterpreted_offline (test_portable_observations.PortableObservations.test_current_and_unobserved_are_recorded_not_reinterpreted_offline) ... ok
test_incomplete_signature_and_mismatched_target_tags_refuse_offline (test_portable_observations.PortableObservations.test_incomplete_signature_and_mismatched_target_tags_refuse_offline) ... ok
test_later_tag_changes_fresh_composition_but_not_verification (test_portable_observations.PortableObservations.test_later_tag_changes_fresh_composition_but_not_verification) ... ok
test_legacy_provenance_requires_refresh_and_does_not_invent_history (test_portable_observations.PortableObservations.test_legacy_provenance_requires_refresh_and_does_not_invent_history) ... ok
test_signed_supersede_rerenders_without_the_publisher (test_portable_observations.PortableObservations.test_signed_supersede_rerenders_without_the_publisher) ... ok
test_snapshot_for_another_feed_or_invalid_dates_refuses (test_portable_observations.PortableObservations.test_snapshot_for_another_feed_or_invalid_dates_refuses) ... ok
test_each_feed_vendors_to_its_own_directory (test_portable_observations.TwoFeedsOfOnePublisherAtOneMajor.test_each_feed_vendors_to_its_own_directory) ... ok
test_a_tampered_second_feed_still_refuses_by_its_own_name (test_portable_observations.TwoFeedsOfOnePublisherAtTwoMajors.test_a_tampered_second_feed_still_refuses_by_its_own_name) ... ok
test_each_feed_reads_its_own_vendored_tree_with_the_publisher_absent (test_portable_observations.TwoFeedsOfOnePublisherAtTwoMajors.test_each_feed_reads_its_own_vendored_tree_with_the_publisher_absent) ... ok
test_declared_parent_paths_normalize_both_lexical_and_resolved_names (test_portable_reason.PortableSwitchingReason.test_declared_parent_paths_normalize_both_lexical_and_resolved_names) ... ok
test_feed_specific_paths_keep_the_most_specific_declared_source_label (test_portable_reason.PortableSwitchingReason.test_feed_specific_paths_keep_the_most_specific_declared_source_label) ... ok
test_real_missing_frequency_refusal_is_identical_through_a_symlink_alias (test_portable_reason.PortableSwitchingReason.test_real_missing_frequency_refusal_is_identical_through_a_symlink_alias) ... ok
test_a_class_in_another_version_does_not_count (test_priority_classes.PriorityClasses.test_a_class_in_another_version_does_not_count) ... ok
test_a_jsonpatch_that_writes_the_class_refuses (test_priority_classes.PriorityClasses.test_a_jsonpatch_that_writes_the_class_refuses) ... ok
test_a_patch_path_in_structured_form_refuses (test_priority_classes.PriorityClasses.test_a_patch_path_in_structured_form_refuses) ... ok
test_a_pinned_tier_names_only_its_own_row (test_priority_classes.PriorityClasses.test_a_pinned_tier_names_only_its_own_row) ... ok
test_a_version_that_carries_none_of_its_classes_refuses (test_priority_classes.PriorityClasses.test_a_version_that_carries_none_of_its_classes_refuses) ... ok
test_an_expression_the_composer_cannot_read_refuses (test_priority_classes.PriorityClasses.test_an_expression_the_composer_cannot_read_refuses) ... ok
test_an_overlay_member_naming_a_literal_class_refuses (test_priority_classes.PriorityClasses.test_an_overlay_member_naming_a_literal_class_refuses) ... ok
test_each_version_carries_the_classes_its_cage_names (test_priority_classes.PriorityClasses.test_each_version_carries_the_classes_its_cage_names) ... ok
test_machinery_that_names_a_class_it_does_not_ship_refuses (test_priority_classes.PriorityClasses.test_machinery_that_names_a_class_it_does_not_ship_refuses) ... ok
test_one_missing_class_is_named_alone (test_priority_classes.PriorityClasses.test_one_missing_class_is_named_alone) ... ok
test_reading_the_machinery_leaves_the_shared_cage_body_alone (test_priority_classes.PriorityClasses.test_reading_the_machinery_leaves_the_shared_cage_body_alone) ... ok
test_the_composed_classes_verify_byte_for_byte (test_priority_classes.PriorityClasses.test_the_composed_classes_verify_byte_for_byte) ... ok
test_the_served_cage_names_its_four_classes_and_nothing_unread (test_priority_classes.PriorityClasses.test_the_served_cage_names_its_four_classes_and_nothing_unread) ... ok
test_a_stale_estate_skips_by_name_without_a_traceback (test_priority_classes.SelfcheckAgainstAStaleEstate.test_a_stale_estate_skips_by_name_without_a_traceback) ... ok
test_the_missing_machinery_is_named (test_priority_classes.SelfcheckAgainstAStaleEstate.test_the_missing_machinery_is_named) ... ok
test_the_real_platform_misses_nothing (test_priority_classes.SelfcheckAgainstAStaleEstate.test_the_real_platform_misses_nothing) ... ok
test_committed_apps_objects_travel_without_dirty_bytes_or_prior_comparison (test_real_adopter_fixture.RealAdopterFixture.test_committed_apps_objects_travel_without_dirty_bytes_or_prior_comparison) ... ok
test_a_binding_needs_one_published_policy_to_control_mapping (test_workload_risk.WorkloadRisk.test_a_binding_needs_one_published_policy_to_control_mapping) ... ok
test_a_stricter_statement_cannot_claim_a_retained_workload_risk (test_workload_risk.WorkloadRisk.test_a_stricter_statement_cannot_claim_a_retained_workload_risk) ... ok
test_bound_restated_workload_emits_a_joinable_risk_from_its_actual_decision (test_workload_risk.WorkloadRisk.test_bound_restated_workload_emits_a_joinable_risk_from_its_actual_decision) ... ok
test_invalid_or_undeclared_subject_refuses (test_workload_risk.WorkloadRisk.test_invalid_or_undeclared_subject_refuses) ... ok
test_the_lane_joins_the_actual_bound_decision_with_its_pinned_engine (test_workload_risk.WorkloadRisk.test_the_lane_joins_the_actual_bound_decision_with_its_pinned_engine) ... ok
test_unbound_inability_keeps_its_decision_without_inventing_a_pod_risk (test_workload_risk.WorkloadRisk.test_unbound_inability_keeps_its_decision_without_inventing_a_pod_risk) ... ok

----------------------------------------------------------------------
Ran 103 tests in 88.427s

OK
