Creating cluster "pavf-engine-150-upgrade-20261003" ...
 • Ensuring node image (kindest/node) 🖼️  ...
 ✓ Ensuring node image (kindest/node) 🖼️
 • Preparing nodes 📦   ...
 ✓ Preparing nodes 📦 
 • Writing configuration 📜  ...
 ✓ Writing configuration 📜
 • Starting control-plane 🕹️  ...
 ✓ Starting control-plane 🕹️
 • Installing CNI 🔌  ...
 ✓ Installing CNI 🔌
 • Installing StorageClass 💾  ...
 ✓ Installing StorageClass 💾
 • Waiting ≤ 3m0s for control-plane = Ready ⏳  ...
 ✓ Waiting ≤ 3m0s for control-plane = Ready ⏳
 • Ready after 13s 💚
Set kubectl context to "kind-pavf-engine-150-upgrade-20261003"
You can now use your cluster with:

kubectl cluster-info --context kind-pavf-engine-150-upgrade-20261003 --kubeconfig /Users/cns/httpdocs/controlplane/policy-as-versioned-flux/.scratch/ecosystem/research/resume-2026-10-03/engine-150-admission/upgrade/kubeconfig

Thanks for using kind! 😊
