namespace/kyverno serverside-applied
serviceaccount/kyverno-admission-controller serverside-applied
serviceaccount/kyverno-background-controller serverside-applied
serviceaccount/kyverno-cleanup-controller serverside-applied
serviceaccount/kyverno-reports-controller serverside-applied
configmap/kyverno serverside-applied
configmap/kyverno-metrics serverside-applied
customresourcedefinition.apiextensions.k8s.io/cleanuppolicies.kyverno.io serverside-applied
customresourcedefinition.apiextensions.k8s.io/clustercleanuppolicies.kyverno.io serverside-applied
customresourcedefinition.apiextensions.k8s.io/clusterpolicies.kyverno.io serverside-applied
customresourcedefinition.apiextensions.k8s.io/globalcontextentries.kyverno.io serverside-applied
customresourcedefinition.apiextensions.k8s.io/policies.kyverno.io serverside-applied
customresourcedefinition.apiextensions.k8s.io/policyexceptions.kyverno.io serverside-applied
customresourcedefinition.apiextensions.k8s.io/updaterequests.kyverno.io serverside-applied
customresourcedefinition.apiextensions.k8s.io/clusterephemeralreports.reports.kyverno.io serverside-applied
customresourcedefinition.apiextensions.k8s.io/ephemeralreports.reports.kyverno.io serverside-applied
customresourcedefinition.apiextensions.k8s.io/clusterpolicyreports.wgpolicyk8s.io serverside-applied
customresourcedefinition.apiextensions.k8s.io/policyreports.wgpolicyk8s.io serverside-applied
customresourcedefinition.apiextensions.k8s.io/deletingpolicies.policies.kyverno.io serverside-applied
customresourcedefinition.apiextensions.k8s.io/generatingpolicies.policies.kyverno.io serverside-applied
customresourcedefinition.apiextensions.k8s.io/imagevalidatingpolicies.policies.kyverno.io serverside-applied
customresourcedefinition.apiextensions.k8s.io/mutatingpolicies.policies.kyverno.io serverside-applied
customresourcedefinition.apiextensions.k8s.io/namespaceddeletingpolicies.policies.kyverno.io serverside-applied
customresourcedefinition.apiextensions.k8s.io/namespacedgeneratingpolicies.policies.kyverno.io serverside-applied
customresourcedefinition.apiextensions.k8s.io/namespacedimagevalidatingpolicies.policies.kyverno.io serverside-applied
customresourcedefinition.apiextensions.k8s.io/namespacedmutatingpolicies.policies.kyverno.io serverside-applied
customresourcedefinition.apiextensions.k8s.io/namespacedvalidatingpolicies.policies.kyverno.io serverside-applied
customresourcedefinition.apiextensions.k8s.io/policyexceptions.policies.kyverno.io serverside-applied
customresourcedefinition.apiextensions.k8s.io/validatingpolicies.policies.kyverno.io serverside-applied
clusterrole.rbac.authorization.k8s.io/kyverno:admission-controller serverside-applied
clusterrole.rbac.authorization.k8s.io/kyverno:admission-controller:core serverside-applied
clusterrole.rbac.authorization.k8s.io/kyverno:background-controller serverside-applied
clusterrole.rbac.authorization.k8s.io/kyverno:background-controller:core serverside-applied
clusterrole.rbac.authorization.k8s.io/kyverno:cleanup-controller serverside-applied
clusterrole.rbac.authorization.k8s.io/kyverno:cleanup-controller:core serverside-applied
clusterrole.rbac.authorization.k8s.io/kyverno:rbac:admin:policies serverside-applied
clusterrole.rbac.authorization.k8s.io/kyverno:rbac:view:policies serverside-applied
clusterrole.rbac.authorization.k8s.io/kyverno:rbac:admin:policyreports serverside-applied
clusterrole.rbac.authorization.k8s.io/kyverno:rbac:view:policyreports serverside-applied
clusterrole.rbac.authorization.k8s.io/kyverno:rbac:admin:reports serverside-applied
clusterrole.rbac.authorization.k8s.io/kyverno:rbac:view:reports serverside-applied
clusterrole.rbac.authorization.k8s.io/kyverno:rbac:admin:updaterequests serverside-applied
clusterrole.rbac.authorization.k8s.io/kyverno:rbac:view:updaterequests serverside-applied
clusterrole.rbac.authorization.k8s.io/kyverno:reports-controller serverside-applied
clusterrole.rbac.authorization.k8s.io/kyverno:reports-controller:core serverside-applied
clusterrolebinding.rbac.authorization.k8s.io/kyverno:admission-controller serverside-applied
clusterrolebinding.rbac.authorization.k8s.io/kyverno:admission-controller:view serverside-applied
clusterrolebinding.rbac.authorization.k8s.io/kyverno:background-controller serverside-applied
clusterrolebinding.rbac.authorization.k8s.io/kyverno:background-controller:view serverside-applied
clusterrolebinding.rbac.authorization.k8s.io/kyverno:cleanup-controller serverside-applied
clusterrolebinding.rbac.authorization.k8s.io/kyverno:reports-controller serverside-applied
clusterrolebinding.rbac.authorization.k8s.io/kyverno:reports-controller:view serverside-applied
role.rbac.authorization.k8s.io/kyverno:admission-controller serverside-applied
role.rbac.authorization.k8s.io/kyverno:background-controller serverside-applied
role.rbac.authorization.k8s.io/kyverno:cleanup-controller serverside-applied
role.rbac.authorization.k8s.io/kyverno:reports-controller serverside-applied
rolebinding.rbac.authorization.k8s.io/kyverno:admission-controller serverside-applied
rolebinding.rbac.authorization.k8s.io/kyverno:background-controller serverside-applied
rolebinding.rbac.authorization.k8s.io/kyverno:cleanup-controller serverside-applied
rolebinding.rbac.authorization.k8s.io/kyverno:reports-controller serverside-applied
service/kyverno-svc serverside-applied
service/kyverno-svc-metrics serverside-applied
service/kyverno-background-controller-metrics serverside-applied
service/kyverno-cleanup-controller serverside-applied
service/kyverno-cleanup-controller-metrics serverside-applied
service/kyverno-reports-controller-metrics serverside-applied
deployment.apps/kyverno-admission-controller serverside-applied
deployment.apps/kyverno-background-controller serverside-applied
deployment.apps/kyverno-cleanup-controller serverside-applied
deployment.apps/kyverno-reports-controller serverside-applied
