^[[1;36m==>^[[0m 0. the grader can fail
  ok   selfcheck: the grader fails fifteen ways a lift can look done and not be (the served path read from the adopter's own gotk-sync.yaml among them), could-not-looks (naming the pull request) when one has not landed, counts both residuals and the pinned trees it could not read, accepts a glob pattern and a ./ entry, parses the kyverno verdict per policy by name (a skipped 9.9.9 pod at exit 0 is not admitted), and grades the set the adopter's composed-set.yaml serves at its pin (a PriorityClass in a version directory gives no verdict and is admitted; nine ways that set can leave the app unadmitted or uncaged all fail by name; a planner that dies, or grades fewer apps than have landed, fails)
^[[1;36m==>^[[0m 0b. what this check cannot see
  ??   blind spot: whether the container the served manifest names actually STARTS is a cluster fact. These three images set no USER, so each served pod names a numeric runAsUser and mounts the paths its process writes; that reasoning is checked by nobody here. The live half is the adopters' own drift-sample lane, which has never had a persistent cluster on a citable run
  ??   blind spot: anonymous OCI manifest reads are collected by the clocks job and graded by verify/incumbent-org; this offline check compares each served digest with the register
  ??   blind spot: public repository archived flags need no private credential; verify/incumbent-org reads them in the clocks job to avoid the shared runner's anonymous API rate limit
  ??   blind spot: whether any adopter's composed set admits the workload at UPDATE. Every composed policy and the orphan guard declare CREATE+UPDATE; `kyverno apply` evaluates CREATE only, and no UPDATE-scoped evaluation exists anywhere in this estate
^[[1;36m==>^[[0m 1. every registered lift, against the adopters' own served trees and their own gotk-sync.yaml
  FAIL  ledger -> tuppence
          tuppence/apps/ledger remains after the source transferred to its own repository
          pinned tree: v4.0.0 (f575dc1) lists ledger.yaml in gitops/apps/kustomization.yaml
  FAIL  storefront -> driftwood
          driftwood/apps/storefront remains after the source transferred to its own repository
          driftwood/renovate.json disables Renovate, so no image digest is bumped
          pinned tree: v3.0.1 (17302ec) lists storefront.yaml in gitops/apps/kustomization.yaml
  FAIL  reports -> ludlow
          ludlow/apps/reports remains after the source transferred to its own repository
          pinned tree: v3.0.1 (5ff4636) lists reports.yaml in gitops/apps/kustomization.yaml
  FAIL  api -> driftwood
          driftwood/renovate.json disables Renovate, so no image digest is bumped
          pinned tree: v3.0.1 (17302ec) lists api.yaml in gitops/apps/kustomization.yaml
  LIMIT  0 of 4 lifted apps are still served an image built and published by the incumbent org policy-as-versioned-flux; 0 pinned workload image(s) could not be read: the count reads manifests at each adopter's apps-source tag; a proposed digest at HEAD does not change what that pin serves
  LIMIT  0 of 4 lifts are listed at main and not in the tree the GitRepository pins (v3.0.1, v4.0.0); 0 of 4 pinned trees could not be read: a cluster reconciling that pin is served none of these until the adopter cuts a tag and moves its own ref.tag+commit, which no renovate customManager bumps
  BLIND  whether the container the served manifest names actually STARTS is a cluster fact. These three images set no USER, so each served pod names a numeric runAsUser and mounts the paths its process writes; that reasoning is checked by nobody here. The live half is the adopters' own drift-sample lane, which has never had a persistent cluster on a citable run
  BLIND  anonymous OCI manifest reads are collected by the clocks job and graded by verify/incumbent-org; this offline check compares each served digest with the register
  BLIND  public repository archived flags need no private credential; verify/incumbent-org reads them in the clocks job to avoid the shared runner's anonymous API rate limit
  BLIND  whether any adopter's composed set admits the workload at UPDATE. Every composed policy and the orphan guard declare CREATE+UPDATE; `kyverno apply` evaluates CREATE only, and no UPDATE-scoped evaluation exists anywhere in this estate
  NOTE   the hub is read as a WORKING TREE, untracked files included -- a copy parked and never committed is still a copy here; its record directories are not read as working copies: ['.scratch', '.git', 'docs', 'research', 'explorations']; not the hub's tree at all: ['.estate-clone', '.estate-apps', '.venv', 'node_modules', '__pycache__', '.mypy_cache', '.pytest_cache']; the register names the images on purpose
^[[1;36m==>^[[0m 2. the same discovery the adopters' own shift-left gates run
  ok   tuppence's own served-workloads.py names gitops/apps/ledger.yaml
  ok   driftwood's own served-workloads.py names gitops/apps/storefront.yaml
  ok   ludlow's own served-workloads.py names gitops/apps/reports.yaml
  ok   driftwood's own served-workloads.py names gitops/apps/api.yaml
^[[1;36m==>^[[0m 3. the set each adopter serves (gitops/composed/composed-set.yaml at its pin, every route its ResourceSet renders), run over the served workload (kyverno 1.18.2; CREATE only, baseline dial, no namespaceObject)
  ok   ledger: the set tuppence serves (gitops/composed/composed-set.yaml at v4.0.0@f575dc1, 21 policies across every route its ResourceSet renders) admits tuppence/gitops/apps/ledger.yaml at CREATE only, baseline dial, no namespaceObject -- pass: 10, fail: 0, warn: 0, error: 0, skip: 14; each policy of its claimed version and the orphan guard has a Pass row of its own (cage-netpol-7-0-0 cage-tier-7-0-0 require-nonroot-7-0-0 stamp-posture-7-0-0 policy-version-orphan-guard), every other row is Pass or Skip, and the cage writes priorityClassName cage-isolated-7-0-0, which the set serves
  FAIL storefront: driftwood's served set cannot grade driftwood/gitops/apps/storefront.yaml -- gitops/apps/storefront.yaml claims 7.0.0, and gitops/composed/composed-set.yaml serves ['5.0.0'] at v3.0.0@bf9889a, so no served policy version cages it
  FAIL reports: ludlow's served set cannot grade ludlow/gitops/apps/reports.yaml -- gitops/apps/reports.yaml claims 7.0.0, and gitops/composed/composed-set.yaml serves ['5.0.0'] at v3.0.0@45b3fbd, so no served policy version cages it
  FAIL api: driftwood's served set cannot grade driftwood/gitops/apps/api.yaml -- gitops/apps/api.yaml claims 7.0.0, and gitops/composed/composed-set.yaml serves ['5.0.0'] at v3.0.0@bf9889a, so no served policy version cages it
FAIL: a served workload is not admitted and caged at CREATE by the set its own adopter serves, or that adopter's own gate cannot discover it
