
Applying 1 policy rule(s) to 13 resource(s)...


Mutation:
Mutation has been applied successfully.

Mutation:
Mutation has been applied successfully.

Mutation:
Mutation has been applied successfully.

Mutation:
Mutation has been applied successfully.

Mutation:
Mutation has been applied successfully.

Mutation:
Mutation has been applied successfully.

Mutation:
Mutation has been applied successfully.

Mutation:
Mutation has been applied successfully.

Mutation:
Mutation has been applied successfully.

Mutation:
Mutation has been applied successfully.

Mutation:
Mutation has been applied successfully.

Mutation:
Mutation has been applied successfully.

Mutation:
Mutation has been applied successfully.

Mutation:
Mutation has been applied successfully.

Mutation:
Mutation has been applied successfully.

Mutation:
Mutation has been applied successfully.

Mutation:
Mutation has been applied successfully.

Mutation:
Mutation has been applied successfully.

Mutation:
Mutation has been applied successfully.

Mutation:
Mutation has been applied successfully.

Mutation:
Mutation has been applied successfully.

Mutation:
Mutation has been applied successfully.

Mutation:
Mutation has been applied successfully.

Mutation:
Mutation has been applied successfully.

Mutation:
Mutation has been applied successfully.

Mutation:
Mutation has been applied successfully.
skipped mutate policy cage-tier-5-0-0 -> resource kube-system/Pod/unclaimed-system

pass: 24, fail: 0, warn: 0, error: 0, skip: 2 
