== 1. KiND cluster (from scratch; idempotent) ==
Creating cluster "c2p-real-job" ...
 • Ensuring node image (kindest/node:v1.36.1) 🖼  ...
 ✓ Ensuring node image (kindest/node:v1.36.1) 🖼
 • Preparing nodes 📦   ...
 ✓ Preparing nodes 📦 
 • Writing configuration 📜  ...
 ✓ Writing configuration 📜
 • Starting control-plane 🕹️  ...
 ✓ Starting control-plane 🕹️
 • Installing CNI 🔌  ...
 ✓ Installing CNI 🔌
 • Installing StorageClass 💾  ...
 ✓ Installing StorageClass 💾
 • Waiting ≤ 2m0s for control-plane = Ready ⏳  ...
 ✓ Waiting ≤ 2m0s for control-plane = Ready ⏳
 • Ready after 28s 💚
Set kubectl context to "kind-c2p-real-job"
You can now use your cluster with:

kubectl cluster-info --context kind-c2p-real-job

Thanks for using kind! 😊
== 2. Kyverno PINNED chart 3.8.2 (== app v1.18.2, matches fleet) ==
   kyverno app version: v1.18.2
== 3. Stand-in Crossplane CRDs + Kyverno RBAC for the cloud CRs ==
== 4. Real cloud policies (sc-28, cp-10) + illustrative workload policy (cm-8) ==
== 5. Build C2P v2.0.0-rc.1 from source (reuses ../c2p clone if present) ==
go: downloading github.com/spf13/cobra v1.10.1
go: downloading github.com/defenseunicorns/go-oscal v0.7.0
go: downloading github.com/hashicorp/go-hclog v1.6.3
go: downloading github.com/oscal-compass/oscal-sdk-go v0.0.9
go: downloading github.com/spf13/pflag v1.0.9
go: downloading github.com/spf13/viper v1.20.1
go: downloading github.com/go-git/go-git/v5 v5.16.2
go: downloading k8s.io/apimachinery v0.34.0
go: downloading sigs.k8s.io/yaml v1.6.0
go: downloading golang.org/x/sync v0.17.0
go: downloading github.com/hashicorp/go-plugin v1.7.0
go: downloading google.golang.org/grpc v1.76.0
go: downloading google.golang.org/protobuf v1.36.10
go: downloading github.com/fsnotify/fsnotify v1.9.0
go: downloading github.com/go-viper/mapstructure/v2 v2.4.0
go: downloading github.com/sagikazarmark/locafero v0.9.0
go: downloading github.com/spf13/afero v1.14.0
go: downloading github.com/spf13/cast v1.8.0
go: downloading go.yaml.in/yaml/v2 v2.4.2
go: downloading github.com/hashicorp/yamux v0.1.2
go: downloading github.com/golang/protobuf v1.5.4
go: downloading github.com/oklog/run v1.1.0
go: downloading k8s.io/klog/v2 v2.130.1
go: downloading github.com/gogo/protobuf v1.3.2
go: downloading sigs.k8s.io/structured-merge-diff/v6 v6.3.0
go: downloading github.com/ProtonMail/go-crypto v1.2.0
go: downloading github.com/go-git/go-billy/v5 v5.6.2
go: downloading github.com/sergi/go-diff v1.4.0
go: downloading golang.org/x/sys v0.34.0
go: downloading github.com/mattn/go-colorable v0.1.14
go: downloading github.com/pelletier/go-toml/v2 v2.2.4
go: downloading github.com/sourcegraph/conc v0.3.0
go: downloading golang.org/x/text v0.27.0
go: downloading github.com/santhosh-tekuri/jsonschema/v6 v6.0.2
go: downloading sigs.k8s.io/randfill v1.0.0
go: downloading k8s.io/utils v0.0.0-20250604170112-4c0f3b243397
go: downloading sigs.k8s.io/json v0.0.0-20241014173422-cfa47c3a1cc8
go: downloading google.golang.org/genproto/googleapis/rpc v0.0.0-20250804133106-a7a43d27e69b
go: downloading golang.org/x/net v0.42.0
go: downloading github.com/pjbgf/sha1cd v0.3.2
go: downloading github.com/cyphar/filepath-securejoin v0.4.1
go: downloading github.com/json-iterator/go v1.1.12
go: downloading golang.org/x/crypto v0.40.0
go: downloading gopkg.in/inf.v0 v0.9.1
go: downloading github.com/fxamacker/cbor/v2 v2.9.0
go: downloading github.com/cloudflare/circl v1.6.1
go: downloading github.com/modern-go/concurrent v0.0.0-20180306012644-bacd9c7ef1dd
go: downloading github.com/modern-go/reflect2 v1.0.3-0.20250322232337-35a7c28c31ee
go: downloading github.com/x448/float16 v0.8.4
go: downloading github.com/otiai10/copy v1.14.1
go: downloading github.com/kyverno/kyverno v1.15.2
go: downloading sigs.k8s.io/wg-policy-prototypes v0.0.0-20240327135653-0fc2ddc5d3e3
go: downloading sigs.k8s.io/controller-runtime v0.21.0
go: downloading k8s.io/api v0.34.0
go: downloading k8s.io/apiextensions-apiserver v0.33.2
go: downloading k8s.io/client-go v0.34.0
go: downloading github.com/sigstore/k8s-manifest-sigstore v0.5.4
go: downloading github.com/aptible/supercronic v0.2.34
go: downloading github.com/kyverno/kyverno-json v0.0.4-0.20241009113919-bd9932a0f946
go: downloading github.com/jinzhu/copier v0.4.0
go: downloading k8s.io/pod-security-admission v0.33.1
go: downloading github.com/google/cel-go v0.25.0
go: downloading github.com/IGLOU-EU/go-wildcard v1.0.3
go: downloading github.com/go-logr/zerologr v1.2.3
go: downloading github.com/rs/zerolog v1.34.0
go: downloading cel.dev/expr v0.24.0
go: downloading google.golang.org/genproto/googleapis/api v0.0.0-20250804133106-a7a43d27e69b
go: downloading github.com/stoewer/go-strcase v1.3.0
go: downloading github.com/antlr4-go/antlr/v4 v4.13.1
go: downloading golang.org/x/exp v0.0.0-20250506013437-ce4c2cf36ca6
go: downloading github.com/ghodss/yaml v1.0.1-0.20220118164431-d8423dcdf344
go: downloading github.com/go-openapi/runtime v0.28.0
go: downloading github.com/google/go-containerregistry v0.20.4-0.20250225234217-098045d5e61f
go: downloading github.com/in-toto/in-toto-golang v0.9.1-0.20250510161732-a545fd59bec5
go: downloading github.com/open-policy-agent/gatekeeper/v3 v3.19.1
go: downloading github.com/sigstore/cosign/v2 v2.5.0
go: downloading github.com/sigstore/rekor v1.3.10
go: downloading github.com/sirupsen/logrus v1.9.3
go: downloading github.com/tektoncd/chains v0.24.0
go: downloading github.com/go-openapi/errors v0.22.1
go: downloading github.com/go-openapi/strfmt v0.23.0
go: downloading github.com/go-openapi/swag v0.23.1
go: downloading github.com/in-toto/attestation v1.1.1
go: downloading github.com/secure-systems-lab/go-securesystemslib v0.9.0
go: downloading k8s.io/component-base v0.33.3
go: downloading github.com/shibumi/go-pathspec v1.3.0
go: downloading github.com/docker/cli v28.1.1+incompatible
go: downloading github.com/google/gnostic-models v0.7.0
go: downloading github.com/sigstore/fulcio v1.7.1
go: downloading github.com/sigstore/sigstore v1.9.5
go: downloading github.com/transparency-dev/merkle v0.0.2
go: downloading github.com/djherbis/times v1.6.0
go: downloading k8s.io/kube-openapi v0.0.0-20250710124328-f3f2b991d03b
go: downloading k8s.io/kubectl v0.33.1
go: downloading github.com/oliveagle/jsonpath v0.0.0-20180606110733-2e52cf6e6852
go: downloading github.com/r3labs/diff v1.1.0
go: downloading golang.org/x/time v0.11.0
go: downloading github.com/hashicorp/go-retryablehttp v0.7.7
go: downloading github.com/cyberphone/json-canonicalization v0.0.0-20241213102144-19d51d7fe467
go: downloading github.com/go-openapi/validate v0.24.0
go: downloading github.com/jmespath-community/go-jmespath v1.1.2-0.20250228093220-ef5fae83c6c0
go: downloading github.com/blang/semver v3.5.1+incompatible
go: downloading github.com/mitchellh/mapstructure v1.5.1-0.20231216201459-8508981c8b6c
go: downloading github.com/asaskevich/govalidator v0.0.0-20230301143203-a9d515a09cc2
go: downloading github.com/oklog/ulid v1.3.1
go: downloading go.mongodb.org/mongo-driver v1.17.3
go: downloading github.com/awslabs/amazon-ecr-credential-helper/ecr-login v0.9.1
go: downloading github.com/chrismellard/docker-credential-acr-env v0.0.0-20230304212654-82a0ddb27589
go: downloading github.com/mozillazg/docker-credential-acr-helper v0.4.0
go: downloading sigs.k8s.io/release-utils v0.11.1
go: downloading github.com/digitorus/timestamp v0.0.0-20231217203849-220c5c2851b7
go: downloading github.com/google/certificate-transparency-go v1.3.2-0.20250507091337-0eddb39e94f8
go: downloading github.com/nozzle/throttler v0.0.0-20180817012639-2ea982251481
go: downloading github.com/sigstore/protobuf-specs v0.4.1
go: downloading github.com/sigstore/sigstore-go v1.0.0
go: downloading github.com/sigstore/timestamp-authority v1.2.7
go: downloading github.com/mailru/easyjson v0.9.0
go: downloading golang.org/x/term v0.33.0
go: downloading github.com/go-jose/go-jose/v3 v3.0.4
go: downloading golang.org/x/oauth2 v0.30.0
go: downloading gopkg.in/evanphx/json-patch.v4 v4.12.0
go: downloading github.com/opentracing/opentracing-go v1.2.0
go: downloading go.opentelemetry.io/otel v1.37.0
go: downloading go.opentelemetry.io/otel/trace v1.37.0
go: downloading github.com/go-chi/chi v4.1.2+incompatible
go: downloading golang.org/x/mod v0.25.0
go: downloading github.com/go-openapi/analysis v0.23.0
go: downloading github.com/go-openapi/jsonpointer v0.21.1
go: downloading github.com/go-openapi/loads v0.22.0
go: downloading github.com/go-openapi/spec v0.21.0
go: downloading github.com/theupdateframework/go-tuf v0.7.0
go: downloading github.com/Azure/go-autorest/autorest/azure/auth v0.5.13
go: downloading github.com/digitorus/pkcs7 v0.0.0-20230818184609-3a137a874352
go: downloading github.com/common-nighthawk/go-figure v0.0.0-20210622060536-734e95fb86be
go: downloading github.com/letsencrypt/boulder v0.0.0-20250511013759-faa07f5e365f
go: downloading github.com/Azure/go-autorest/autorest v0.11.30
go: downloading github.com/klauspost/compress v1.18.0
go: downloading github.com/Azure/go-autorest v14.2.0+incompatible
go: downloading github.com/go-openapi/jsonreference v0.21.0
go: downloading github.com/josharian/intern v1.0.0
go: downloading github.com/google/go-github/v55 v55.0.0
go: downloading github.com/coreos/go-oidc/v3 v3.14.1
go: downloading github.com/go-jose/go-jose/v4 v4.1.2
go: downloading github.com/segmentio/ksuid v1.0.4
go: downloading github.com/skratchdot/open-golang v0.0.0-20200116055534-eef842397966
go: downloading gitlab.com/gitlab-org/api/client-go v0.128.0
go: downloading cuelang.org/go v0.12.1
go: downloading github.com/open-policy-agent/opa v1.4.2
go: downloading github.com/evanphx/json-patch/v5 v5.9.11
go: downloading github.com/jedisct1/go-minisign v0.0.0-20241212093149-d2f9f49435c7
go: downloading github.com/sassoftware/relic v7.2.1+incompatible
go: downloading go.opentelemetry.io/otel/metric v1.37.0
go: downloading cloud.google.com/go/compute/metadata v0.7.0
go: downloading github.com/Azure/azure-sdk-for-go v68.0.0+incompatible
go: downloading github.com/Azure/go-autorest/autorest/adal v0.9.24
go: downloading github.com/aws/aws-sdk-go-v2 v1.36.3
go: downloading github.com/aws/aws-sdk-go-v2/config v1.29.14
go: downloading github.com/aws/aws-sdk-go-v2/service/ecr v1.44.0
go: downloading github.com/aws/aws-sdk-go-v2/service/ecrpublic v1.33.0
go: downloading github.com/aws/smithy-go v1.22.3
go: downloading github.com/AliyunContainerService/ack-ram-tool/pkg/credentials/provider v0.18.1
go: downloading github.com/alibabacloud-go/cr-20181201 v1.0.10
go: downloading github.com/alibabacloud-go/cr-20160607 v1.0.1
go: downloading github.com/alibabacloud-go/darabonba-openapi v0.2.1
go: downloading github.com/alibabacloud-go/tea v1.3.9
go: downloading github.com/aliyun/credentials-go v1.4.6
go: downloading github.com/theupdateframework/go-tuf/v2 v2.1.1
go: downloading github.com/alibabacloud-go/tea-utils v1.4.5
go: downloading github.com/emicklei/go-restful/v3 v3.12.2
go: downloading github.com/Azure/go-autorest/autorest/azure/cli v0.4.7
go: downloading github.com/Azure/go-autorest/logger v0.2.2
go: downloading github.com/dimchansky/utfbom v1.1.1
go: downloading github.com/titanous/rocacheck v0.0.0-20171023193734-afe73141d399
go: downloading github.com/buildkite/agent/v3 v3.97.1
go: downloading google.golang.org/api v0.233.0
go: downloading github.com/spiffe/go-spiffe/v2 v2.5.0
go: downloading github.com/syndtr/goleveldb v1.0.1-0.20220721030215-126854af5e6d
go: downloading github.com/google/go-querystring v1.1.0
go: downloading github.com/kyverno/pkg/ext v0.0.0-20250303002756-48769d003e55
go: downloading github.com/aquilax/truncate v1.0.1
go: downloading github.com/blang/semver/v4 v4.0.0
go: downloading github.com/zach-klippenstein/goregen v0.0.0-20160303162051-795b5e3961ea
go: downloading go.opentelemetry.io/auto/sdk v1.1.0
go: downloading github.com/Azure/go-autorest/tracing v0.6.1
go: downloading github.com/Azure/go-autorest/autorest/date v0.3.1
go: downloading github.com/aws/aws-sdk-go-v2/credentials v1.17.67
go: downloading github.com/aws/aws-sdk-go-v2/feature/ec2/imds v1.16.30
go: downloading github.com/aws/aws-sdk-go-v2/internal/ini v1.8.3
go: downloading github.com/aws/aws-sdk-go-v2/service/sso v1.25.3
go: downloading github.com/aws/aws-sdk-go-v2/service/ssooidc v1.30.1
go: downloading github.com/aws/aws-sdk-go-v2/service/sts v1.33.19
go: downloading github.com/aws/aws-sdk-go-v2/internal/configsources v1.3.34
go: downloading github.com/AliyunContainerService/ack-ram-tool/pkg/ecsmetadata v0.0.7
go: downloading github.com/alibabacloud-go/alibabacloud-gateway-spi v0.0.5
go: downloading github.com/alibabacloud-go/openapi-util v0.1.1
go: downloading github.com/alibabacloud-go/tea-xml v1.1.3
go: downloading github.com/alibabacloud-go/endpoint-util v1.1.1
go: downloading github.com/cenkalti/backoff/v5 v5.0.2
go: downloading github.com/alibabacloud-go/debug v1.0.1
go: downloading gopkg.in/ini.v1 v1.67.0
go: downloading github.com/zeebo/errs v1.4.0
go: downloading github.com/buildkite/go-pipeline v0.13.3
go: downloading github.com/buildkite/roko v1.3.1
go: downloading github.com/pborman/uuid v1.2.1
go: downloading github.com/aws/aws-sdk-go-v2/internal/endpoints/v2 v2.6.34
go: downloading github.com/aws/aws-sdk-go-v2/service/internal/accept-encoding v1.12.3
go: downloading github.com/aws/aws-sdk-go-v2/service/internal/presigned-url v1.12.15
go: downloading github.com/alibabacloud-go/tea-utils/v2 v2.0.7
go: downloading github.com/tjfoc/gmsm v1.4.1
go: downloading github.com/cockroachdb/apd/v3 v3.2.1
go: downloading cuelabs.dev/go/oci/ociregistry v0.0.0-20250304105642-27e071d2c9b1
go: downloading github.com/clbanning/mxj/v2 v2.7.0
go: downloading github.com/buildkite/interpolate v0.1.5
go: downloading github.com/emicklei/proto v1.14.1
go: downloading github.com/oleiade/reflections v1.1.0
go: downloading github.com/protocolbuffers/txtpbfmt v0.0.0-20250326144435-a5fe55684d52
go: downloading github.com/rogpeppe/go-internal v1.14.1
go: downloading github.com/mitchellh/go-wordwrap v1.0.1
go: downloading github.com/rcrowley/go-metrics v0.0.0-20250401214520-65e299d6c5c9
go: downloading github.com/xeipuuv/gojsonreference v0.0.0-20180127040603-bd5ef7bd5415
go: downloading github.com/gorilla/mux v1.8.1
go: downloading github.com/prometheus/client_golang v1.22.0
go: downloading go.opentelemetry.io/otel/sdk v1.37.0
go: downloading github.com/tchap/go-patricia/v2 v2.3.2
go: downloading github.com/yashtewari/glob-intersection v0.2.0
go: downloading github.com/go-ini/ini v1.67.0
go: downloading github.com/agnivade/levenshtein v1.2.1
go: downloading github.com/xeipuuv/gojsonpointer v0.0.0-20190905194746-02993c407bfb
go: downloading github.com/prometheus/common v0.65.0
go: downloading cloud.google.com/go/auth v0.16.1
go: downloading go.opentelemetry.io/contrib/instrumentation/net/http/otelhttp v0.62.0
go: downloading github.com/googleapis/enterprise-certificate-proxy v0.3.6
go: downloading github.com/googleapis/gax-go/v2 v2.14.1
== 6. Independent OSCAL validator (Python check-jsonschema, offline schema cache) ==
== 7. PASS 1 — compliant world (only *-pass fixtures) ==
   waiting for pass reports...
2026-08-27T14:15:29.000+0100 [INFO]  c2pcli: Searching for plugins in .work/plugins
2026-08-27T14:15:29.184+0100 [INFO]  c2pcli.kyverno: configuring client automatic mTLS
2026-08-27T14:15:31.620+0100 [INFO]  c2pcli.kyverno.kyverno-plugin: configuring server automatic mTLS: timestamp="2026-08-27T14:15:31.619+0100"
2026-08-27T14:15:31.649+0100 [INFO]  c2pcli.reporter: generating assessments results for plan REPLACE_ME
2026-08-27T14:15:31.650+0100 [INFO]  c2pcli: Validating generated assessment results
2026-08-27T14:15:31.680+0100 [INFO]  c2pcli: Writing assessment results to ./.work/out-compliant.json.
2026-08-27T14:15:31.697+0100 [INFO]  c2pcli.kyverno: plugin process exited: plugin=/Users/cns/httpdocs/controlplane/policy-as-versioned-flux/spikes/c2p-real-job/.work/plugins/kyverno-plugin id=21953
   independent schema-validate (check-jsonschema vs OSCAL v1.1.3): PASS
   subjects captured: 3 (0 == broken shim)
     sc-28 -> satisfied
     cp-10 -> satisfied
     cm-8 -> satisfied
== 8. PASS 2 — with violations (add *-fail fixtures) ==
   waiting for fail reports...
2026-08-27T14:15:56.841+0100 [INFO]  c2pcli: Searching for plugins in .work/plugins
2026-08-27T14:15:57.006+0100 [INFO]  c2pcli.kyverno: configuring client automatic mTLS
2026-08-27T14:15:57.238+0100 [INFO]  c2pcli.kyverno.kyverno-plugin: configuring server automatic mTLS: timestamp="2026-08-27T14:15:57.238+0100"
2026-08-27T14:15:57.426+0100 [INFO]  c2pcli.reporter: generating assessments results for plan REPLACE_ME
2026-08-27T14:15:57.426+0100 [INFO]  c2pcli.reporter: generated finding for rule require-rds-multi-az
2026-08-27T14:15:57.426+0100 [INFO]  c2pcli.reporter: generated finding for rule require-team-label
2026-08-27T14:15:57.426+0100 [INFO]  c2pcli.reporter: generated finding for rule require-s3-bucket-encryption
2026-08-27T14:15:57.426+0100 [INFO]  c2pcli: Validating generated assessment results
2026-08-27T14:15:57.495+0100 [INFO]  c2pcli: Writing assessment results to ./.work/out-violations.json.
2026-08-27T14:15:57.498+0100 [INFO]  c2pcli.kyverno: plugin process exited: plugin=/Users/cns/httpdocs/controlplane/policy-as-versioned-flux/spikes/c2p-real-job/.work/plugins/kyverno-plugin id=22928
   independent schema-validate (check-jsonschema vs OSCAL v1.1.3): PASS
   subjects captured: 6
     sc-28 -> NOT-SATISFIED
     cp-10 -> NOT-SATISFIED
     cm-8 -> NOT-SATISFIED

EXPECTED:
  PASS 1 (compliant):   sc-28 satisfied,     cp-10 satisfied,     cm-8 satisfied
  PASS 2 (violations):  sc-28 NOT-SATISFIED, cp-10 NOT-SATISFIED, cm-8 NOT-SATISFIED
  sc-28 + cp-10 are the REAL, load-bearing cloud-plane NIST controls.
  cm-8 is ILLUSTRATIVE (workload mechanism proof only) — see README.md.
OSCAL written: ./.work/out-compliant.json , ./.work/out-violations.json
Both validated by C2P built-in AND independent check-jsonschema vs OSCAL v1.1.3.
EXIT:0
