== a compliant change passes across its ±1 supported window ==
fixtures/workload-compliant.yaml: targets 5.0.0, checking supported window ['5.0.0', '6.0.0']
declared engine: kyverno 1.18.2 (read from fixtures/engine/kyverno.yaml, --engine-declaration fixtures/engine/kyverno.yaml)
--- kyverno apply @ v5.0.0 ---
Applying 5 policy rule(s) to 1 resource(s)...

policy cage-tier-5-0-0 applied to default/Pod/checkout-svc:
apiVersion: v1
kind: Pod
metadata:
  labels:
    policy-as-versioned.dev/policy-version: 5.0.0
    posture.acme.io/caged: "true"
    posture.acme.io/tier: isolated
    posture.acme.io/version: 5.0.0
  name: checkout-svc
  namespace: default
spec:
  containers:
  - image: nginx
    name: c
    resources:
      limits:
        cpu: 100m
        memory: 64Mi
    securityContext:
      allowPrivilegeEscalation: false
      capabilities:
        drop:
        - ALL
      privileged: false
      readOnlyRootFilesystem: true
      runAsNonRoot: true
  - image: ghcr.io/acme/coraza-waf:cage
    name: waf-sidecar
    resources:
      limits:
        cpu: 250m
        memory: 256Mi
    securityContext:
      allowPrivilegeEscalation: false
      capabilities:
        drop:
        - ALL
      privileged: false
      readOnlyRootFilesystem: true
      runAsNonRoot: true
  hostIPC: false
  hostNetwork: false
  hostPID: false
  preemptionPolicy: Never
  priority: -10000
  priorityClassName: cage-isolated-5-0-0
  securityContext:
    runAsNonRoot: true

---


Mutation:
Mutation has been applied successfully.
policy cage-tier-5-0-0 applied to default/Pod/checkout-svc:
apiVersion: v1
kind: Pod
metadata:
  labels:
    policy-as-versioned.dev/policy-version: 5.0.0
    posture.acme.io/caged: "true"
    posture.acme.io/tier: isolated
    posture.acme.io/version: 5.0.0
  name: checkout-svc
  namespace: default
spec:
  containers:
  - image: nginx
    name: c
    resources:
      limits:
        cpu: 100m
        memory: 64Mi
    securityContext:
      allowPrivilegeEscalation: false
      capabilities:
        drop:
        - ALL
      privileged: false
      readOnlyRootFilesystem: true
      runAsNonRoot: true
  - image: ghcr.io/acme/coraza-waf:cage
    name: waf-sidecar
    resources:
      limits:
        cpu: 250m
        memory: 256Mi
    securityContext:
      allowPrivilegeEscalation: false
      capabilities:
        drop:
        - ALL
      privileged: false
      readOnlyRootFilesystem: true
      runAsNonRoot: true
  hostIPC: false
  hostNetwork: false
  hostPID: false
  preemptionPolicy: Never
  priority: -10000
  priorityClassName: cage-isolated-5-0-0
  securityContext:
    runAsNonRoot: true

---


Mutation:
Mutation has been applied successfully.
policy stamp-posture-5-0-0 applied to default/Pod/checkout-svc:
apiVersion: v1
kind: Pod
metadata:
  labels:
    policy-as-versioned.dev/policy-version: 5.0.0
    posture.acme.io/caged: "true"
    posture.acme.io/tier: isolated
    posture.acme.io/version: 5.0.0
  name: checkout-svc
  namespace: default
spec:
  containers:
  - image: nginx
    name: c
    resources:
      limits:
        cpu: 100m
        memory: 64Mi
    securityContext:
      allowPrivilegeEscalation: false
      capabilities:
        drop:
        - ALL
      privileged: false
      readOnlyRootFilesystem: true
      runAsNonRoot: true
  - image: ghcr.io/acme/coraza-waf:cage
    name: waf-sidecar
    resources:
      limits:
        cpu: 250m
        memory: 256Mi
    securityContext:
      allowPrivilegeEscalation: false
      capabilities:
        drop:
        - ALL
      privileged: false
      readOnlyRootFilesystem: true
      runAsNonRoot: true
  hostIPC: false
  hostNetwork: false
  hostPID: false
  preemptionPolicy: Never
  priority: -10000
  priorityClassName: cage-isolated-5-0-0
  securityContext:
    runAsNonRoot: true

---


Mutation:
Mutation has been applied successfully.
policy stamp-posture-5-0-0 applied to default/Pod/checkout-svc:
apiVersion: v1
kind: Pod
metadata:
  labels:
    policy-as-versioned.dev/policy-version: 5.0.0
    posture.acme.io/caged: "true"
    posture.acme.io/tier: isolated
    posture.acme.io/version: 5.0.0
  name: checkout-svc
  namespace: default
spec:
  containers:
  - image: nginx
    name: c
    resources:
      limits:
        cpu: 100m
        memory: 64Mi
    securityContext:
      allowPrivilegeEscalation: false
      capabilities:
        drop:
        - ALL
      privileged: false
      readOnlyRootFilesystem: true
      runAsNonRoot: true
  - image: ghcr.io/acme/coraza-waf:cage
    name: waf-sidecar
    resources:
      limits:
        cpu: 250m
        memory: 256Mi
    securityContext:
      allowPrivilegeEscalation: false
      capabilities:
        drop:
        - ALL
      privileged: false
      readOnlyRootFilesystem: true
      runAsNonRoot: true
  hostIPC: false
  hostNetwork: false
  hostPID: false
  preemptionPolicy: Never
  priority: -10000
  priorityClassName: cage-isolated-5-0-0
  securityContext:
    runAsNonRoot: true

---


Mutation:
Mutation has been applied successfully.
policy cage-netpol-5-0-0 applied to default/Pod/checkout-svc:
apiVersion: networking.k8s.io/v1
kind: NetworkPolicy
metadata:
  labels:
    app.kubernetes.io/managed-by: kyverno
    posture.acme.io/cage: reach
    posture.acme.io/tier: restricted
  name: cage-reach-restricted
  namespace: default
spec:
  egress:
  - ports:
    - port: 53
      protocol: UDP
    to:
    - namespaceSelector:
        matchLabels:
          kubernetes.io/metadata.name: kube-system
  ingress:
  - from:
    - podSelector: {}
  podSelector:
    matchLabels:
      posture.acme.io/caged: "true"
      posture.acme.io/tier: restricted
  policyTypes:
  - Ingress
  - Egress

---


Generate:
Generation completed successfully.
policy cage-netpol-5-0-0 applied to default/Pod/checkout-svc:
apiVersion: networking.k8s.io/v1
kind: NetworkPolicy
metadata:
  labels:
    app.kubernetes.io/managed-by: kyverno
    posture.acme.io/cage: reach
    posture.acme.io/tier: quarantine
  name: cage-reach-quarantine
  namespace: default
spec:
  egress:
  - ports:
    - port: 53
      protocol: UDP
    to:
    - namespaceSelector:
        matchLabels:
          kubernetes.io/metadata.name: kube-system
  ingress:
  - from:
    - podSelector: {}
  podSelector:
    matchLabels:
      posture.acme.io/caged: "true"
      posture.acme.io/tier: quarantine
  policyTypes:
  - Ingress
  - Egress

---


Generate:
Generation completed successfully.
policy cage-netpol-5-0-0 applied to default/Pod/checkout-svc:
apiVersion: networking.k8s.io/v1
kind: NetworkPolicy
metadata:
  labels:
    app.kubernetes.io/managed-by: kyverno
    posture.acme.io/cage: reach
    posture.acme.io/tier: isolated
  name: cage-reach-isolated
  namespace: default
spec:
  egress: []
  ingress: []
  podSelector:
    matchLabels:
      posture.acme.io/caged: "true"
      posture.acme.io/tier: isolated
  policyTypes:
  - Ingress
  - Egress

---


Generate:
Generation completed successfully.
pass: 7, fail: 0, warn: 0, error: 0, skip: 0
--- kyverno apply @ v6.0.0 ---
Applying 5 policy rule(s) to 1 resource(s)...

policy cage-tier-6-0-0 applied to default/Pod/checkout-svc:
apiVersion: v1
kind: Pod
metadata:
  labels:
    policy-as-versioned.dev/policy-version: 6.0.0
    posture.acme.io/caged: "true"
    posture.acme.io/tier: isolated
    posture.acme.io/version: 6.0.0
  name: checkout-svc
  namespace: default
spec:
  containers:
  - image: nginx
    name: c
    resources:
      limits:
        cpu: 100m
        memory: 64Mi
    securityContext:
      allowPrivilegeEscalation: false
      capabilities:
        drop:
        - ALL
      privileged: false
      readOnlyRootFilesystem: true
      runAsNonRoot: true
  - image: ghcr.io/acme/coraza-waf:cage
    name: waf-sidecar
    resources:
      limits:
        cpu: 250m
        memory: 256Mi
    securityContext:
      allowPrivilegeEscalation: false
      capabilities:
        drop:
        - ALL
      privileged: false
      readOnlyRootFilesystem: true
      runAsNonRoot: true
  hostIPC: false
  hostNetwork: false
  hostPID: false
  preemptionPolicy: Never
  priority: -10000
  priorityClassName: cage-isolated-6-0-0
  securityContext:
    runAsNonRoot: true

---


Mutation:
Mutation has been applied successfully.
policy cage-tier-6-0-0 applied to default/Pod/checkout-svc:
apiVersion: v1
kind: Pod
metadata:
  labels:
    policy-as-versioned.dev/policy-version: 6.0.0
    posture.acme.io/caged: "true"
    posture.acme.io/tier: isolated
    posture.acme.io/version: 6.0.0
  name: checkout-svc
  namespace: default
spec:
  containers:
  - image: nginx
    name: c
    resources:
      limits:
        cpu: 100m
        memory: 64Mi
    securityContext:
      allowPrivilegeEscalation: false
      capabilities:
        drop:
        - ALL
      privileged: false
      readOnlyRootFilesystem: true
      runAsNonRoot: true
  - image: ghcr.io/acme/coraza-waf:cage
    name: waf-sidecar
    resources:
      limits:
        cpu: 250m
        memory: 256Mi
    securityContext:
      allowPrivilegeEscalation: false
      capabilities:
        drop:
        - ALL
      privileged: false
      readOnlyRootFilesystem: true
      runAsNonRoot: true
  hostIPC: false
  hostNetwork: false
  hostPID: false
  preemptionPolicy: Never
  priority: -10000
  priorityClassName: cage-isolated-6-0-0
  securityContext:
    runAsNonRoot: true

---


Mutation:
Mutation has been applied successfully.
policy stamp-posture-6-0-0 applied to default/Pod/checkout-svc:
apiVersion: v1
kind: Pod
metadata:
  labels:
    policy-as-versioned.dev/policy-version: 6.0.0
    posture.acme.io/caged: "true"
    posture.acme.io/tier: isolated
    posture.acme.io/version: 6.0.0
  name: checkout-svc
  namespace: default
spec:
  containers:
  - image: nginx
    name: c
    resources:
      limits:
        cpu: 100m
        memory: 64Mi
    securityContext:
      allowPrivilegeEscalation: false
      capabilities:
        drop:
        - ALL
      privileged: false
      readOnlyRootFilesystem: true
      runAsNonRoot: true
  - image: ghcr.io/acme/coraza-waf:cage
    name: waf-sidecar
    resources:
      limits:
        cpu: 250m
        memory: 256Mi
    securityContext:
      allowPrivilegeEscalation: false
      capabilities:
        drop:
        - ALL
      privileged: false
      readOnlyRootFilesystem: true
      runAsNonRoot: true
  hostIPC: false
  hostNetwork: false
  hostPID: false
  preemptionPolicy: Never
  priority: -10000
  priorityClassName: cage-isolated-6-0-0
  securityContext:
    runAsNonRoot: true

---


Mutation:
Mutation has been applied successfully.
policy stamp-posture-6-0-0 applied to default/Pod/checkout-svc:
apiVersion: v1
kind: Pod
metadata:
  labels:
    policy-as-versioned.dev/policy-version: 6.0.0
    posture.acme.io/caged: "true"
    posture.acme.io/tier: isolated
    posture.acme.io/version: 6.0.0
  name: checkout-svc
  namespace: default
spec:
  containers:
  - image: nginx
    name: c
    resources:
      limits:
        cpu: 100m
        memory: 64Mi
    securityContext:
      allowPrivilegeEscalation: false
      capabilities:
        drop:
        - ALL
      privileged: false
      readOnlyRootFilesystem: true
      runAsNonRoot: true
  - image: ghcr.io/acme/coraza-waf:cage
    name: waf-sidecar
    resources:
      limits:
        cpu: 250m
        memory: 256Mi
    securityContext:
      allowPrivilegeEscalation: false
      capabilities:
        drop:
        - ALL
      privileged: false
      readOnlyRootFilesystem: true
      runAsNonRoot: true
  hostIPC: false
  hostNetwork: false
  hostPID: false
  preemptionPolicy: Never
  priority: -10000
  priorityClassName: cage-isolated-6-0-0
  securityContext:
    runAsNonRoot: true

---


Mutation:
Mutation has been applied successfully.
policy cage-netpol-6-0-0 applied to default/Pod/checkout-svc:
apiVersion: networking.k8s.io/v1
kind: NetworkPolicy
metadata:
  labels:
    app.kubernetes.io/managed-by: kyverno
    posture.acme.io/cage: reach
    posture.acme.io/tier: restricted
  name: cage-reach-restricted
  namespace: default
spec:
  egress:
  - ports:
    - port: 53
      protocol: UDP
    to:
    - namespaceSelector:
        matchLabels:
          kubernetes.io/metadata.name: kube-system
  ingress:
  - from:
    - podSelector: {}
  podSelector:
    matchLabels:
      posture.acme.io/caged: "true"
      posture.acme.io/tier: restricted
  policyTypes:
  - Ingress
  - Egress

---


Generate:
Generation completed successfully.
policy cage-netpol-6-0-0 applied to default/Pod/checkout-svc:
apiVersion: networking.k8s.io/v1
kind: NetworkPolicy
metadata:
  labels:
    app.kubernetes.io/managed-by: kyverno
    posture.acme.io/cage: reach
    posture.acme.io/tier: quarantine
  name: cage-reach-quarantine
  namespace: default
spec:
  egress:
  - ports:
    - port: 53
      protocol: UDP
    to:
    - namespaceSelector:
        matchLabels:
          kubernetes.io/metadata.name: kube-system
  ingress:
  - from:
    - podSelector: {}
  podSelector:
    matchLabels:
      posture.acme.io/caged: "true"
      posture.acme.io/tier: quarantine
  policyTypes:
  - Ingress
  - Egress

---


Generate:
Generation completed successfully.
policy cage-netpol-6-0-0 applied to default/Pod/checkout-svc:
apiVersion: networking.k8s.io/v1
kind: NetworkPolicy
metadata:
  labels:
    app.kubernetes.io/managed-by: kyverno
    posture.acme.io/cage: reach
    posture.acme.io/tier: isolated
  name: cage-reach-isolated
  namespace: default
spec:
  egress: []
  ingress: []
  podSelector:
    matchLabels:
      posture.acme.io/caged: "true"
      posture.acme.io/tier: isolated
  policyTypes:
  - Ingress
  - Egress

---


Generate:
Generation completed successfully.
pass: 7, fail: 0, warn: 0, error: 0, skip: 0

shift-left: fixtures/workload-compliant.yaml is compliant on kyverno 1.18.2 across the line(s) of its window that support it ['5.0.0', '6.0.0']

== an unversioned workload is out of scope, passes trivially ==
fixtures/workload-unversioned.yaml: unversioned (no policy-as-versioned.dev/policy-version label) -- out of scope, pass

== a version the array doesn't declare is refused, not silently skipped ==

== an Audit->Deny flip is caught pre-merge (must fail CI) ==
NOTHING-TO-FLIP: the historical flip fixture was observed compliant across distribution/versions.yaml (5.0.0 6.0.0 7.0.0). The cage changes need not narrow that fixture's validation verdict. The flip proof runs against shift-left/fixtures/flip-window.yaml, which is not served.
window read from: shift-left/fixtures/flip-window.yaml
fixtures/workload-flip.yaml: targets 5.0.0, checking supported window ['4.0.0', '5.0.0']
declared engine: kyverno 1.18.2 (read from fixtures/engine/kyverno.yaml, --engine-declaration fixtures/engine/kyverno.yaml)
--- kyverno apply @ v4.0.0 ---
Applying 5 policy rule(s) to 1 resource(s)...

policy cage-tier-4-0-0 applied to default/Pod/checkout-svc:
apiVersion: v1
kind: Pod
metadata:
  labels:
    policy-as-versioned.dev/policy-version: 4.0.0
    posture.acme.io/caged: "true"
    posture.acme.io/tier: baseline
    posture.acme.io/version: 4.0.0
  name: checkout-svc
  namespace: default
spec:
  containers:
  - image: nginx
    name: c
    resources:
      limits:
        cpu: 500m
        memory: 256Mi
    securityContext:
      allowPrivilegeEscalation: false
      privileged: false
      readOnlyRootFilesystem: false
      runAsNonRoot: false
  hostIPC: false
  hostNetwork: false
  hostPID: false
  preemptionPolicy: Never
  priority: -10
  priorityClassName: cage-baseline-4-0-0
  securityContext:
    runAsNonRoot: true

---


Mutation:
Mutation has been applied successfully.
policy cage-tier-4-0-0 applied to default/Pod/checkout-svc:
apiVersion: v1
kind: Pod
metadata:
  labels:
    policy-as-versioned.dev/policy-version: 4.0.0
    posture.acme.io/caged: "true"
    posture.acme.io/tier: baseline
    posture.acme.io/version: 4.0.0
  name: checkout-svc
  namespace: default
spec:
  containers:
  - image: nginx
    name: c
    resources:
      limits:
        cpu: 500m
        memory: 256Mi
    securityContext:
      allowPrivilegeEscalation: false
      privileged: false
      readOnlyRootFilesystem: false
      runAsNonRoot: false
  hostIPC: false
  hostNetwork: false
  hostPID: false
  preemptionPolicy: Never
  priority: -10
  priorityClassName: cage-baseline-4-0-0
  securityContext:
    runAsNonRoot: true

---


Mutation:
Mutation has been applied successfully.
policy stamp-posture-4-0-0 applied to default/Pod/checkout-svc:
apiVersion: v1
kind: Pod
metadata:
  labels:
    policy-as-versioned.dev/policy-version: 4.0.0
    posture.acme.io/caged: "true"
    posture.acme.io/tier: baseline
    posture.acme.io/version: 4.0.0
  name: checkout-svc
  namespace: default
spec:
  containers:
  - image: nginx
    name: c
    resources:
      limits:
        cpu: 500m
        memory: 256Mi
    securityContext:
      allowPrivilegeEscalation: false
      privileged: false
      readOnlyRootFilesystem: false
      runAsNonRoot: false
  hostIPC: false
  hostNetwork: false
  hostPID: false
  preemptionPolicy: Never
  priority: -10
  priorityClassName: cage-baseline-4-0-0
  securityContext:
    runAsNonRoot: true

---


Mutation:
Mutation has been applied successfully.
policy stamp-posture-4-0-0 applied to default/Pod/checkout-svc:
apiVersion: v1
kind: Pod
metadata:
  labels:
    policy-as-versioned.dev/policy-version: 4.0.0
    posture.acme.io/caged: "true"
    posture.acme.io/tier: baseline
    posture.acme.io/version: 4.0.0
  name: checkout-svc
  namespace: default
spec:
  containers:
  - image: nginx
    name: c
    resources:
      limits:
        cpu: 500m
        memory: 256Mi
    securityContext:
      allowPrivilegeEscalation: false
      privileged: false
      readOnlyRootFilesystem: false
      runAsNonRoot: false
  hostIPC: false
  hostNetwork: false
  hostPID: false
  preemptionPolicy: Never
  priority: -10
  priorityClassName: cage-baseline-4-0-0
  securityContext:
    runAsNonRoot: true

---


Mutation:
Mutation has been applied successfully.policy require-nonroot-4-0-0 -> resource default/Pod/checkout-svc failed:
1 -  pods on policy-version 4.0.0 must set readOnlyRootFilesystem=true on every container

pass: 6, fail: 1, warn: 0, error: 0, skip: 0
FAIL @ v4.0.0 (Audit->Deny flip: passes today's Audit, would be denied on promotion)
--- kyverno apply @ v5.0.0 ---
Applying 5 policy rule(s) to 1 resource(s)...

policy cage-tier-5-0-0 applied to default/Pod/checkout-svc:
apiVersion: v1
kind: Pod
metadata:
  labels:
    policy-as-versioned.dev/policy-version: 5.0.0
    posture.acme.io/caged: "true"
    posture.acme.io/tier: isolated
    posture.acme.io/version: 5.0.0
  name: checkout-svc
  namespace: default
spec:
  containers:
  - image: nginx
    name: c
    resources:
      limits:
        cpu: 100m
        memory: 64Mi
    securityContext:
      allowPrivilegeEscalation: false
      capabilities:
        drop:
        - ALL
      privileged: false
      readOnlyRootFilesystem: true
      runAsNonRoot: true
  - image: ghcr.io/acme/coraza-waf:cage
    name: waf-sidecar
    resources:
      limits:
        cpu: 250m
        memory: 256Mi
    securityContext:
      allowPrivilegeEscalation: false
      capabilities:
        drop:
        - ALL
      privileged: false
      readOnlyRootFilesystem: true
      runAsNonRoot: true
  hostIPC: false
  hostNetwork: false
  hostPID: false
  preemptionPolicy: Never
  priority: -10000
  priorityClassName: cage-isolated-5-0-0
  securityContext:
    runAsNonRoot: true

---


Mutation:
Mutation has been applied successfully.
policy cage-tier-5-0-0 applied to default/Pod/checkout-svc:
apiVersion: v1
kind: Pod
metadata:
  labels:
    policy-as-versioned.dev/policy-version: 5.0.0
    posture.acme.io/caged: "true"
    posture.acme.io/tier: isolated
    posture.acme.io/version: 5.0.0
  name: checkout-svc
  namespace: default
spec:
  containers:
  - image: nginx
    name: c
    resources:
      limits:
        cpu: 100m
        memory: 64Mi
    securityContext:
      allowPrivilegeEscalation: false
      capabilities:
        drop:
        - ALL
      privileged: false
      readOnlyRootFilesystem: true
      runAsNonRoot: true
  - image: ghcr.io/acme/coraza-waf:cage
    name: waf-sidecar
    resources:
      limits:
        cpu: 250m
        memory: 256Mi
    securityContext:
      allowPrivilegeEscalation: false
      capabilities:
        drop:
        - ALL
      privileged: false
      readOnlyRootFilesystem: true
      runAsNonRoot: true
  hostIPC: false
  hostNetwork: false
  hostPID: false
  preemptionPolicy: Never
  priority: -10000
  priorityClassName: cage-isolated-5-0-0
  securityContext:
    runAsNonRoot: true

---


Mutation:
Mutation has been applied successfully.
policy stamp-posture-5-0-0 applied to default/Pod/checkout-svc:
apiVersion: v1
kind: Pod
metadata:
  labels:
    policy-as-versioned.dev/policy-version: 5.0.0
    posture.acme.io/caged: "true"
    posture.acme.io/tier: isolated
    posture.acme.io/version: 5.0.0
  name: checkout-svc
  namespace: default
spec:
  containers:
  - image: nginx
    name: c
    resources:
      limits:
        cpu: 100m
        memory: 64Mi
    securityContext:
      allowPrivilegeEscalation: false
      capabilities:
        drop:
        - ALL
      privileged: false
      readOnlyRootFilesystem: true
      runAsNonRoot: true
  - image: ghcr.io/acme/coraza-waf:cage
    name: waf-sidecar
    resources:
      limits:
        cpu: 250m
        memory: 256Mi
    securityContext:
      allowPrivilegeEscalation: false
      capabilities:
        drop:
        - ALL
      privileged: false
      readOnlyRootFilesystem: true
      runAsNonRoot: true
  hostIPC: false
  hostNetwork: false
  hostPID: false
  preemptionPolicy: Never
  priority: -10000
  priorityClassName: cage-isolated-5-0-0
  securityContext:
    runAsNonRoot: true

---


Mutation:
Mutation has been applied successfully.
policy stamp-posture-5-0-0 applied to default/Pod/checkout-svc:
apiVersion: v1
kind: Pod
metadata:
  labels:
    policy-as-versioned.dev/policy-version: 5.0.0
    posture.acme.io/caged: "true"
    posture.acme.io/tier: isolated
    posture.acme.io/version: 5.0.0
  name: checkout-svc
  namespace: default
spec:
  containers:
  - image: nginx
    name: c
    resources:
      limits:
        cpu: 100m
        memory: 64Mi
    securityContext:
      allowPrivilegeEscalation: false
      capabilities:
        drop:
        - ALL
      privileged: false
      readOnlyRootFilesystem: true
      runAsNonRoot: true
  - image: ghcr.io/acme/coraza-waf:cage
    name: waf-sidecar
    resources:
      limits:
        cpu: 250m
        memory: 256Mi
    securityContext:
      allowPrivilegeEscalation: false
      capabilities:
        drop:
        - ALL
      privileged: false
      readOnlyRootFilesystem: true
      runAsNonRoot: true
  hostIPC: false
  hostNetwork: false
  hostPID: false
  preemptionPolicy: Never
  priority: -10000
  priorityClassName: cage-isolated-5-0-0
  securityContext:
    runAsNonRoot: true

---


Mutation:
Mutation has been applied successfully.
policy cage-netpol-5-0-0 applied to default/Pod/checkout-svc:
apiVersion: networking.k8s.io/v1
kind: NetworkPolicy
metadata:
  labels:
    app.kubernetes.io/managed-by: kyverno
    posture.acme.io/cage: reach
    posture.acme.io/tier: restricted
  name: cage-reach-restricted
  namespace: default
spec:
  egress:
  - ports:
    - port: 53
      protocol: UDP
    to:
    - namespaceSelector:
        matchLabels:
          kubernetes.io/metadata.name: kube-system
  ingress:
  - from:
    - podSelector: {}
  podSelector:
    matchLabels:
      posture.acme.io/caged: "true"
      posture.acme.io/tier: restricted
  policyTypes:
  - Ingress
  - Egress

---


Generate:
Generation completed successfully.
policy cage-netpol-5-0-0 applied to default/Pod/checkout-svc:
apiVersion: networking.k8s.io/v1
kind: NetworkPolicy
metadata:
  labels:
    app.kubernetes.io/managed-by: kyverno
    posture.acme.io/cage: reach
    posture.acme.io/tier: quarantine
  name: cage-reach-quarantine
  namespace: default
spec:
  egress:
  - ports:
    - port: 53
      protocol: UDP
    to:
    - namespaceSelector:
        matchLabels:
          kubernetes.io/metadata.name: kube-system
  ingress:
  - from:
    - podSelector: {}
  podSelector:
    matchLabels:
      posture.acme.io/caged: "true"
      posture.acme.io/tier: quarantine
  policyTypes:
  - Ingress
  - Egress

---


Generate:
Generation completed successfully.
policy cage-netpol-5-0-0 applied to default/Pod/checkout-svc:
apiVersion: networking.k8s.io/v1
kind: NetworkPolicy
metadata:
  labels:
    app.kubernetes.io/managed-by: kyverno
    posture.acme.io/cage: reach
    posture.acme.io/tier: isolated
  name: cage-reach-isolated
  namespace: default
spec:
  egress: []
  ingress: []
  podSelector:
    matchLabels:
      posture.acme.io/caged: "true"
      posture.acme.io/tier: isolated
  policyTypes:
  - Ingress
  - Egress

---


Generate:
Generation completed successfully.
pass: 7, fail: 0, warn: 0, error: 0, skip: 0

shift-left: fixtures/workload-flip.yaml would be denied somewhere in its supported window ['4.0.0', '5.0.0'] on kyverno 1.18.2
(non-zero above is expected -- the flip was caught at a neighbour of 5.0.0)

== no declared engine: every line is an unsupported pairing, and the check could not look ==
fixtures/workload-compliant.yaml: targets 5.0.0, checking supported window ['5.0.0', '6.0.0']
UNSUPPORTED PAIRING @ v5.0.0: no engine is declared (--engine-declaration /tmp/tmp.9ZgsfavHui/absent.yaml carries no gitops/engine/kyverno.yaml); not run, so neither a compile error nor a pass
UNSUPPORTED PAIRING @ v6.0.0: no engine is declared (--engine-declaration /tmp/tmp.9ZgsfavHui/absent.yaml carries no gitops/engine/kyverno.yaml); not run, so neither a compile error nor a pass

shift-left: COULD NOT LOOK -- fixtures/workload-compliant.yaml belongs to no declared engine, so no line in its window ['5.0.0', '6.0.0'] was run (hub ADR-0033 point 7)
ok  no declaration (exit 3)

== a declaration that does not read refuses by name ==
fixtures/workload-compliant.yaml: targets 5.0.0, checking supported window ['5.0.0', '6.0.0']
COULD NOT LOOK: gitops/engine/kyverno.yaml must carry exactly the keys ['cli', 'engine', 'install', 'schema', 'version'], not ['engine', 'schema', 'version'] (--engine-declaration /tmp/tmp.9ZgsfavHui/bad.yaml); no line runs on an engine nobody can read
ok  a malformed declaration (exit 3)

== the served target does not support the declared engine (1.19.1): named, not run, could not look ==
fixtures/workload-compliant.yaml: targets 5.0.0, checking supported window ['5.0.0', '6.0.0']
declared engine: kyverno 1.19.1 (read from /tmp/tmp.9ZgsfavHui/decl-1.19.1.yaml, --engine-declaration /tmp/tmp.9ZgsfavHui/decl-1.19.1.yaml)
UNSUPPORTED PAIRING @ v5.0.0: kyverno 1.19.1 is not a supported engine of v5.0.0 (tested_engines ['1.18.2']); not run, so neither a compile error nor a pass
UNSUPPORTED PAIRING @ v6.0.0: kyverno 1.19.1 is not a supported engine of v6.0.0 (tested_engines ['1.18.2']); not run, so neither a compile error nor a pass

shift-left: COULD NOT LOOK -- fixtures/workload-compliant.yaml targets v5.0.0, which does not support the declared kyverno 1.19.1, so its own line was not run; unsupported pairing(s), not run and not passed: v5.0.0, v6.0.0
ok  an engine the target does not support (exit 3)

== a neighbour whose tested_engines supports no engine is named and not run; the target still runs ==
fixtures/workload-compliant.yaml: targets 5.0.0, checking supported window ['4.0.0', '5.0.0']
declared engine: kyverno 1.18.2 (read from fixtures/engine/kyverno.yaml, --engine-declaration fixtures/engine/kyverno.yaml)
UNSUPPORTED PAIRING @ v4.0.0: kyverno 1.18.2 is not a supported engine of v4.0.0 (tested_engines is scoped published-cage-fixtures-v1, which graded the cage-tier and cage-netpol fixtures only (ticket 71, platform PR 26), not every body the line serves; a declaration under the narrower meaning cannot pass under every-served-body-v1); not run, so neither a compile error nor a pass
--- kyverno apply @ v5.0.0 ---
Applying 5 policy rule(s) to 1 resource(s)...

policy cage-tier-5-0-0 applied to default/Pod/checkout-svc:
apiVersion: v1
kind: Pod
metadata:
  labels:
    policy-as-versioned.dev/policy-version: 5.0.0
    posture.acme.io/caged: "true"
    posture.acme.io/tier: isolated
    posture.acme.io/version: 5.0.0
  name: checkout-svc
  namespace: default
spec:
  containers:
  - image: nginx
    name: c
    resources:
      limits:
        cpu: 100m
        memory: 64Mi
    securityContext:
      allowPrivilegeEscalation: false
      capabilities:
        drop:
        - ALL
      privileged: false
      readOnlyRootFilesystem: true
      runAsNonRoot: true
  - image: ghcr.io/acme/coraza-waf:cage
    name: waf-sidecar
    resources:
      limits:
        cpu: 250m
        memory: 256Mi
    securityContext:
      allowPrivilegeEscalation: false
      capabilities:
        drop:
        - ALL
      privileged: false
      readOnlyRootFilesystem: true
      runAsNonRoot: true
  hostIPC: false
  hostNetwork: false
  hostPID: false
  preemptionPolicy: Never
  priority: -10000
  priorityClassName: cage-isolated-5-0-0
  securityContext:
    runAsNonRoot: true

---


Mutation:
Mutation has been applied successfully.
policy cage-tier-5-0-0 applied to default/Pod/checkout-svc:
apiVersion: v1
kind: Pod
metadata:
  labels:
    policy-as-versioned.dev/policy-version: 5.0.0
    posture.acme.io/caged: "true"
    posture.acme.io/tier: isolated
    posture.acme.io/version: 5.0.0
  name: checkout-svc
  namespace: default
spec:
  containers:
  - image: nginx
    name: c
    resources:
      limits:
        cpu: 100m
        memory: 64Mi
    securityContext:
      allowPrivilegeEscalation: false
      capabilities:
        drop:
        - ALL
      privileged: false
      readOnlyRootFilesystem: true
      runAsNonRoot: true
  - image: ghcr.io/acme/coraza-waf:cage
    name: waf-sidecar
    resources:
      limits:
        cpu: 250m
        memory: 256Mi
    securityContext:
      allowPrivilegeEscalation: false
      capabilities:
        drop:
        - ALL
      privileged: false
      readOnlyRootFilesystem: true
      runAsNonRoot: true
  hostIPC: false
  hostNetwork: false
  hostPID: false
  preemptionPolicy: Never
  priority: -10000
  priorityClassName: cage-isolated-5-0-0
  securityContext:
    runAsNonRoot: true

---


Mutation:
Mutation has been applied successfully.
policy stamp-posture-5-0-0 applied to default/Pod/checkout-svc:
apiVersion: v1
kind: Pod
metadata:
  labels:
    policy-as-versioned.dev/policy-version: 5.0.0
    posture.acme.io/caged: "true"
    posture.acme.io/tier: isolated
    posture.acme.io/version: 5.0.0
  name: checkout-svc
  namespace: default
spec:
  containers:
  - image: nginx
    name: c
    resources:
      limits:
        cpu: 100m
        memory: 64Mi
    securityContext:
      allowPrivilegeEscalation: false
      capabilities:
        drop:
        - ALL
      privileged: false
      readOnlyRootFilesystem: true
      runAsNonRoot: true
  - image: ghcr.io/acme/coraza-waf:cage
    name: waf-sidecar
    resources:
      limits:
        cpu: 250m
        memory: 256Mi
    securityContext:
      allowPrivilegeEscalation: false
      capabilities:
        drop:
        - ALL
      privileged: false
      readOnlyRootFilesystem: true
      runAsNonRoot: true
  hostIPC: false
  hostNetwork: false
  hostPID: false
  preemptionPolicy: Never
  priority: -10000
  priorityClassName: cage-isolated-5-0-0
  securityContext:
    runAsNonRoot: true

---


Mutation:
Mutation has been applied successfully.
policy stamp-posture-5-0-0 applied to default/Pod/checkout-svc:
apiVersion: v1
kind: Pod
metadata:
  labels:
    policy-as-versioned.dev/policy-version: 5.0.0
    posture.acme.io/caged: "true"
    posture.acme.io/tier: isolated
    posture.acme.io/version: 5.0.0
  name: checkout-svc
  namespace: default
spec:
  containers:
  - image: nginx
    name: c
    resources:
      limits:
        cpu: 100m
        memory: 64Mi
    securityContext:
      allowPrivilegeEscalation: false
      capabilities:
        drop:
        - ALL
      privileged: false
      readOnlyRootFilesystem: true
      runAsNonRoot: true
  - image: ghcr.io/acme/coraza-waf:cage
    name: waf-sidecar
    resources:
      limits:
        cpu: 250m
        memory: 256Mi
    securityContext:
      allowPrivilegeEscalation: false
      capabilities:
        drop:
        - ALL
      privileged: false
      readOnlyRootFilesystem: true
      runAsNonRoot: true
  hostIPC: false
  hostNetwork: false
  hostPID: false
  preemptionPolicy: Never
  priority: -10000
  priorityClassName: cage-isolated-5-0-0
  securityContext:
    runAsNonRoot: true

---


Mutation:
Mutation has been applied successfully.
policy cage-netpol-5-0-0 applied to default/Pod/checkout-svc:
apiVersion: networking.k8s.io/v1
kind: NetworkPolicy
metadata:
  labels:
    app.kubernetes.io/managed-by: kyverno
    posture.acme.io/cage: reach
    posture.acme.io/tier: restricted
  name: cage-reach-restricted
  namespace: default
spec:
  egress:
  - ports:
    - port: 53
      protocol: UDP
    to:
    - namespaceSelector:
        matchLabels:
          kubernetes.io/metadata.name: kube-system
  ingress:
  - from:
    - podSelector: {}
  podSelector:
    matchLabels:
      posture.acme.io/caged: "true"
      posture.acme.io/tier: restricted
  policyTypes:
  - Ingress
  - Egress

---


Generate:
Generation completed successfully.
policy cage-netpol-5-0-0 applied to default/Pod/checkout-svc:
apiVersion: networking.k8s.io/v1
kind: NetworkPolicy
metadata:
  labels:
    app.kubernetes.io/managed-by: kyverno
    posture.acme.io/cage: reach
    posture.acme.io/tier: quarantine
  name: cage-reach-quarantine
  namespace: default
spec:
  egress:
  - ports:
    - port: 53
      protocol: UDP
    to:
    - namespaceSelector:
        matchLabels:
          kubernetes.io/metadata.name: kube-system
  ingress:
  - from:
    - podSelector: {}
  podSelector:
    matchLabels:
      posture.acme.io/caged: "true"
      posture.acme.io/tier: quarantine
  policyTypes:
  - Ingress
  - Egress

---


Generate:
Generation completed successfully.
policy cage-netpol-5-0-0 applied to default/Pod/checkout-svc:
apiVersion: networking.k8s.io/v1
kind: NetworkPolicy
metadata:
  labels:
    app.kubernetes.io/managed-by: kyverno
    posture.acme.io/cage: reach
    posture.acme.io/tier: isolated
  name: cage-reach-isolated
  namespace: default
spec:
  egress: []
  ingress: []
  podSelector:
    matchLabels:
      posture.acme.io/caged: "true"
      posture.acme.io/tier: isolated
  policyTypes:
  - Ingress
  - Egress

---


Generate:
Generation completed successfully.
pass: 7, fail: 0, warn: 0, error: 0, skip: 0

shift-left: fixtures/workload-compliant.yaml is compliant on kyverno 1.18.2 across the line(s) of its window that support it ['5.0.0']; unsupported pairing(s), not run and not passed: v4.0.0
ok  an unsupported neighbour (exit 0)
fixtures/workload-flip.yaml: targets 5.0.0, checking supported window ['4.0.0', '5.0.0']
declared engine: kyverno 1.18.2 (read from fixtures/engine/kyverno.yaml, --engine-declaration fixtures/engine/kyverno.yaml)
UNSUPPORTED PAIRING @ v4.0.0: kyverno 1.18.2 is not a supported engine of v4.0.0 (declares no tested_engines, so it supports no engine (ADR-0033 point 3) and there is no cell to grade); not run, so neither a compile error nor a pass
--- kyverno apply @ v5.0.0 ---
Applying 5 policy rule(s) to 1 resource(s)...

policy cage-tier-5-0-0 applied to default/Pod/checkout-svc:
apiVersion: v1
kind: Pod
metadata:
  labels:
    policy-as-versioned.dev/policy-version: 5.0.0
    posture.acme.io/caged: "true"
    posture.acme.io/tier: isolated
    posture.acme.io/version: 5.0.0
  name: checkout-svc
  namespace: default
spec:
  containers:
  - image: nginx
    name: c
    resources:
      limits:
        cpu: 100m
        memory: 64Mi
    securityContext:
      allowPrivilegeEscalation: false
      capabilities:
        drop:
        - ALL
      privileged: false
      readOnlyRootFilesystem: true
      runAsNonRoot: true
  - image: ghcr.io/acme/coraza-waf:cage
    name: waf-sidecar
    resources:
      limits:
        cpu: 250m
        memory: 256Mi
    securityContext:
      allowPrivilegeEscalation: false
      capabilities:
        drop:
        - ALL
      privileged: false
      readOnlyRootFilesystem: true
      runAsNonRoot: true
  hostIPC: false
  hostNetwork: false
  hostPID: false
  preemptionPolicy: Never
  priority: -10000
  priorityClassName: cage-isolated-5-0-0
  securityContext:
    runAsNonRoot: true

---


Mutation:
Mutation has been applied successfully.
policy cage-tier-5-0-0 applied to default/Pod/checkout-svc:
apiVersion: v1
kind: Pod
metadata:
  labels:
    policy-as-versioned.dev/policy-version: 5.0.0
    posture.acme.io/caged: "true"
    posture.acme.io/tier: isolated
    posture.acme.io/version: 5.0.0
  name: checkout-svc
  namespace: default
spec:
  containers:
  - image: nginx
    name: c
    resources:
      limits:
        cpu: 100m
        memory: 64Mi
    securityContext:
      allowPrivilegeEscalation: false
      capabilities:
        drop:
        - ALL
      privileged: false
      readOnlyRootFilesystem: true
      runAsNonRoot: true
  - image: ghcr.io/acme/coraza-waf:cage
    name: waf-sidecar
    resources:
      limits:
        cpu: 250m
        memory: 256Mi
    securityContext:
      allowPrivilegeEscalation: false
      capabilities:
        drop:
        - ALL
      privileged: false
      readOnlyRootFilesystem: true
      runAsNonRoot: true
  hostIPC: false
  hostNetwork: false
  hostPID: false
  preemptionPolicy: Never
  priority: -10000
  priorityClassName: cage-isolated-5-0-0
  securityContext:
    runAsNonRoot: true

---


Mutation:
Mutation has been applied successfully.
policy stamp-posture-5-0-0 applied to default/Pod/checkout-svc:
apiVersion: v1
kind: Pod
metadata:
  labels:
    policy-as-versioned.dev/policy-version: 5.0.0
    posture.acme.io/caged: "true"
    posture.acme.io/tier: isolated
    posture.acme.io/version: 5.0.0
  name: checkout-svc
  namespace: default
spec:
  containers:
  - image: nginx
    name: c
    resources:
      limits:
        cpu: 100m
        memory: 64Mi
    securityContext:
      allowPrivilegeEscalation: false
      capabilities:
        drop:
        - ALL
      privileged: false
      readOnlyRootFilesystem: true
      runAsNonRoot: true
  - image: ghcr.io/acme/coraza-waf:cage
    name: waf-sidecar
    resources:
      limits:
        cpu: 250m
        memory: 256Mi
    securityContext:
      allowPrivilegeEscalation: false
      capabilities:
        drop:
        - ALL
      privileged: false
      readOnlyRootFilesystem: true
      runAsNonRoot: true
  hostIPC: false
  hostNetwork: false
  hostPID: false
  preemptionPolicy: Never
  priority: -10000
  priorityClassName: cage-isolated-5-0-0
  securityContext:
    runAsNonRoot: true

---


Mutation:
Mutation has been applied successfully.
policy stamp-posture-5-0-0 applied to default/Pod/checkout-svc:
apiVersion: v1
kind: Pod
metadata:
  labels:
    policy-as-versioned.dev/policy-version: 5.0.0
    posture.acme.io/caged: "true"
    posture.acme.io/tier: isolated
    posture.acme.io/version: 5.0.0
  name: checkout-svc
  namespace: default
spec:
  containers:
  - image: nginx
    name: c
    resources:
      limits:
        cpu: 100m
        memory: 64Mi
    securityContext:
      allowPrivilegeEscalation: false
      capabilities:
        drop:
        - ALL
      privileged: false
      readOnlyRootFilesystem: true
      runAsNonRoot: true
  - image: ghcr.io/acme/coraza-waf:cage
    name: waf-sidecar
    resources:
      limits:
        cpu: 250m
        memory: 256Mi
    securityContext:
      allowPrivilegeEscalation: false
      capabilities:
        drop:
        - ALL
      privileged: false
      readOnlyRootFilesystem: true
      runAsNonRoot: true
  hostIPC: false
  hostNetwork: false
  hostPID: false
  preemptionPolicy: Never
  priority: -10000
  priorityClassName: cage-isolated-5-0-0
  securityContext:
    runAsNonRoot: true

---


Mutation:
Mutation has been applied successfully.
policy cage-netpol-5-0-0 applied to default/Pod/checkout-svc:
apiVersion: networking.k8s.io/v1
kind: NetworkPolicy
metadata:
  labels:
    app.kubernetes.io/managed-by: kyverno
    posture.acme.io/cage: reach
    posture.acme.io/tier: restricted
  name: cage-reach-restricted
  namespace: default
spec:
  egress:
  - ports:
    - port: 53
      protocol: UDP
    to:
    - namespaceSelector:
        matchLabels:
          kubernetes.io/metadata.name: kube-system
  ingress:
  - from:
    - podSelector: {}
  podSelector:
    matchLabels:
      posture.acme.io/caged: "true"
      posture.acme.io/tier: restricted
  policyTypes:
  - Ingress
  - Egress

---


Generate:
Generation completed successfully.
policy cage-netpol-5-0-0 applied to default/Pod/checkout-svc:
apiVersion: networking.k8s.io/v1
kind: NetworkPolicy
metadata:
  labels:
    app.kubernetes.io/managed-by: kyverno
    posture.acme.io/cage: reach
    posture.acme.io/tier: quarantine
  name: cage-reach-quarantine
  namespace: default
spec:
  egress:
  - ports:
    - port: 53
      protocol: UDP
    to:
    - namespaceSelector:
        matchLabels:
          kubernetes.io/metadata.name: kube-system
  ingress:
  - from:
    - podSelector: {}
  podSelector:
    matchLabels:
      posture.acme.io/caged: "true"
      posture.acme.io/tier: quarantine
  policyTypes:
  - Ingress
  - Egress

---


Generate:
Generation completed successfully.
policy cage-netpol-5-0-0 applied to default/Pod/checkout-svc:
apiVersion: networking.k8s.io/v1
kind: NetworkPolicy
metadata:
  labels:
    app.kubernetes.io/managed-by: kyverno
    posture.acme.io/cage: reach
    posture.acme.io/tier: isolated
  name: cage-reach-isolated
  namespace: default
spec:
  egress: []
  ingress: []
  podSelector:
    matchLabels:
      posture.acme.io/caged: "true"
      posture.acme.io/tier: isolated
  policyTypes:
  - Ingress
  - Egress

---


Generate:
Generation completed successfully.
pass: 7, fail: 0, warn: 0, error: 0, skip: 0

shift-left: fixtures/workload-flip.yaml is compliant on kyverno 1.18.2 across the line(s) of its window that support it ['5.0.0']; unsupported pairing(s), not run and not passed: v4.0.0
ok  a neighbour with no tested_engines (exit 0)

== a CLI that reports another version than the declared engine could not look ==
fixtures/workload-compliant.yaml: targets 5.0.0, checking supported window ['4.0.0', '5.0.0']
declared engine: kyverno 1.19.1 (read from /tmp/tmp.9ZgsfavHui/decl-1.19.1.yaml, --engine-declaration /tmp/tmp.9ZgsfavHui/decl-1.19.1.yaml)
UNSUPPORTED PAIRING @ v4.0.0: kyverno 1.19.1 is not a supported engine of v4.0.0 (tested_engines ['1.18.2']); not run, so neither a compile error nor a pass
COULD NOT LOOK: the kyverno CLI on PATH reports 1.18.2, and the declared engine is 1.19.1; a line run on another engine would measure a pairing nobody declared
ok  a CLI of another version (exit 3)

== an adopter's own repository declares the engine, and the check finds it with no flag ==
/tmp/tmp.9ZgsfavHui/adopter/deploy/pod.yaml: targets 5.0.0, checking supported window ['5.0.0', '6.0.0']
declared engine: kyverno 1.18.2 (read from /tmp/tmp.9ZgsfavHui/adopter/gitops/engine/kyverno.yaml, the top of adopter, the repository /tmp/tmp.9ZgsfavHui/adopter/deploy/pod.yaml belongs to)
--- kyverno apply @ v5.0.0 ---
Applying 5 policy rule(s) to 1 resource(s)...

policy cage-tier-5-0-0 applied to default/Pod/checkout-svc:
apiVersion: v1
kind: Pod
metadata:
  labels:
    policy-as-versioned.dev/policy-version: 5.0.0
    posture.acme.io/caged: "true"
    posture.acme.io/tier: isolated
    posture.acme.io/version: 5.0.0
  name: checkout-svc
  namespace: default
spec:
  containers:
  - image: nginx
    name: c
    resources:
      limits:
        cpu: 100m
        memory: 64Mi
    securityContext:
      allowPrivilegeEscalation: false
      capabilities:
        drop:
        - ALL
      privileged: false
      readOnlyRootFilesystem: true
      runAsNonRoot: true
  - image: ghcr.io/acme/coraza-waf:cage
    name: waf-sidecar
    resources:
      limits:
        cpu: 250m
        memory: 256Mi
    securityContext:
      allowPrivilegeEscalation: false
      capabilities:
        drop:
        - ALL
      privileged: false
      readOnlyRootFilesystem: true
      runAsNonRoot: true
  hostIPC: false
  hostNetwork: false
  hostPID: false
  preemptionPolicy: Never
  priority: -10000
  priorityClassName: cage-isolated-5-0-0
  securityContext:
    runAsNonRoot: true

---


Mutation:
Mutation has been applied successfully.
policy cage-tier-5-0-0 applied to default/Pod/checkout-svc:
apiVersion: v1
kind: Pod
metadata:
  labels:
    policy-as-versioned.dev/policy-version: 5.0.0
    posture.acme.io/caged: "true"
    posture.acme.io/tier: isolated
    posture.acme.io/version: 5.0.0
  name: checkout-svc
  namespace: default
spec:
  containers:
  - image: nginx
    name: c
    resources:
      limits:
        cpu: 100m
        memory: 64Mi
    securityContext:
      allowPrivilegeEscalation: false
      capabilities:
        drop:
        - ALL
      privileged: false
      readOnlyRootFilesystem: true
      runAsNonRoot: true
  - image: ghcr.io/acme/coraza-waf:cage
    name: waf-sidecar
    resources:
      limits:
        cpu: 250m
        memory: 256Mi
    securityContext:
      allowPrivilegeEscalation: false
      capabilities:
        drop:
        - ALL
      privileged: false
      readOnlyRootFilesystem: true
      runAsNonRoot: true
  hostIPC: false
  hostNetwork: false
  hostPID: false
  preemptionPolicy: Never
  priority: -10000
  priorityClassName: cage-isolated-5-0-0
  securityContext:
    runAsNonRoot: true

---


Mutation:
Mutation has been applied successfully.
policy stamp-posture-5-0-0 applied to default/Pod/checkout-svc:
apiVersion: v1
kind: Pod
metadata:
  labels:
    policy-as-versioned.dev/policy-version: 5.0.0
    posture.acme.io/caged: "true"
    posture.acme.io/tier: isolated
    posture.acme.io/version: 5.0.0
  name: checkout-svc
  namespace: default
spec:
  containers:
  - image: nginx
    name: c
    resources:
      limits:
        cpu: 100m
        memory: 64Mi
    securityContext:
      allowPrivilegeEscalation: false
      capabilities:
        drop:
        - ALL
      privileged: false
      readOnlyRootFilesystem: true
      runAsNonRoot: true
  - image: ghcr.io/acme/coraza-waf:cage
    name: waf-sidecar
    resources:
      limits:
        cpu: 250m
        memory: 256Mi
    securityContext:
      allowPrivilegeEscalation: false
      capabilities:
        drop:
        - ALL
      privileged: false
      readOnlyRootFilesystem: true
      runAsNonRoot: true
  hostIPC: false
  hostNetwork: false
  hostPID: false
  preemptionPolicy: Never
  priority: -10000
  priorityClassName: cage-isolated-5-0-0
  securityContext:
    runAsNonRoot: true

---


Mutation:
Mutation has been applied successfully.
policy stamp-posture-5-0-0 applied to default/Pod/checkout-svc:
apiVersion: v1
kind: Pod
metadata:
  labels:
    policy-as-versioned.dev/policy-version: 5.0.0
    posture.acme.io/caged: "true"
    posture.acme.io/tier: isolated
    posture.acme.io/version: 5.0.0
  name: checkout-svc
  namespace: default
spec:
  containers:
  - image: nginx
    name: c
    resources:
      limits:
        cpu: 100m
        memory: 64Mi
    securityContext:
      allowPrivilegeEscalation: false
      capabilities:
        drop:
        - ALL
      privileged: false
      readOnlyRootFilesystem: true
      runAsNonRoot: true
  - image: ghcr.io/acme/coraza-waf:cage
    name: waf-sidecar
    resources:
      limits:
        cpu: 250m
        memory: 256Mi
    securityContext:
      allowPrivilegeEscalation: false
      capabilities:
        drop:
        - ALL
      privileged: false
      readOnlyRootFilesystem: true
      runAsNonRoot: true
  hostIPC: false
  hostNetwork: false
  hostPID: false
  preemptionPolicy: Never
  priority: -10000
  priorityClassName: cage-isolated-5-0-0
  securityContext:
    runAsNonRoot: true

---


Mutation:
Mutation has been applied successfully.
policy cage-netpol-5-0-0 applied to default/Pod/checkout-svc:
apiVersion: networking.k8s.io/v1
kind: NetworkPolicy
metadata:
  labels:
    app.kubernetes.io/managed-by: kyverno
    posture.acme.io/cage: reach
    posture.acme.io/tier: restricted
  name: cage-reach-restricted
  namespace: default
spec:
  egress:
  - ports:
    - port: 53
      protocol: UDP
    to:
    - namespaceSelector:
        matchLabels:
          kubernetes.io/metadata.name: kube-system
  ingress:
  - from:
    - podSelector: {}
  podSelector:
    matchLabels:
      posture.acme.io/caged: "true"
      posture.acme.io/tier: restricted
  policyTypes:
  - Ingress
  - Egress

---


Generate:
Generation completed successfully.
policy cage-netpol-5-0-0 applied to default/Pod/checkout-svc:
apiVersion: networking.k8s.io/v1
kind: NetworkPolicy
metadata:
  labels:
    app.kubernetes.io/managed-by: kyverno
    posture.acme.io/cage: reach
    posture.acme.io/tier: quarantine
  name: cage-reach-quarantine
  namespace: default
spec:
  egress:
  - ports:
    - port: 53
      protocol: UDP
    to:
    - namespaceSelector:
        matchLabels:
          kubernetes.io/metadata.name: kube-system
  ingress:
  - from:
    - podSelector: {}
  podSelector:
    matchLabels:
      posture.acme.io/caged: "true"
      posture.acme.io/tier: quarantine
  policyTypes:
  - Ingress
  - Egress

---


Generate:
Generation completed successfully.
policy cage-netpol-5-0-0 applied to default/Pod/checkout-svc:
apiVersion: networking.k8s.io/v1
kind: NetworkPolicy
metadata:
  labels:
    app.kubernetes.io/managed-by: kyverno
    posture.acme.io/cage: reach
    posture.acme.io/tier: isolated
  name: cage-reach-isolated
  namespace: default
spec:
  egress: []
  ingress: []
  podSelector:
    matchLabels:
      posture.acme.io/caged: "true"
      posture.acme.io/tier: isolated
  policyTypes:
  - Ingress
  - Egress

---


Generate:
Generation completed successfully.
pass: 7, fail: 0, warn: 0, error: 0, skip: 0
--- kyverno apply @ v6.0.0 ---
Applying 5 policy rule(s) to 1 resource(s)...

policy cage-tier-6-0-0 applied to default/Pod/checkout-svc:
apiVersion: v1
kind: Pod
metadata:
  labels:
    policy-as-versioned.dev/policy-version: 6.0.0
    posture.acme.io/caged: "true"
    posture.acme.io/tier: isolated
    posture.acme.io/version: 6.0.0
  name: checkout-svc
  namespace: default
spec:
  containers:
  - image: nginx
    name: c
    resources:
      limits:
        cpu: 100m
        memory: 64Mi
    securityContext:
      allowPrivilegeEscalation: false
      capabilities:
        drop:
        - ALL
      privileged: false
      readOnlyRootFilesystem: true
      runAsNonRoot: true
  - image: ghcr.io/acme/coraza-waf:cage
    name: waf-sidecar
    resources:
      limits:
        cpu: 250m
        memory: 256Mi
    securityContext:
      allowPrivilegeEscalation: false
      capabilities:
        drop:
        - ALL
      privileged: false
      readOnlyRootFilesystem: true
      runAsNonRoot: true
  hostIPC: false
  hostNetwork: false
  hostPID: false
  preemptionPolicy: Never
  priority: -10000
  priorityClassName: cage-isolated-6-0-0
  securityContext:
    runAsNonRoot: true

---


Mutation:
Mutation has been applied successfully.
policy cage-tier-6-0-0 applied to default/Pod/checkout-svc:
apiVersion: v1
kind: Pod
metadata:
  labels:
    policy-as-versioned.dev/policy-version: 6.0.0
    posture.acme.io/caged: "true"
    posture.acme.io/tier: isolated
    posture.acme.io/version: 6.0.0
  name: checkout-svc
  namespace: default
spec:
  containers:
  - image: nginx
    name: c
    resources:
      limits:
        cpu: 100m
        memory: 64Mi
    securityContext:
      allowPrivilegeEscalation: false
      capabilities:
        drop:
        - ALL
      privileged: false
      readOnlyRootFilesystem: true
      runAsNonRoot: true
  - image: ghcr.io/acme/coraza-waf:cage
    name: waf-sidecar
    resources:
      limits:
        cpu: 250m
        memory: 256Mi
    securityContext:
      allowPrivilegeEscalation: false
      capabilities:
        drop:
        - ALL
      privileged: false
      readOnlyRootFilesystem: true
      runAsNonRoot: true
  hostIPC: false
  hostNetwork: false
  hostPID: false
  preemptionPolicy: Never
  priority: -10000
  priorityClassName: cage-isolated-6-0-0
  securityContext:
    runAsNonRoot: true

---


Mutation:
Mutation has been applied successfully.
policy stamp-posture-6-0-0 applied to default/Pod/checkout-svc:
apiVersion: v1
kind: Pod
metadata:
  labels:
    policy-as-versioned.dev/policy-version: 6.0.0
    posture.acme.io/caged: "true"
    posture.acme.io/tier: isolated
    posture.acme.io/version: 6.0.0
  name: checkout-svc
  namespace: default
spec:
  containers:
  - image: nginx
    name: c
    resources:
      limits:
        cpu: 100m
        memory: 64Mi
    securityContext:
      allowPrivilegeEscalation: false
      capabilities:
        drop:
        - ALL
      privileged: false
      readOnlyRootFilesystem: true
      runAsNonRoot: true
  - image: ghcr.io/acme/coraza-waf:cage
    name: waf-sidecar
    resources:
      limits:
        cpu: 250m
        memory: 256Mi
    securityContext:
      allowPrivilegeEscalation: false
      capabilities:
        drop:
        - ALL
      privileged: false
      readOnlyRootFilesystem: true
      runAsNonRoot: true
  hostIPC: false
  hostNetwork: false
  hostPID: false
  preemptionPolicy: Never
  priority: -10000
  priorityClassName: cage-isolated-6-0-0
  securityContext:
    runAsNonRoot: true

---


Mutation:
Mutation has been applied successfully.
policy stamp-posture-6-0-0 applied to default/Pod/checkout-svc:
apiVersion: v1
kind: Pod
metadata:
  labels:
    policy-as-versioned.dev/policy-version: 6.0.0
    posture.acme.io/caged: "true"
    posture.acme.io/tier: isolated
    posture.acme.io/version: 6.0.0
  name: checkout-svc
  namespace: default
spec:
  containers:
  - image: nginx
    name: c
    resources:
      limits:
        cpu: 100m
        memory: 64Mi
    securityContext:
      allowPrivilegeEscalation: false
      capabilities:
        drop:
        - ALL
      privileged: false
      readOnlyRootFilesystem: true
      runAsNonRoot: true
  - image: ghcr.io/acme/coraza-waf:cage
    name: waf-sidecar
    resources:
      limits:
        cpu: 250m
        memory: 256Mi
    securityContext:
      allowPrivilegeEscalation: false
      capabilities:
        drop:
        - ALL
      privileged: false
      readOnlyRootFilesystem: true
      runAsNonRoot: true
  hostIPC: false
  hostNetwork: false
  hostPID: false
  preemptionPolicy: Never
  priority: -10000
  priorityClassName: cage-isolated-6-0-0
  securityContext:
    runAsNonRoot: true

---


Mutation:
Mutation has been applied successfully.
policy cage-netpol-6-0-0 applied to default/Pod/checkout-svc:
apiVersion: networking.k8s.io/v1
kind: NetworkPolicy
metadata:
  labels:
    app.kubernetes.io/managed-by: kyverno
    posture.acme.io/cage: reach
    posture.acme.io/tier: restricted
  name: cage-reach-restricted
  namespace: default
spec:
  egress:
  - ports:
    - port: 53
      protocol: UDP
    to:
    - namespaceSelector:
        matchLabels:
          kubernetes.io/metadata.name: kube-system
  ingress:
  - from:
    - podSelector: {}
  podSelector:
    matchLabels:
      posture.acme.io/caged: "true"
      posture.acme.io/tier: restricted
  policyTypes:
  - Ingress
  - Egress

---


Generate:
Generation completed successfully.
policy cage-netpol-6-0-0 applied to default/Pod/checkout-svc:
apiVersion: networking.k8s.io/v1
kind: NetworkPolicy
metadata:
  labels:
    app.kubernetes.io/managed-by: kyverno
    posture.acme.io/cage: reach
    posture.acme.io/tier: quarantine
  name: cage-reach-quarantine
  namespace: default
spec:
  egress:
  - ports:
    - port: 53
      protocol: UDP
    to:
    - namespaceSelector:
        matchLabels:
          kubernetes.io/metadata.name: kube-system
  ingress:
  - from:
    - podSelector: {}
  podSelector:
    matchLabels:
      posture.acme.io/caged: "true"
      posture.acme.io/tier: quarantine
  policyTypes:
  - Ingress
  - Egress

---


Generate:
Generation completed successfully.
policy cage-netpol-6-0-0 applied to default/Pod/checkout-svc:
apiVersion: networking.k8s.io/v1
kind: NetworkPolicy
metadata:
  labels:
    app.kubernetes.io/managed-by: kyverno
    posture.acme.io/cage: reach
    posture.acme.io/tier: isolated
  name: cage-reach-isolated
  namespace: default
spec:
  egress: []
  ingress: []
  podSelector:
    matchLabels:
      posture.acme.io/caged: "true"
      posture.acme.io/tier: isolated
  policyTypes:
  - Ingress
  - Egress

---


Generate:
Generation completed successfully.
pass: 7, fail: 0, warn: 0, error: 0, skip: 0

shift-left: /tmp/tmp.9ZgsfavHui/adopter/deploy/pod.yaml is compliant on kyverno 1.18.2 across the line(s) of its window that support it ['5.0.0', '6.0.0']
ok  the declaration of the resource's own repository (exit 0)
/tmp/tmp.9ZgsfavHui/adopter/deploy/pod.yaml: targets 5.0.0, checking supported window ['5.0.0', '6.0.0']
UNSUPPORTED PAIRING @ v5.0.0: no engine is declared (the top of adopter, the repository /tmp/tmp.9ZgsfavHui/adopter/deploy/pod.yaml belongs to carries no gitops/engine/kyverno.yaml); not run, so neither a compile error nor a pass
UNSUPPORTED PAIRING @ v6.0.0: no engine is declared (the top of adopter, the repository /tmp/tmp.9ZgsfavHui/adopter/deploy/pod.yaml belongs to carries no gitops/engine/kyverno.yaml); not run, so neither a compile error nor a pass

shift-left: COULD NOT LOOK -- /tmp/tmp.9ZgsfavHui/adopter/deploy/pod.yaml belongs to no declared engine, so no line in its window ['5.0.0', '6.0.0'] was run (hub ADR-0033 point 7)
ok  a repository that declares no engine (exit 3)

shift-left: all offline proofs passed
