[1;36m==>[0m 0. the five-fact sample: the composed set in force, from signed sources (graded first, cluster-free)
   five-fact sample 2026-10-03T14:19:26Z on cluster dsample-37129105076 (run 37129105076), 3 sources
     the cage facts (6, 7) read could-not-look on this sample: it was taken 2026-10-03T14:19:26Z, before they were registered by c5f33cc8982f at 2026-10-04T11:57:46+01:00 on refs/remotes/origin/main
     ludlow-composed      true  fact_1_ready_at_the_pin_on_the_real_remote: Ready at the pinned tag and commit, from the publisher's real remote
     ludlow-composed      ?     fact_2_tag_signature_verified_at_the_source_boundary: nothing checked a signature at this source boundary: the GitRepository declares no spec.verify (Flux speaks OpenPGP and SSH only) and carries no verdict from the identity-pinned gitsign-verifying controller (ticket 41). Not looked at, and a thing not looked at is never a pass
     ludlow-composed      true  fact_3_last_applied_revision_equals_the_pinned_commit: every Kustomization consuming ludlow-composed applied 45b3fbd21d28
     ludlow-composed      true  fact_4_rendered_objects_byte_equal_to_an_offline_render: all 17 rendered objects are live and equal to the offline render
     ludlow-composed      true  fact_5_every_rendered_object_is_in_the_flux_inventory: all 17 rendered objects appear in a Flux inventory
     ludlow-composed      ?     fact_6_the_bottom_rung_is_admitted_and_runs: this sample was taken 2026-10-03T14:19:26Z, before the cage facts were registered by c5f33cc8982f at 2026-10-04T11:57:46+01:00 on refs/remotes/origin/main; a question not yet asked is never a pass (ticket 152 Q4)
     ludlow-composed      ?     fact_7_the_bottom_rung_reaches_nothing_while_the_reference_reaches: this sample was taken 2026-10-03T14:19:26Z, before the cage facts were registered by c5f33cc8982f at 2026-10-04T11:57:46+01:00 on refs/remotes/origin/main; a question not yet asked is never a pass (ticket 152 Q4)
     nist                 true  fact_1_ready_at_the_pin_on_the_real_remote: Ready at the pinned tag and commit, from the publisher's real remote
     nist                 true  fact_2_tag_signature_verified_at_the_source_boundary: the gitsign tag v1.1.0 was verified at the source boundary against nist's own pinned identity ^https://github\.com/policy-as-versioned-nist/nist/\.github/workflows/cut-release\.yml@refs/heads/(main|release/[0-9]+\.[0-9]+\.x)$
     nist                 true  fact_3_last_applied_revision_equals_the_pinned_commit: nist is a verified source only (ticket 16 Q5): no Kustomization reconciles it, so the revision in force is the parent sha the composed set was built from. HEADER 33a05df1f524 vs pin 33a05df1f524
     nist                 true  fact_4_rendered_objects_byte_equal_to_an_offline_render: all 17 rendered objects are live and equal to the offline render
     nist                 true  fact_5_every_rendered_object_is_in_the_flux_inventory: all 17 rendered objects appear in a Flux inventory
     nist                 ?     fact_6_the_bottom_rung_is_admitted_and_runs: this sample was taken 2026-10-03T14:19:26Z, before the cage facts were registered by c5f33cc8982f at 2026-10-04T11:57:46+01:00 on refs/remotes/origin/main; a question not yet asked is never a pass (ticket 152 Q4)
     nist                 ?     fact_7_the_bottom_rung_reaches_nothing_while_the_reference_reaches: this sample was taken 2026-10-03T14:19:26Z, before the cage facts were registered by c5f33cc8982f at 2026-10-04T11:57:46+01:00 on refs/remotes/origin/main; a question not yet asked is never a pass (ticket 152 Q4)
     platform             true  fact_1_ready_at_the_pin_on_the_real_remote: Ready at the pinned tag and commit, from the publisher's real remote
     platform             true  fact_2_tag_signature_verified_at_the_source_boundary: the gitsign tag v4.0.0 was verified at the source boundary against platform's own pinned identity ^https://github\.com/policy-as-versioned-platform/platform/\.github/workflows/cut-release\.yml@refs/heads/(main|release/[0-9]+\.[0-9]+\.x)$
     platform             true  fact_3_last_applied_revision_equals_the_pinned_commit: platform is a verified source only (ticket 16 Q5): no Kustomization reconciles it, so the revision in force is the parent sha the composed set was built from. HEADER 557c1538fe02 vs pin 557c1538fe02
     platform             true  fact_4_rendered_objects_byte_equal_to_an_offline_render: all 17 rendered objects are live and equal to the offline render
     platform             true  fact_5_every_rendered_object_is_in_the_flux_inventory: all 17 rendered objects appear in a Flux inventory
     platform             ?     fact_6_the_bottom_rung_is_admitted_and_runs: this sample was taken 2026-10-03T14:19:26Z, before the cage facts were registered by c5f33cc8982f at 2026-10-04T11:57:46+01:00 on refs/remotes/origin/main; a question not yet asked is never a pass (ticket 152 Q4)
     platform             ?     fact_7_the_bottom_rung_reaches_nothing_while_the_reference_reaches: this sample was taken 2026-10-03T14:19:26Z, before the cage facts were registered by c5f33cc8982f at 2026-10-04T11:57:46+01:00 on refs/remotes/origin/main; a question not yet asked is never a pass (ticket 152 Q4)
   SKIP: 3 could-not-look(s), and a fact not looked at is never a pass: fact_2_tag_signature_verified_at_the_source_boundary on ludlow-composed: nothing checked a signature at this source boundary: the GitRepository declares no spec.verify (Flux speaks OpenPGP and SSH only) and carries no verdict from the identity-pinned gitsign-verifying controller (ticket 41). Not looked at, and a thing not looked at is never a pass; fact_6_the_bottom_rung_is_admitted_and_runs on ludlow-composed, nist, platform: this sample was taken 2026-10-03T14:19:26Z, before the cage facts were registered by c5f33cc8982f at 2026-10-04T11:57:46+01:00 on refs/remotes/origin/main; a question not yet asked is never a pass (ticket 152 Q4); fact_7_the_bottom_rung_reaches_nothing_while_the_reference_reaches on ludlow-composed, nist, platform: this sample was taken 2026-10-03T14:19:26Z, before the cage facts were registered by c5f33cc8982f at 2026-10-04T11:57:46+01:00 on refs/remotes/origin/main; a question not yet asked is never a pass (ticket 152 Q4)
SKIP: no local kind cluster 'ludlow' to observe here, and the lane sample cannot stand in: 3 could-not-look(s), and a fact not looked at is never a pass: fact_2_tag_signature_verified_at_the_source_boundary on ludlow-composed: nothing checked a signature at this source boundary: the GitRepository declares no spec.verify (Flux speaks OpenPGP and SSH only) and carries no verdict from the identity-pinned gitsign-verifying controller (ticket 41). Not looked at, and a thing not looked at is never a pass; fact_6_the_bottom_rung_is_admitted_and_runs on ludlow-composed, nist, platform: this sample was taken 2026-10-03T14:19:26Z, before the cage facts were registered by c5f33cc8982f at 2026-10-04T11:57:46+01:00 on refs/remotes/origin/main; a question not yet asked is never a pass (ticket 152 Q4); fact_7_the_bottom_rung_reaches_nothing_while_the_reference_reaches on ludlow-composed, nist, platform: this sample was taken 2026-10-03T14:19:26Z, before the cage facts were registered by c5f33cc8982f at 2026-10-04T11:57:46+01:00 on refs/remotes/origin/main; a question not yet asked is never a pass (ticket 152 Q4)
