[1;36m==>[0m 0. the five-fact sample: the composed set in force, from signed sources (graded first, cluster-free)
   five-fact sample 2026-10-03T13:32:07Z on cluster dsample-37126409593 (run 37126409593), 3 sources
     the cage facts (6, 7) read could-not-look on this sample: it was taken 2026-10-03T13:32:07Z, before they were registered by f575dc12de13 at 2026-10-04T11:20:11+01:00 on refs/remotes/origin/main
     nist                 true  fact_1_ready_at_the_pin_on_the_real_remote: Ready at the pinned tag and commit, from the publisher's real remote
     nist                 true  fact_2_tag_signature_verified_at_the_source_boundary: the gitsign tag v1.1.0 was verified at the source boundary against nist's own pinned identity ^https://github\.com/policy-as-versioned-nist/nist/\.github/workflows/cut-release\.yml@refs/heads/(main|release/[0-9]+\.[0-9]+\.x)$
     nist                 true  fact_3_last_applied_revision_equals_the_pinned_commit: nist is a verified source only (ticket 16 Q5): no Kustomization reconciles it, so the revision in force is the parent sha the composed set was built from. HEADER 33a05df1f524 vs pin 33a05df1f524
     nist                 true  fact_4_rendered_objects_byte_equal_to_an_offline_render: all 17 rendered objects are live and equal to the offline render
     nist                 true  fact_5_every_rendered_object_is_in_the_flux_inventory: all 17 rendered objects appear in a Flux inventory
     nist                 ?     fact_6_the_bottom_rung_is_admitted_and_runs: this sample was taken 2026-10-03T13:32:07Z, before the cage facts were registered by f575dc12de13 at 2026-10-04T11:20:11+01:00 on refs/remotes/origin/main; a question not yet asked is never a pass (ticket 152 Q4)
     nist                 ?     fact_7_the_bottom_rung_reaches_nothing_while_the_reference_reaches: this sample was taken 2026-10-03T13:32:07Z, before the cage facts were registered by f575dc12de13 at 2026-10-04T11:20:11+01:00 on refs/remotes/origin/main; a question not yet asked is never a pass (ticket 152 Q4)
     platform             true  fact_1_ready_at_the_pin_on_the_real_remote: Ready at the pinned tag and commit, from the publisher's real remote
     platform             true  fact_2_tag_signature_verified_at_the_source_boundary: the gitsign tag v4.0.0 was verified at the source boundary against platform's own pinned identity ^https://github\.com/policy-as-versioned-platform/platform/\.github/workflows/cut-release\.yml@refs/heads/(main|release/[0-9]+\.[0-9]+\.x)$
     platform             true  fact_3_last_applied_revision_equals_the_pinned_commit: platform is a verified source only (ticket 16 Q5): no Kustomization reconciles it, so the revision in force is the parent sha the composed set was built from. HEADER 557c1538fe02 vs pin 557c1538fe02
     platform             true  fact_4_rendered_objects_byte_equal_to_an_offline_render: all 17 rendered objects are live and equal to the offline render
     platform             true  fact_5_every_rendered_object_is_in_the_flux_inventory: all 17 rendered objects appear in a Flux inventory
     platform             ?     fact_6_the_bottom_rung_is_admitted_and_runs: this sample was taken 2026-10-03T13:32:07Z, before the cage facts were registered by f575dc12de13 at 2026-10-04T11:20:11+01:00 on refs/remotes/origin/main; a question not yet asked is never a pass (ticket 152 Q4)
     platform             ?     fact_7_the_bottom_rung_reaches_nothing_while_the_reference_reaches: this sample was taken 2026-10-03T13:32:07Z, before the cage facts were registered by f575dc12de13 at 2026-10-04T11:20:11+01:00 on refs/remotes/origin/main; a question not yet asked is never a pass (ticket 152 Q4)
     tuppence-composed    true  fact_1_ready_at_the_pin_on_the_real_remote: Ready at the pinned tag and commit, from the publisher's real remote
     tuppence-composed    true  fact_2_tag_signature_verified_at_the_source_boundary: the gitsign tag v3.0.0 was verified at the source boundary against tuppence's own pinned identity ^https://github\.com/policy-as-versioned-tuppence/tuppence/\.github/workflows/cut-release\.yml@refs/heads/(main|release/[0-9]+\.[0-9]+\.x)$
     tuppence-composed    true  fact_3_last_applied_revision_equals_the_pinned_commit: every Kustomization consuming tuppence-composed applied 3d64a4d65d5e
     tuppence-composed    true  fact_4_rendered_objects_byte_equal_to_an_offline_render: all 17 rendered objects are live and equal to the offline render
     tuppence-composed    true  fact_5_every_rendered_object_is_in_the_flux_inventory: all 17 rendered objects appear in a Flux inventory
     tuppence-composed    ?     fact_6_the_bottom_rung_is_admitted_and_runs: this sample was taken 2026-10-03T13:32:07Z, before the cage facts were registered by f575dc12de13 at 2026-10-04T11:20:11+01:00 on refs/remotes/origin/main; a question not yet asked is never a pass (ticket 152 Q4)
     tuppence-composed    ?     fact_7_the_bottom_rung_reaches_nothing_while_the_reference_reaches: this sample was taken 2026-10-03T13:32:07Z, before the cage facts were registered by f575dc12de13 at 2026-10-04T11:20:11+01:00 on refs/remotes/origin/main; a question not yet asked is never a pass (ticket 152 Q4)
   SKIP: 2 could-not-look(s), and a fact not looked at is never a pass: fact_6_the_bottom_rung_is_admitted_and_runs on nist, platform, tuppence-composed: this sample was taken 2026-10-03T13:32:07Z, before the cage facts were registered by f575dc12de13 at 2026-10-04T11:20:11+01:00 on refs/remotes/origin/main; a question not yet asked is never a pass (ticket 152 Q4); fact_7_the_bottom_rung_reaches_nothing_while_the_reference_reaches on nist, platform, tuppence-composed: this sample was taken 2026-10-03T13:32:07Z, before the cage facts were registered by f575dc12de13 at 2026-10-04T11:20:11+01:00 on refs/remotes/origin/main; a question not yet asked is never a pass (ticket 152 Q4)
SKIP: no local kind cluster 'tuppence' to observe here, and the lane sample cannot stand in: 2 could-not-look(s), and a fact not looked at is never a pass: fact_6_the_bottom_rung_is_admitted_and_runs on nist, platform, tuppence-composed: this sample was taken 2026-10-03T13:32:07Z, before the cage facts were registered by f575dc12de13 at 2026-10-04T11:20:11+01:00 on refs/remotes/origin/main; a question not yet asked is never a pass (ticket 152 Q4); fact_7_the_bottom_rung_reaches_nothing_while_the_reference_reaches on nist, platform, tuppence-composed: this sample was taken 2026-10-03T13:32:07Z, before the cage facts were registered by f575dc12de13 at 2026-10-04T11:20:11+01:00 on refs/remotes/origin/main; a question not yet asked is never a pass (ticket 152 Q4)
