[1;36m==>[0m 1. party_artefact.py's own asserts (schema.json + the tag/baseline/publish checks)
OK schema.json: the three parent kinds, five roles, four floor tiers and two declarable pricing thresholds are exactly what this module expects; size requires four fields and admits data_subjects as optional
OK validate_schema: a well-formed party artefact has no errors
OK validate_schema: a missing required field is caught
OK validate_schema: a parent kind outside the three is caught
OK validate_schema: a role outside the five is caught
OK validate_schema: an unknown top-level field is caught
OK validate_schema: a non-mapping document is refused, not crashed on
OK validate_schema: a feed parent with no name is caught (ADR-0019: kind closed, name free)
OK validate_schema: a 'since' that is not a real calendar date is caught
OK validate_schema: a publisher with no baseline is valid; publishes[] validates
OK validate_schema: an ADOPTER with no baseline is still refused
OK validate_schema: a publishes[] kind outside the three is caught
OK validate_schema: signed size, appetite, reporting currency and a cage floor validate
OK validate_schema: a turnover with no currency is refused -- every amount carries one
OK validate_schema: a half-declared size is refused, not defaulted
OK validate_schema: a size with no data_subjects validates; every other size field is still required, and a data_subjects that is present is still checked
OK validate_schema: appetite.pricing_threshold 2 and 3 validate; absent is the default
OK validate_schema: appetite.pricing_threshold 1, 4, 5 and every other grade are refused by name -- 4 and 5 never price for anybody, and 1 needs no declaration
OK validate_schema: a pricing_threshold that is a string, a float, a bool, null or a container is refused -- `true` is not grade 1
OK validate_schema: appetite stays closed -- the declaration is pricing_threshold and no other spelling
OK validate_schema: an adopter cannot floor itself at 'infra'
OK check_tags: agreeing pins pass; each feed parent is named as unchecked, not silenced
OK check_tags: a declared version that disagrees with the pinned tag is refused
OK check_tags: a missing pin file that ticket 11 expects is refused, not skipped
OK check_baseline_mirror: an agreeing baselineName passes
OK check_baseline_mirror: a disagreeing baselineName is refused
OK check_baseline_mirror: a missing baselineName key is refused
OK publish_capability: a party advertising publishes[] with no cut-release.yml is refused
OK publish_capability: a release.yml that pins NO identity is not verification
OK publish_capability: an identity-pinned release.yml + cut-release.yml -> both true
OK publish_capability: the workflow alone is not the capability -- the role is read too
OK check(): a real party.yaml with agreeing pins and baseline mirror passes end to end
OK check(): a publisher with no baseline passes; the baseline mirror is named, not run
OK check(): a structurally invalid party artefact refuses before touching any pin file

selfcheck ok: schema.json is the single source of truth for the allowed roles, parent kinds, floor tiers and declarable pricing thresholds; validate_schema catches every structural defect ticket 11 names, every one ticket 21 adds (a feed parent with no name, a bad 'since', an adopter with no baseline, a publishes[] kind outside the three, a half-declared size, an amount with no currency, a floor at 'infra') and every one eco-system ticket 141 adds (a pricing_threshold outside 2 and 3, or not an integer grade, or a stray appetite field), while admitting a size with no data_subjects; check_tags matches a real Flux pin and refuses a real disagreement, naming each feed parent as unchecked rather than silencing it; publish_capability reads two facts off real workflow files and refuses a publishes[] with no release path; check_baseline_mirror matches, refuses a disagreement, and refuses a missing key; check() composes them end to end against a real party.yaml on disk, for an adopter and for a publisher.
[1;36m==>[0m 2. the platform's own party artefact checks out
NOTE: baseline mirror not checked: this party does not adopt, so it selects no baseline and has no nist pin ConfigMap
FACT: can_publish=true
FACT: verification_key_present=true
OK: /home/runner/work/policy-as-versioned-flux/policy-as-versioned-flux/.estate-clone/platform/party.yaml is a valid party artefact; every check that could run agrees (any it could not is a NOTE above)
[1;36m==>[0m 3. the platform can actually publish what it advertises
[1;36m==>[0m PASS: the party artefact schema, its check, and the platform's own artefact all hold
