
== 1. the signed feed-change fixture verifies offline (the war-gamer's drift input) ==
ok  threat-register v3 (driftwood skimmer uptick) signed + verified

== 2. a tampered feed fixture is rejected (integrity of the war-gamer's input) ==
ok  tampered feed fixture correctly rejected

== 3. the feed->PR seam: collect -> war-game -> propose-never-dispose ==
ok  collected v1->v3 signed feed + 6-scenario library (human-seed + AI); war-game: driftwood cart-PII £41095>£40000 band -> Audit->Deny drift, ludlow steady; 3 scenario-path drift(s); proposed 4 PR(s) claiming no signature of their own, 0 merged, all carry the gate; the party tier is the strictest priced line, clamped to the floor, never looser than the Namespace declares (ticket 78).

== 3b. the proposer can only tighten (ticket 78): party fold, floor, current declaration ==
note: ledger derived from 0 closed-unmerged proposal PR(s) on policy-as-versioned-flux/policy-as-versioned-flux; 0 key(s) carry weight; half-life 30d, suppress at 0.5 (rejection-decay.yaml 1.0.0).
From /tmp/tmp6kr5oi4t/remote
 * branch            main       -> FETCH_HEAD
To /tmp/tmp6kr5oi4t/remote.git
 * [new branch]      HEAD -> wargamer/retune-tier-driftwood-cage-tier-ico-pricing
note: ledger derived from 0 closed-unmerged proposal PR(s) on policy-as-versioned-flux/policy-as-versioned-flux; 0 key(s) carry weight; half-life 30d, suppress at 0.5 (rejection-decay.yaml 1.0.0).
From /tmp/tmp6kr5oi4t/remote
 * branch            main       -> FETCH_HEAD
Everything up-to-date
note: ledger derived from 0 closed-unmerged proposal PR(s) on policy-as-versioned-flux/policy-as-versioned-flux; 0 key(s) carry weight; half-life 30d, suppress at 0.5 (rejection-decay.yaml 1.0.0).
From /tmp/tmp6kr5oi4t/remote
 * branch            main       -> FETCH_HEAD
To /tmp/tmp6kr5oi4t/remote.git
 * [new branch]      HEAD -> wargamer/retune-tier-driftwood-cage-tier-platform-threat
note: ledger derived from 1 closed-unmerged proposal PR(s) on policy-as-versioned-flux/policy-as-versioned-flux; 1 key(s) carry weight; half-life 30d, suppress at 0.5 (rejection-decay.yaml 1.0.0).
note: ledger derived from 1 closed-unmerged proposal PR(s) on policy-as-versioned-flux/policy-as-versioned-flux; 0 key(s) carry weight; half-life 30d, suppress at 0.5 (rejection-decay.yaml 1.0.0).
From /tmp/tmp6kr5oi4t/remote
 * branch            main       -> FETCH_HEAD
Everything up-to-date
note: proposer holds -- strictest priced line is 'isolated' across ['feeds/feed', 'ico/feed', 'twin/twin']; the Namespace declares 'isolated'; held -- the proposer only tightens
note: ledger derived from 0 closed-unmerged proposal PR(s) on policy-as-versioned-flux/policy-as-versioned-flux; 0 key(s) carry weight; half-life 30d, suppress at 0.5 (rejection-decay.yaml 1.0.0).
From /tmp/tmp6kr5oi4t/remote
 * branch            main       -> FETCH_HEAD
To /tmp/tmp6kr5oi4t/remote.git
 * [new branch]      HEAD -> wargamer/retune-tier-driftwood-cage-tier-feeds-feed
note: ledger derived from 0 closed-unmerged proposal PR(s) on policy-as-versioned-flux/policy-as-versioned-flux; 0 key(s) carry weight; half-life 30d, suppress at 0.5 (rejection-decay.yaml 1.0.0).
From /tmp/tmp6kr5oi4t/remote
 * branch            main       -> FETCH_HEAD
To /tmp/tmp6kr5oi4t/remote.git
 + b922be8...c9b912f HEAD -> wargamer/retune-tier-driftwood-cage-tier-feeds-feed (forced update)
note: proposer holds -- strictest priced line is 'restricted' across ['feeds/feed']; the Namespace declares 'quarantine'; held -- the proposer only tightens
note: ledger derived from 0 closed-unmerged proposal PR(s) on policy-as-versioned-flux/policy-as-versioned-flux; 0 key(s) carry weight; half-life 30d, suppress at 0.5 (rejection-decay.yaml 1.0.0).
From /tmp/tmp6kr5oi4t/remote
 * branch            main       -> FETCH_HEAD
To /tmp/tmp6kr5oi4t/remote.git
 + c9b912f...800b1c6 HEAD -> wargamer/retune-tier-driftwood-cage-tier-feeds-feed (forced update)
note: ledger derived from 0 closed-unmerged proposal PR(s) on policy-as-versioned-flux/policy-as-versioned-flux; 0 key(s) carry weight; half-life 30d, suppress at 0.5 (rejection-decay.yaml 1.0.0).
ok  a proposal opens a PR editing posture.acme.io/tier on the GOVERNED NAMESPACE manifest found by its governed label (comments and the governed label survive; the pod label, an output, is untouched; main untouched; everything else byte-identical), and its body names the manifest, the move, the price that moved it, the selection-policy version and the curve hash; a second run force-pushes the SAME branch (1 fresh commit, not 2) and UPDATES the open PR, never opens a second one; a price still flagged proposed_as=issue opens a PULL REQUEST -- no issue path exists any more (ADR-0022); yesterday's closed-unmerged PR SUPPRESSES the identical proposal while one priced under another curve does not (the ledger is derived, nothing records the no); the proposer can only TIGHTEN (ticket 78): a per-line crossing on a party declared isolated lands nothing (no branch, no PR), the party's strictest priced line is what gets written and the body says so, the declared overlay.floor clamps the write up (read only as a direct child of `overlay:`, so a decoy nested deeper is not a floor), and the current tier is read off the Namespace (a line landing looser than the declaration is held); TWO governed Namespace DOCUMENTS in one manifest is counted as two and lands nothing, and apply_tier_declaration refuses to rewrite the first and leave the second; no merge()/approve()/dispose() anywhere in this module, and no DISPOSING GH CALL either -- the argv this module builds is read, a planted `_gh("pr", "merge", "--squash", "--admin", ...)` and a planted /merge REST path are both caught, and a `gh pr create` is not.
ok  strictest line wins, the floor clamps up, and nothing looser than the Namespace declares is written

== 3c. no proposal claims its own signature (ticket 76 item 6): the commit is signed, not the document ==
ok  no 'signed: True' literal under wargamer/; propose-tier.yml signs the commit and verifies it

== 4. the war-game drift report (enforcement + human/device scenarios) ==
  [DRIFT] enforcement driftwood require-nonroot@2.0.0            Audit    -> Deny
  [  ok ] enforcement tuppence  require-nonroot@2.0.0            Deny     -> Deny
  [  ok ] enforcement ludlow    require-nonroot@2.0.0            Deny     -> Deny
  [  ok ] scenario    tuppence  phishing-credential-theft        fix      -> fix
  [  ok ] scenario    tuppence  stolen-laptop-unattested-device  cage     -> cage
  [DRIFT] scenario    tuppence  insider-abuse                    transfer -> cage
  [DRIFT] scenario    tuppence  ransomware-workload              deny     -> cage
  [DRIFT] scenario    tuppence  pq-harvest-now-decrypt-later     transfer -> cage
  [  ok ] scenario    tuppence  hyperscaler-region-concentration transfer -> transfer
ok  4 drift(s): the war-gamer found disproportionate controls to re-tune

== 5. the propose-never-dispose beat (the signed PR, the gate, no merge) ==
[1;36m==>[0m war-gaming current controls against the signed feed set...
[1;36m==>[0m drift found -> would open PR on branch 'wargamer/retune-driftwood-require-nonroot-2-0-0'

--- proposed policy diff (this is the PR body a human reviews) ---
@@ -15,7 +15,7 @@
     policy-as-versioned.dev/policy: require-nonroot
     policy-as-versioned.dev/policy-version: "2.0.0"
 spec:
-  validationActions: [Audit]
+  validationActions: [Deny]
   matchConstraints:
     resourceRules:
       - apiGroups: [""]
--- end diff ---
ok  the flip is proposed on a branch; main is untouched

[1;36m==>[0m the PR carries the version cross-check gate: ci-check.py
ok  gate runs (kyverno): a workload compliant-under-Audit is caught pre-merge by the +/-1 cross-check

[1;36m==>[0m commit identity: gitsign keyless (OIDC -> Fulcio) -> Rekor  [gitsign version v0.17.1]

[1;36m==>[0m next (human + CI, NOT this agent): git commit --gitsign on 'wargamer/retune-driftwood-require-nonroot-2-0-0', push, open PR,
[1;36m==>[0m      the gate + a human reviewer dispose. The war-gamer proposes; it never merges.

PASS: signed feeds collected + integrity-checked, current controls war-gamed
(workload + human/device + PQ), drift detected, a signed policy PR proposed with
the version cross-check gate -- and never merged. The war-gamer proposes; a human disposes.
