
== 1. the market intel + rendered map are signed + verify offline (attestable) ==
ok  signed + verified: intel/market-intel.json
ok  signed + verified: map/wardley-map.json

== 2. a tampered map update is rejected (map updates are tamper-evident commits) ==
ok  tampered map correctly rejected

== 3. the map flags commoditisation MOVEMENT, not position ==
  [  --  ] pq-cryptanalysis           attacker-capability  custom    -> custom    (+0.15)
  [MOVING] phishing-kits-aas          attacker-capability  product   -> commodity (+0.36)
  [MOVING] ransomware-aas             attacker-capability  product   -> commodity (+0.24)
  [  --  ] credential-stuffing-aas    attacker-capability  commodity -> commodity (+0.09)
  [MOVING] spiffe-workload-identity   defensive-capability product   -> commodity (+0.3)
  [MOVING] agentic-commit-access      attacker-capability  custom    -> product   (+0.27)
  [MOVING] pkg-registry-worm          attacker-capability  custom    -> product   (+0.27)
  [MOVING] nb-refining-capacity       supply-constraint    product   -> commodity (+0.15)
  [MOVING] pqc-transport-migration    defensive-capability product   -> commodity (+0.3)
ok  commoditisation is read as MOVEMENT across the horizon, not static position

== 4. the forward signal + war-gamer seam, PER INSTITUTION: forward re-price -> drift -> signed PR ==
Traceback (most recent call last):
  File "<string>", line 23, in <module>
KeyError: 'signed'
  -- driftwood --
    [DRIFT] phishing-credential-theft-forward  cage     -> fix
    [  ok ] ransomware-workload-forward        cage     -> cage
    [  ok ] stolen-laptop-unattested-device    cage     -> cage
    [  ok ] agentic-commit-compromise          fix      -> fix
    [  ok ] dependency-worm-exfil              cage     -> cage
