  ok   selfcheck: with git unreachable this script exits 3 and its last line is SKIP:
[1;36m==>[0m 1. the render seam's own tests (pure, clock-free, biting, refusing what it cannot derive)
  ok   render() returns a non-empty page from an artefact
  ok   render() is a pure function of its inputs (same bytes from another cwd, another environment, a moment later)
  ok   render() gives the same bytes from a separate process under an emptied environment, a random PYTHONHASHSEED and a fresh cwd
  ok   the page carries no wall-clock date (2026-09-09 does not appear)
  ok   changing a parent's sha changes the render
  ok   changing a price amount changes the render
  ok   changing a limit's status changes the render
  ok   changing a policy object's name changes the render
  ok   changing the baseline changes the render
  ok   HEADER.yaml and evidence.json disagreeing about `parents` is refused
  ok   parent platform@2.0.1 is named on the page
  ok   parent feeds@v2 is named on the page
  ok   member cage-tier is named on the page
  ok   member orphan-guard is named on the page
  ok   limit two-publisher-conflict is named on the page
  ok   limit publisher-clone-absent is named on the page
  ok   a hole that partitions a price is named with its control id and amount
  ok   a hole that IS the whole price entry is named by its own source/name@version
  ok   a whole-entry hole with neither source/name nor id is named as an absence, never printed as `None`
  ok   a could-not-look price renders its reason in section 6 and no amount
  ok   a price with no amount and no could_not_look reason is refused
  ok   a premium or switching entry renders `—` for the tier it never proposes, and a feed entry with none is named absent
  ok   ...a feed entry with no proposed_tier is named absent, not dashed
  ok   the price's perspective and currency are both on the page
  ok   a price with no currency is refused, never rendered
  ok   a price with no perspective is refused, never rendered
  ok   an artefact with no exposure names `exposure` as absent
  ok   ...and states no total for it
  ok   an artefact with no selection-policy names `selection-policy` as absent
FAIL: the absences are counted, and the count is the number listed
FAIL: handbook.py --selfcheck
