  ok   selfcheck: with kyverno unreachable this script exits 3 and its last line is SKIP:
selfcheck ok: dial_table parses the real cage-tier.yaml; UNCAGED sits at the top of the permissiveness lattice, every real tier below it, tighter tiers below looser ones; a dial tightening classifies major and names the moved corpus entries and the dial CEL expression (never an enumerated dial list); a widen-only change is patch; no change is none; one field regressing while another improves is still major (spec-level, not dial-level); priorityClass ranks on the ACTUAL assigned PriorityClass's real value, so a tier's pc field repointed at a different PriorityClass registers as major even with every other dial untouched (cs-21 regression guard); cage-tier added/removed fall out of the same per-pod comparison with no special case; the major detail is one sentence with no viability language; Track 1 reuses rederive_bumps.classify_policy unchanged; classify_repo reproduces the three known-good bumps; a whole-body release whose only movement is a policy removal computes patch; cs-16: a self-scoped pair (real render-version-tree.py bodies, real generated corpus, real kyverno apply) differing ONLY in the version literal classifies 'none', never the old spurious 'major' the vacuous self-scope match used to produce, and a real narrowing bundled with the same version bump still classifies 'major' -- the fix removes the artifact without suppressing real movement; ticket 09 item 2: the real v3.0.0 -> v4.0.0 cage release computes major against the real committed corpus and names both real reasons (the tier source moved to namespaceObject, so a governed Namespace with no tier falls closed to isolated and a forged pod label is clobbered; and the cage became tighten-only), and a body that starts writing false over a workload's own true -- invisible to a dial-table comparison, proven identical first -- classifies major as a loosening
.......................
----------------------------------------------------------------------
Ran 23 tests in 10.566s

OK
{
  "schema": 2,
  "scope": "every-served-body-v1",
  "outcome": "passed",
  "graded_commit": "f0e7ec6f6ba89932ef66f68c51710d36746da8cb",
  "engines": [
    {
      "name": "kyverno",
      "version": "1.18.2",
      "binary": "/home/runner/work/_temp/kyverno-engines/1.18.2/kyverno",
      "sha256": "791e5a4a68e50823f0c101761acfa7976f49c4c073a8b3d1e15b4461a4e21124"
    },
    {
      "name": "kyverno",
      "version": "1.19.1",
      "binary": "/home/runner/work/_temp/kyverno-engines/1.19.1/kyverno",
      "sha256": "dfa1ffe747e43d0d5a34cbc676ff96ecafdf7ef979eee1c6d9d6606e3613c138"
    }
  ],
  "extra_engines": [],
  "unusable_engines": [],
  "rows": [
    {
      "subject": "policy 5.0.0",
      "kind": "line",
      "policy_version": "5.0.0",
      "declared": [
        "1.18.2"
      ],
      "state": "published",
      "ref": "refs/tags/policy/v5.0.0",
      "tag": "policy/v5.0.0",
      "array_commit": "597f214bcdf10a77c957debc7e8a7842e1156fb8",
      "tag_commit": "5b88f1d0bb33274e3348db93645d972c893b3c2c",
      "policy_tree": "a8468fb3e156f91f826750dd543ba6e1bfa99439",
      "policy_sha256": "6b61be47ded40234f73366ecaf9855c3dd58bb62b24f355a2fb04d91d3b2b9b5",
      "fixtures_commit": "f0e7ec6f6ba89932ef66f68c51710d36746da8cb",
      "fixtures_sha256": "a4381c7927f738b750fe6e952270f8943cccc89a6f05b40746d04f90de58f9b1",
      "api_versions": [
        "kustomize.config.k8s.io/v1beta1",
        "policies.kyverno.io/v1alpha1",
        "scheduling.k8s.io/v1"
      ],
      "prerelease_api_versions": [
        "kustomize.config.k8s.io/v1beta1",
        "policies.kyverno.io/v1alpha1"
      ],
      "bodies": [
        "cage-netpol",
        "cage-tier",
        "posture-trust-boundary",
        "require-nonroot",
        "stamp-posture"
      ],
      "not_bodies": [
        "kustomization.yaml",
        "priorityclasses.yaml"
      ],
      "cells": [
        {
          "engine": "1.18.2",
          "binary_sha256": "791e5a4a68e50823f0c101761acfa7976f49c4c073a8b3d1e15b4461a4e21124",
          "outcome": "passed",
          "bodies": [
            {
              "family": "cage-netpol",
              "policies": [
                "cage-netpol-5-0-0"
              ],
              "body_sha256": "2f2b08fe6dace31742ff98a367f5100ea3220ef77bf43034aef30d2496439187",
              "fixture": "graded/tests (adapted)",
              "outcome": "passed",
              "parts": [
                {
                  "family": "cage-netpol",
                  "policies": [
                    "cage-netpol-5-0-0"
                  ],
                  "fixture": "graded/tests (adapted)",
                  "outcome": "passed",
                  "passed_assertions": 11,
                  "failed_assertions": 0,
                  "row_reasons": {
                    "Ok": 9,
                    "Excluded": 2
                  },
                  "refusals": [],
                  "exit_code": 0,
                  "output_sha256": "e7242c89c2e52bcb4036f760cf3ceec113b33d34f6977431d32fc56f43a9927f",
                  "diagnostic": null
                }
              ]
            },
            {
              "family": "cage-tier",
              "policies": [
                "cage-tier-5-0-0"
              ],
              "body_sha256": "8088165d2909fe15880d696629e5d8e8431901156b9585c9954289e3346a28de",
              "fixture": "graded/tests (adapted)",
              "outcome": "passed",
              "parts": [
                {
                  "family": "cage-tier",
                  "policies": [
                    "cage-tier-5-0-0"
                  ],
                  "fixture": "graded/tests (adapted)",
                  "outcome": "passed",
                  "passed_assertions": 13,
                  "failed_assertions": 0,
                  "row_reasons": {
                    "Ok": 13
                  },
                  "refusals": [],
                  "exit_code": 0,
                  "output_sha256": "8eb400699adf39abe1094a7d4880fefa18b7a3c89f5fa81918462c21db915345",
                  "diagnostic": null
                }
              ]
            },
            {
              "family": "posture-trust-boundary",
              "policies": [
                "posture-trust-boundary-5-0-0"
              ],
              "body_sha256": "877d087ffddb990240277a6723628074024eb058afec05576d7a9df6c5eac81a",
              "fixture": "engine-fixtures",
              "outcome": "passed",
              "parts": [
                {
                  "family": "posture-trust-boundary",
                  "policies": [
                    "posture-trust-boundary-5-0-0"
                  ],
                  "fixture": "engine-fixtures",
                  "outcome": "passed",
                  "passed_assertions": 5,
                  "failed_assertions": 0,
                  "row_reasons": {
                    "Ok": 5
                  },
                  "refusals": [],
                  "exit_code": 0,
                  "output_sha256": "a38e4fec945d5e73c23b7d013dc15434b277040caebebf777feaed9b771dc057",
                  "diagnostic": null
                }
              ]
            },
            {
              "family": "require-nonroot",
              "policies": [
                "require-nonroot-5-0-0"
              ],
              "body_sha256": "83910bf37ef0d4125aca667370c267a9be4a8246ea2710d91d81b54c5e3501d7",
              "fixture": "engine-fixtures",
              "outcome": "passed",
              "parts": [
                {
                  "family": "require-nonroot",
                  "policies": [
                    "require-nonroot-5-0-0"
                  ],
                  "fixture": "engine-fixtures",
                  "outcome": "passed",
                  "passed_assertions": 6,
                  "failed_assertions": 0,
                  "row_reasons": {
                    "Ok": 6
                  },
                  "refusals": [],
                  "exit_code": 0,
                  "output_sha256": "09ecdab40637173fe79a7ad5952818ba3886b287317402c601cce6d1cadd43cc",
                  "diagnostic": null
                }
              ]
            },
            {
              "family": "stamp-posture",
              "policies": [
                "stamp-posture-5-0-0"
              ],
              "body_sha256": "a5cb056c1dd132a002858b88d857eaadef86a4d2686fb0aae8ca782c40993c91",
              "fixture": "engine-fixtures",
              "outcome": "passed",
              "parts": [
                {
                  "family": "stamp-posture",
                  "policies": [
                    "stamp-posture-5-0-0"
                  ],
                  "fixture": "engine-fixtures",
                  "outcome": "passed",
                  "passed_assertions": 5,
                  "failed_assertions": 0,
                  "row_reasons": {
                    "Ok": 5
                  },
                  "refusals": [],
                  "exit_code": 0,
                  "output_sha256": "b0ea90fa9c7fa7472f3991aee9e0362901661ac5457f9a5c86ae35e5b64b31f2",
                  "diagnostic": null
                }
              ]
            }
          ]
        }
      ],
      "outcome": "passed"
    },
    {
      "subject": "policy 6.0.0",
      "kind": "line",
      "policy_version": "6.0.0",
      "declared": [
        "1.18.2"
      ],
      "state": "published",
      "ref": "refs/tags/policy/v6.0.0",
      "tag": "policy/v6.0.0",
      "array_commit": "b18a0d8946f9dbeb5fbcf6bbe5233b9c919a7c8c",
      "tag_commit": "59ec7ce39bcd658c2454b23ce1cc26082e737fdd",
      "policy_tree": "3e0cf747eeecba8947a6f9f67b417dbd23137376",
      "policy_sha256": "9b3029c0936d976f220c050b45a9fa2c7b8353b32658cac82b9115d297325e98",
      "fixtures_commit": "f0e7ec6f6ba89932ef66f68c51710d36746da8cb",
      "fixtures_sha256": "eeb287724d230a0451207af27cfdbd2ba66d4dfa52738031e1a3a8e6d9b4d754",
      "api_versions": [
        "kustomize.config.k8s.io/v1beta1",
        "policies.kyverno.io/v1alpha1",
        "scheduling.k8s.io/v1"
      ],
      "prerelease_api_versions": [
        "kustomize.config.k8s.io/v1beta1",
        "policies.kyverno.io/v1alpha1"
      ],
      "bodies": [
        "cage-netpol",
        "cage-tier",
        "posture-trust-boundary",
        "require-nonroot",
        "stamp-posture"
      ],
      "not_bodies": [
        "kustomization.yaml",
        "priorityclasses.yaml"
      ],
      "cells": [
        {
          "engine": "1.18.2",
          "binary_sha256": "791e5a4a68e50823f0c101761acfa7976f49c4c073a8b3d1e15b4461a4e21124",
          "outcome": "passed",
          "bodies": [
            {
              "family": "cage-netpol",
              "policies": [
                "cage-netpol-6-0-0"
              ],
              "body_sha256": "3a376d55be88757aa57102eb84c744890c40bf43a5241eb790004d852d03d24d",
              "fixture": "graded/tests (adapted)",
              "outcome": "passed",
              "parts": [
                {
                  "family": "cage-netpol",
                  "policies": [
                    "cage-netpol-6-0-0"
                  ],
                  "fixture": "graded/tests (adapted)",
                  "outcome": "passed",
                  "passed_assertions": 9,
                  "failed_assertions": 0,
                  "row_reasons": {
                    "Ok": 9
                  },
                  "refusals": [],
                  "exit_code": 0,
                  "output_sha256": "4649d8adf17e7f9b9ade8e8874b82b94926c6abb4c45e8109ff22ff06e634bd2",
                  "diagnostic": null,
                  "generation": {
                    "family": "cage-netpol",
                    "fixture": "generates.yaml",
                    "outcome": "passed",
                    "triggers": [
                      {
                        "trigger": "caged-baseline",
                        "documents": 0
                      },
                      {
                        "trigger": "caged-restricted",
                        "documents": 3
                      },
                      {
                        "trigger": "caged-quarantine",
                        "documents": 3
                      },
                      {
                        "trigger": "caged-isolated",
                        "documents": 3
                      },
                      {
                        "trigger": "healthy",
                        "documents": 0
                      },
                      {
                        "trigger": "uncaged-restricted",
                        "documents": 0
                      }
                    ]
                  }
                }
              ]
            },
            {
              "family": "cage-tier",
              "policies": [
                "cage-tier-6-0-0"
              ],
              "body_sha256": "5bb6c6a3cbdb211000cda7e401742d89ac7eed0c91b04f47192e9a745c5c69bf",
              "fixture": "graded/tests (adapted)",
              "outcome": "passed",
              "parts": [
                {
                  "family": "cage-tier",
                  "policies": [
                    "cage-tier-6-0-0"
                  ],
                  "fixture": "graded/tests (adapted)",
                  "outcome": "passed",
                  "passed_assertions": 18,
                  "failed_assertions": 0,
                  "row_reasons": {
                    "Ok": 18
                  },
                  "refusals": [],
                  "exit_code": 0,
                  "output_sha256": "37ab99943001c0c463fb988e7232950a53381030d1d18dac1444926e89116953",
                  "diagnostic": null
                }
              ]
            },
            {
              "family": "posture-trust-boundary",
              "policies": [
                "posture-trust-boundary-6-0-0"
              ],
              "body_sha256": "1e8125c437767d42fbd0f0fc04a1fdccb97ffddde21e3a5015b0516b175903ed",
              "fixture": "engine-fixtures",
              "outcome": "passed",
              "parts": [
                {
                  "family": "posture-trust-boundary",
                  "policies": [
                    "posture-trust-boundary-6-0-0"
                  ],
                  "fixture": "engine-fixtures",
                  "outcome": "passed",
                  "passed_assertions": 5,
                  "failed_assertions": 0,
                  "row_reasons": {
                    "Ok": 5
                  },
                  "refusals": [],
                  "exit_code": 0,
                  "output_sha256": "cebce79abc7bf687ebd164c7e606f35e4a37c06d1e9a8f5e2633db2044f6c6dd",
                  "diagnostic": null
                }
              ]
            },
            {
              "family": "require-nonroot",
              "policies": [
                "require-nonroot-6-0-0"
              ],
              "body_sha256": "46e394ea0f5551290c30dd7a884307330ef9f702923e7120ac9abb4ef6024a90",
              "fixture": "engine-fixtures",
              "outcome": "passed",
              "parts": [
                {
                  "family": "require-nonroot",
                  "policies": [
                    "require-nonroot-6-0-0"
                  ],
                  "fixture": "engine-fixtures",
                  "outcome": "passed",
                  "passed_assertions": 6,
                  "failed_assertions": 0,
                  "row_reasons": {
                    "Ok": 6
                  },
                  "refusals": [],
                  "exit_code": 0,
                  "output_sha256": "b1d7173955e4f69335be830bc2c46210db712735c3b570ecf0653967e2864b6c",
                  "diagnostic": null
                }
              ]
            },
            {
              "family": "stamp-posture",
              "policies": [
                "stamp-posture-6-0-0"
              ],
              "body_sha256": "a0b54890cb5dcb73261d839e96e1083a6796ae2bf39c87f5b01c3a2ba175f7e2",
              "fixture": "engine-fixtures",
              "outcome": "passed",
              "parts": [
                {
                  "family": "stamp-posture",
                  "policies": [
                    "stamp-posture-6-0-0"
                  ],
                  "fixture": "engine-fixtures",
                  "outcome": "passed",
                  "passed_assertions": 5,
                  "failed_assertions": 0,
                  "row_reasons": {
                    "Ok": 5
                  },
                  "refusals": [],
                  "exit_code": 0,
                  "output_sha256": "a82c05a48b7e79216f687d672ec259f80216d2bbe685c9cd59c2508199ab0f9f",
                  "diagnostic": null
                }
              ]
            }
          ]
        }
      ],
      "outcome": "passed"
    },
    {
      "subject": "policy 7.0.0",
      "kind": "line",
      "policy_version": "7.0.0",
      "declared": [
        "1.18.2",
        "1.19.1"
      ],
      "state": "published",
      "ref": "refs/tags/policy/v7.0.0",
      "tag": "policy/v7.0.0",
      "array_commit": "393a40f707f2b23a3a174696a0c84a8473297ca9",
      "tag_commit": "703eff6aee959843c4160aa54fd03413f62858cc",
      "policy_tree": "9af2c788bf22701a89de763104b18f98d387a1f1",
      "policy_sha256": "3c7235345943706ee47858221143d50aa24bd64a57264258e00684c043746117",
      "fixtures_commit": "f0e7ec6f6ba89932ef66f68c51710d36746da8cb",
      "fixtures_sha256": "ecd69d6c2d75caa648b0dc79ea94596a8abe2946747729b1bf87107e833f3563",
      "api_versions": [
        "kustomize.config.k8s.io/v1beta1",
        "policies.kyverno.io/v1",
        "scheduling.k8s.io/v1"
      ],
      "prerelease_api_versions": [
        "kustomize.config.k8s.io/v1beta1"
      ],
      "bodies": [
        "cage-netpol",
        "cage-tier",
        "require-nonroot",
        "stamp-posture"
      ],
      "not_bodies": [
        "kustomization.yaml",
        "priorityclasses.yaml"
      ],
      "cells": [
        {
          "engine": "1.18.2",
          "binary_sha256": "791e5a4a68e50823f0c101761acfa7976f49c4c073a8b3d1e15b4461a4e21124",
          "outcome": "passed",
          "bodies": [
            {
              "family": "cage-netpol",
              "policies": [
                "cage-netpol-7-0-0"
              ],
              "body_sha256": "0e3b6f5207ee8ff19a4437e06a484194fd281fe5e5cc1631dd1395b7ee0aaf64",
              "fixture": "graded/tests (adapted)",
              "outcome": "passed",
              "parts": [
                {
                  "family": "cage-netpol",
                  "policies": [
                    "cage-netpol-7-0-0"
                  ],
                  "fixture": "graded/tests (adapted)",
                  "outcome": "passed",
                  "passed_assertions": 9,
                  "failed_assertions": 0,
                  "row_reasons": {
                    "Ok": 9
                  },
                  "refusals": [],
                  "exit_code": 0,
                  "output_sha256": "211841489fcbb5659ef2e235476347b567d0f84a4c07a87b67b4a15abd25725c",
                  "diagnostic": null,
                  "generation": {
                    "family": "cage-netpol",
                    "fixture": "generates.yaml",
                    "outcome": "passed",
                    "triggers": [
                      {
                        "trigger": "caged-baseline",
                        "documents": 0
                      },
                      {
                        "trigger": "caged-restricted",
                        "documents": 3
                      },
                      {
                        "trigger": "caged-quarantine",
                        "documents": 3
                      },
                      {
                        "trigger": "caged-isolated",
                        "documents": 3
                      },
                      {
                        "trigger": "healthy",
                        "documents": 0
                      },
                      {
                        "trigger": "uncaged-restricted",
                        "documents": 0
                      }
                    ]
                  }
                }
              ]
            },
            {
              "family": "cage-tier",
              "policies": [
                "cage-tier-7-0-0"
              ],
              "body_sha256": "8b5266455efade18d630e778817f661b4142b334b2ec502f2ff83de73d0f4863",
              "fixture": "graded/tests (adapted)",
              "outcome": "passed",
              "parts": [
                {
                  "family": "cage-tier",
                  "policies": [
                    "cage-tier-7-0-0"
                  ],
                  "fixture": "graded/tests (adapted)",
                  "outcome": "passed",
                  "passed_assertions": 18,
                  "failed_assertions": 0,
                  "row_reasons": {
                    "Ok": 18
                  },
                  "refusals": [],
                  "exit_code": 0,
                  "output_sha256": "c78c053c9e1f40097a5a9e0ab575f8ae8742e8d23db221d937919b5b5e52dec1",
                  "diagnostic": null
                }
              ]
            },
            {
              "family": "require-nonroot",
              "policies": [
                "require-nonroot-7-0-0"
              ],
              "body_sha256": "54690d306906ed9cbeea5d29e80aa4ce60a9ca0642556c94a4d33acaa6298cd6",
              "fixture": "engine-fixtures",
              "outcome": "passed",
              "parts": [
                {
                  "family": "require-nonroot",
                  "policies": [
                    "require-nonroot-7-0-0"
                  ],
                  "fixture": "engine-fixtures",
                  "outcome": "passed",
                  "passed_assertions": 6,
                  "failed_assertions": 0,
                  "row_reasons": {
                    "Ok": 6
                  },
                  "refusals": [],
                  "exit_code": 0,
                  "output_sha256": "d5a53d87468b91494e24f7d70b7eea6ea367cb661e1fe1fcb4767e7587bd3fbc",
                  "diagnostic": null
                }
              ]
            },
            {
              "family": "stamp-posture",
              "policies": [
                "stamp-posture-7-0-0"
              ],
              "body_sha256": "4bb49ef68df58b8501600b6e6677266d63fa85676ba6cf17a40023ee53039332",
              "fixture": "engine-fixtures",
              "outcome": "passed",
              "parts": [
                {
                  "family": "stamp-posture",
                  "policies": [
                    "stamp-posture-7-0-0"
                  ],
                  "fixture": "engine-fixtures",
                  "outcome": "passed",
                  "passed_assertions": 5,
                  "failed_assertions": 0,
                  "row_reasons": {
                    "Ok": 5
                  },
                  "refusals": [],
                  "exit_code": 0,
                  "output_sha256": "662c34f8e0d4ffc26aaef31fa873b98f41fc9d623ced13fa933a15083e955dd1",
                  "diagnostic": null
                }
              ]
            }
          ]
        },
        {
          "engine": "1.19.1",
          "binary_sha256": "dfa1ffe747e43d0d5a34cbc676ff96ecafdf7ef979eee1c6d9d6606e3613c138",
          "outcome": "passed",
          "bodies": [
            {
              "family": "cage-netpol",
              "policies": [
                "cage-netpol-7-0-0"
              ],
              "body_sha256": "0e3b6f5207ee8ff19a4437e06a484194fd281fe5e5cc1631dd1395b7ee0aaf64",
              "fixture": "graded/tests (adapted)",
              "outcome": "passed",
              "parts": [
                {
                  "family": "cage-netpol",
                  "policies": [
                    "cage-netpol-7-0-0"
                  ],
                  "fixture": "graded/tests (adapted)",
                  "outcome": "passed",
                  "passed_assertions": 9,
                  "failed_assertions": 0,
                  "row_reasons": {
                    "Ok": 9
                  },
                  "refusals": [],
                  "exit_code": 0,
                  "output_sha256": "81732f24eaa67967bdb9b2c3938a7d8ab9f6f687c1b23317ee3e53c0263533a3",
                  "diagnostic": null,
                  "generation": {
                    "family": "cage-netpol",
                    "fixture": "generates.yaml",
                    "outcome": "passed",
                    "triggers": [
                      {
                        "trigger": "caged-baseline",
                        "documents": 0
                      },
                      {
                        "trigger": "caged-restricted",
                        "documents": 3
                      },
                      {
                        "trigger": "caged-quarantine",
                        "documents": 3
                      },
                      {
                        "trigger": "caged-isolated",
                        "documents": 3
                      },
                      {
                        "trigger": "healthy",
                        "documents": 0
                      },
                      {
                        "trigger": "uncaged-restricted",
                        "documents": 0
                      }
                    ]
                  }
                }
              ]
            },
            {
              "family": "cage-tier",
              "policies": [
                "cage-tier-7-0-0"
              ],
              "body_sha256": "8b5266455efade18d630e778817f661b4142b334b2ec502f2ff83de73d0f4863",
              "fixture": "graded/tests (adapted)",
              "outcome": "passed",
              "parts": [
                {
                  "family": "cage-tier",
                  "policies": [
                    "cage-tier-7-0-0"
                  ],
                  "fixture": "graded/tests (adapted)",
                  "outcome": "passed",
                  "passed_assertions": 18,
                  "failed_assertions": 0,
                  "row_reasons": {
                    "Ok": 18
                  },
                  "refusals": [],
                  "exit_code": 0,
                  "output_sha256": "6d14130357cb402a4946300e8b865f6599d1eb9def47d81b25777628459044b6",
                  "diagnostic": null
                }
              ]
            },
            {
              "family": "require-nonroot",
              "policies": [
                "require-nonroot-7-0-0"
              ],
              "body_sha256": "54690d306906ed9cbeea5d29e80aa4ce60a9ca0642556c94a4d33acaa6298cd6",
              "fixture": "engine-fixtures",
              "outcome": "passed",
              "parts": [
                {
                  "family": "require-nonroot",
                  "policies": [
                    "require-nonroot-7-0-0"
                  ],
                  "fixture": "engine-fixtures",
                  "outcome": "passed",
                  "passed_assertions": 6,
                  "failed_assertions": 0,
                  "row_reasons": {
                    "Ok": 6
                  },
                  "refusals": [],
                  "exit_code": 0,
                  "output_sha256": "37e53fb6a895050e14330b7a28deb04ba1da7a3d00513206503065ed89294681",
                  "diagnostic": null
                }
              ]
            },
            {
              "family": "stamp-posture",
              "policies": [
                "stamp-posture-7-0-0"
              ],
              "body_sha256": "4bb49ef68df58b8501600b6e6677266d63fa85676ba6cf17a40023ee53039332",
              "fixture": "engine-fixtures",
              "outcome": "passed",
              "parts": [
                {
                  "family": "stamp-posture",
                  "policies": [
                    "stamp-posture-7-0-0"
                  ],
                  "fixture": "engine-fixtures",
                  "outcome": "passed",
                  "passed_assertions": 5,
                  "failed_assertions": 0,
                  "row_reasons": {
                    "Ok": 5
                  },
                  "refusals": [],
                  "exit_code": 0,
                  "output_sha256": "7602a3a64371790231aa39c04c67dece2b39dd0296dac8b9d11f7a3881578d3f",
                  "diagnostic": null
                }
              ]
            }
          ]
        }
      ],
      "outcome": "passed"
    },
    {
      "subject": "machinery",
      "kind": "machinery",
      "declaration": "distribution/machinery.yaml",
      "declared": [
        "1.18.2",
        "1.19.1"
      ],
      "state": "graded commit",
      "ref": "f0e7ec6f6ba89932ef66f68c51710d36746da8cb",
      "members": [
        {
          "member": "policy-version-orphan-guard",
          "kind": "ValidatingPolicy",
          "out_path": "composed/orphan-guard.yaml"
        },
        {
          "member": "governed-namespace-requires-claim",
          "kind": "MutatingPolicy",
          "out_path": "composed/governed-namespace-guard.yaml"
        },
        {
          "member": "policy-version-orphan-cage",
          "kind": "MutatingPolicy",
          "out_path": "composed/orphan-cage.yaml"
        },
        {
          "member": "policy-version-orphan-cage-holds",
          "kind": "MutatingPolicy",
          "out_path": "composed/orphan-cage-holds.yaml"
        },
        {
          "member": "governed-namespace-cage-holds",
          "kind": "MutatingPolicy",
          "out_path": "composed/governed-namespace-holds.yaml"
        },
        {
          "member": "governed-namespace-unclaimed-report",
          "kind": "ValidatingPolicy",
          "out_path": "composed/governed-namespace-report.yaml"
        },
        {
          "member": "cage-netpol-bottom-rung",
          "kind": "GeneratingPolicy",
          "out_path": "composed/bottom-rung-netpol.yaml"
        },
        {
          "member": "cage-isolated",
          "kind": "PriorityClass",
          "out_path": "composed/bottom-rung-priorityclass.yaml"
        }
      ],
      "bodies": [
        "cage-netpol-bottom-rung",
        "governed-namespace-cage-holds",
        "governed-namespace-requires-claim",
        "governed-namespace-unclaimed-report",
        "policy-version-orphan-cage-holds",
        "policy-version-orphan-cage",
        "policy-version-orphan-guard"
      ],
      "not_bodies": [
        "cage-isolated.yaml"
      ],
      "fixtures_sha256": "db6842992fc0073ae9aa566b8f9408e64b4ab7c8bc84fceec6de369e3164ecb5",
      "cells": [
        {
          "engine": "1.18.2",
          "binary_sha256": "791e5a4a68e50823f0c101761acfa7976f49c4c073a8b3d1e15b4461a4e21124",
          "outcome": "passed",
          "bodies": [
            {
              "family": "cage-netpol-bottom-rung",
              "policies": [
                "cage-netpol-bottom-rung"
              ],
              "body_sha256": "ac7e3d365835c9257c38d1f1a7407d3045ef74e25fe04ea2628bb6692fff84e4",
              "fixture": "generates.yaml",
              "outcome": "passed",
              "parts": [
                {
                  "family": "cage-netpol-bottom-rung",
                  "fixture": "generates.yaml",
                  "outcome": "passed",
                  "triggers": [
                    {
                      "trigger": "orphan-isolated",
                      "documents": 1
                    },
                    {
                      "trigger": "unclaimed-isolated",
                      "documents": 1
                    },
                    {
                      "trigger": "served-isolated",
                      "documents": 0
                    },
                    {
                      "trigger": "orphan-uncaged",
                      "documents": 0
                    },
                    {
                      "trigger": "orphan-baseline",
                      "documents": 0
                    }
                  ]
                }
              ]
            },
            {
              "family": "governed-namespace-cage-holds",
              "policies": [
                "governed-namespace-cage-holds"
              ],
              "body_sha256": "e7e2922fa0c146d2c1636091bc1b4ade70d40455583c8a374e13dc413f984bdc",
              "fixture": "engine-fixtures",
              "outcome": "passed",
              "parts": [
                {
                  "family": "governed-namespace-cage-holds",
                  "policies": [
                    "governed-namespace-cage-holds"
                  ],
                  "fixture": "engine-fixtures",
                  "outcome": "passed",
                  "passed_assertions": 2,
                  "failed_assertions": 0,
                  "row_reasons": {
                    "Excluded": 2
                  },
                  "refusals": [],
                  "exit_code": 0,
                  "output_sha256": "969ead51ac29e75207c782e543e8dbef04b6e669e5d5adfcbc47cc21821f5757",
                  "diagnostic": null
                }
              ]
            },
            {
              "family": "governed-namespace-requires-claim",
              "policies": [
                "governed-namespace-requires-claim"
              ],
              "body_sha256": "04d20521a45f454f4b788e5631fca45e8baade54ca6d23bdc15ca319155eebbf",
              "fixture": "engine-fixtures",
              "outcome": "passed",
              "parts": [
                {
                  "family": "governed-namespace-requires-claim",
                  "policies": [
                    "governed-namespace-requires-claim"
                  ],
                  "fixture": "engine-fixtures",
                  "outcome": "passed",
                  "passed_assertions": 3,
                  "failed_assertions": 0,
                  "row_reasons": {
                    "Ok": 2,
                    "Excluded": 1
                  },
                  "refusals": [],
                  "exit_code": 0,
                  "output_sha256": "a30a0833173f8e1cdc979a3a32d13f95ef7d4c0e3ec9a09f73e28a918b2d5954",
                  "diagnostic": null
                }
              ]
            },
            {
              "family": "governed-namespace-unclaimed-report",
              "policies": [
                "governed-namespace-unclaimed-report"
              ],
              "body_sha256": "cbff6e54b2f1a1dd567690e5acc1f998c2ccea0172293b9ced938da34826f3b4",
              "fixture": "engine-fixtures",
              "outcome": "passed",
              "parts": [
                {
                  "family": "governed-namespace-unclaimed-report",
                  "policies": [
                    "governed-namespace-unclaimed-report"
                  ],
                  "fixture": "engine-fixtures",
                  "outcome": "passed",
                  "passed_assertions": 3,
                  "failed_assertions": 0,
                  "row_reasons": {
                    "Ok": 2,
                    "Excluded": 1
                  },
                  "refusals": [],
                  "exit_code": 0,
                  "output_sha256": "c9e0ac7cc927653882f1d424039b56315cae6fa94582bf33336c0daa46bea8b0",
                  "diagnostic": null
                }
              ]
            },
            {
              "family": "policy-version-orphan-cage-holds",
              "policies": [
                "policy-version-orphan-cage-holds"
              ],
              "body_sha256": "0fed16dcbd9fd1f525b80ed21ab517df2f4c70b400e36ac0b7483c2277cb9df6",
              "fixture": "engine-fixtures",
              "outcome": "passed",
              "parts": [
                {
                  "family": "policy-version-orphan-cage-holds",
                  "policies": [
                    "policy-version-orphan-cage-holds"
                  ],
                  "fixture": "engine-fixtures",
                  "outcome": "passed",
                  "passed_assertions": 3,
                  "failed_assertions": 0,
                  "row_reasons": {
                    "Excluded": 3
                  },
                  "refusals": [],
                  "exit_code": 0,
                  "output_sha256": "cb812080d31169b675a3dd7d5806d43b82e677d892090c10d282c3eb96451de0",
                  "diagnostic": null
                }
              ]
            },
            {
              "family": "policy-version-orphan-cage",
              "policies": [
                "policy-version-orphan-cage"
              ],
              "body_sha256": "435b8dff882afce1cc89944e223eed3637ea3e4dd8de484d9796957dd9f0b95c",
              "fixture": "engine-fixtures",
              "outcome": "passed",
              "parts": [
                {
                  "family": "policy-version-orphan-cage",
                  "policies": [
                    "policy-version-orphan-cage"
                  ],
                  "fixture": "engine-fixtures",
                  "outcome": "passed",
                  "passed_assertions": 3,
                  "failed_assertions": 0,
                  "row_reasons": {
                    "Ok": 3
                  },
                  "refusals": [],
                  "exit_code": 0,
                  "output_sha256": "87730818d8d1ed8432f8693e2fb668318e9b4359f7652ca66c2917c788d7943c",
                  "diagnostic": null
                }
              ]
            },
            {
              "family": "policy-version-orphan-guard",
              "policies": [
                "policy-version-orphan-guard"
              ],
              "body_sha256": "50281c1938ff82fe48961de697cc2f761e8b2b0b8b19ea9a22a7583d8a1a9363",
              "fixture": "engine-fixtures",
              "outcome": "passed",
              "parts": [
                {
                  "family": "policy-version-orphan-guard",
                  "policies": [
                    "policy-version-orphan-guard"
                  ],
                  "fixture": "engine-fixtures",
                  "outcome": "passed",
                  "passed_assertions": 3,
                  "failed_assertions": 0,
                  "row_reasons": {
                    "Ok": 3
                  },
                  "refusals": [],
                  "exit_code": 0,
                  "output_sha256": "d24ee0906778ec7c39444d7aa1f332c8be8f569a66ac259d8902feed91074089",
                  "diagnostic": null
                }
              ]
            }
          ]
        },
        {
          "engine": "1.19.1",
          "binary_sha256": "dfa1ffe747e43d0d5a34cbc676ff96ecafdf7ef979eee1c6d9d6606e3613c138",
          "outcome": "passed",
          "bodies": [
            {
              "family": "cage-netpol-bottom-rung",
              "policies": [
                "cage-netpol-bottom-rung"
              ],
              "body_sha256": "ac7e3d365835c9257c38d1f1a7407d3045ef74e25fe04ea2628bb6692fff84e4",
              "fixture": "generates.yaml",
              "outcome": "passed",
              "parts": [
                {
                  "family": "cage-netpol-bottom-rung",
                  "fixture": "generates.yaml",
                  "outcome": "passed",
                  "triggers": [
                    {
                      "trigger": "orphan-isolated",
                      "documents": 1
                    },
                    {
                      "trigger": "unclaimed-isolated",
                      "documents": 1
                    },
                    {
                      "trigger": "served-isolated",
                      "documents": 0
                    },
                    {
                      "trigger": "orphan-uncaged",
                      "documents": 0
                    },
                    {
                      "trigger": "orphan-baseline",
                      "documents": 0
                    }
                  ]
                }
              ]
            },
            {
              "family": "governed-namespace-cage-holds",
              "policies": [
                "governed-namespace-cage-holds"
              ],
              "body_sha256": "e7e2922fa0c146d2c1636091bc1b4ade70d40455583c8a374e13dc413f984bdc",
              "fixture": "engine-fixtures",
              "outcome": "passed",
              "parts": [
                {
                  "family": "governed-namespace-cage-holds",
                  "policies": [
                    "governed-namespace-cage-holds"
                  ],
                  "fixture": "engine-fixtures",
                  "outcome": "passed",
                  "passed_assertions": 2,
                  "failed_assertions": 0,
                  "row_reasons": {
                    "Excluded": 2
                  },
                  "refusals": [],
                  "exit_code": 0,
                  "output_sha256": "8b20b68d722a49b370afed487d4220b7b0d7386069f74079388d73ecc1a16259",
                  "diagnostic": null
                }
              ]
            },
            {
              "family": "governed-namespace-requires-claim",
              "policies": [
                "governed-namespace-requires-claim"
              ],
              "body_sha256": "04d20521a45f454f4b788e5631fca45e8baade54ca6d23bdc15ca319155eebbf",
              "fixture": "engine-fixtures",
              "outcome": "passed",
              "parts": [
                {
                  "family": "governed-namespace-requires-claim",
                  "policies": [
                    "governed-namespace-requires-claim"
                  ],
                  "fixture": "engine-fixtures",
                  "outcome": "passed",
                  "passed_assertions": 3,
                  "failed_assertions": 0,
                  "row_reasons": {
                    "Ok": 2,
                    "Excluded": 1
                  },
                  "refusals": [],
                  "exit_code": 0,
                  "output_sha256": "6065039b68b320ba7ac7728afbc2eae9b2c65f6df3385f273541b1511aeed2a3",
                  "diagnostic": null
                }
              ]
            },
            {
              "family": "governed-namespace-unclaimed-report",
              "policies": [
                "governed-namespace-unclaimed-report"
              ],
              "body_sha256": "cbff6e54b2f1a1dd567690e5acc1f998c2ccea0172293b9ced938da34826f3b4",
              "fixture": "engine-fixtures",
              "outcome": "passed",
              "parts": [
                {
                  "family": "governed-namespace-unclaimed-report",
                  "policies": [
                    "governed-namespace-unclaimed-report"
                  ],
                  "fixture": "engine-fixtures",
                  "outcome": "passed",
                  "passed_assertions": 3,
                  "failed_assertions": 0,
                  "row_reasons": {
                    "Ok": 2,
                    "Excluded": 1
                  },
                  "refusals": [],
                  "exit_code": 0,
                  "output_sha256": "c2f0a05770d15fac9147935799accba11d0862483cfca8607b27285c7ea64e09",
                  "diagnostic": null
                }
              ]
            },
            {
              "family": "policy-version-orphan-cage-holds",
              "policies": [
                "policy-version-orphan-cage-holds"
              ],
              "body_sha256": "0fed16dcbd9fd1f525b80ed21ab517df2f4c70b400e36ac0b7483c2277cb9df6",
              "fixture": "engine-fixtures",
              "outcome": "passed",
              "parts": [
                {
                  "family": "policy-version-orphan-cage-holds",
                  "policies": [
                    "policy-version-orphan-cage-holds"
                  ],
                  "fixture": "engine-fixtures",
                  "outcome": "passed",
                  "passed_assertions": 3,
                  "failed_assertions": 0,
                  "row_reasons": {
                    "Excluded": 3
                  },
                  "refusals": [],
                  "exit_code": 0,
                  "output_sha256": "56c2eebeff6d5d7ff7373dd9285f24144d4abcb253dc659edf451249eca5b110",
                  "diagnostic": null
                }
              ]
            },
            {
              "family": "policy-version-orphan-cage",
              "policies": [
                "policy-version-orphan-cage"
              ],
              "body_sha256": "435b8dff882afce1cc89944e223eed3637ea3e4dd8de484d9796957dd9f0b95c",
              "fixture": "engine-fixtures",
              "outcome": "passed",
              "parts": [
                {
                  "family": "policy-version-orphan-cage",
                  "policies": [
                    "policy-version-orphan-cage"
                  ],
                  "fixture": "engine-fixtures",
                  "outcome": "passed",
                  "passed_assertions": 3,
                  "failed_assertions": 0,
                  "row_reasons": {
                    "Ok": 3
                  },
                  "refusals": [],
                  "exit_code": 0,
                  "output_sha256": "46b7ac12167347a04e6554f84079e14c5d65458418d32cf2cb76d29645374a4a",
                  "diagnostic": null
                }
              ]
            },
            {
              "family": "policy-version-orphan-guard",
              "policies": [
                "policy-version-orphan-guard"
              ],
              "body_sha256": "50281c1938ff82fe48961de697cc2f761e8b2b0b8b19ea9a22a7583d8a1a9363",
              "fixture": "engine-fixtures",
              "outcome": "passed",
              "parts": [
                {
                  "family": "policy-version-orphan-guard",
                  "policies": [
                    "policy-version-orphan-guard"
                  ],
                  "fixture": "engine-fixtures",
                  "outcome": "passed",
                  "passed_assertions": 3,
                  "failed_assertions": 0,
                  "row_reasons": {
                    "Ok": 3
                  },
                  "refusals": [],
                  "exit_code": 0,
                  "output_sha256": "240646e55082e80af99045d1a504dd4a37e5104b71360b9d6a183f6928d377d0",
                  "diagnostic": null
                }
              ]
            }
          ]
        }
      ],
      "outcome": "passed"
    }
  ],
  "limits": [
    "Offline Kyverno CLI only: no Kubernetes admission, no background controller, no live reach.",
    "Exact CLI versions only; no patch range, Kubernetes version or adopter runtime is inferred.",
    "A cell grades the bodies the subject serves against their fixtures; a fixture proves what its rows assert and nothing else. The CLI evaluates every resource as a CREATE and cannot populate oldObject, so an UPDATE-only body is graded on compiling only.",
    "Line fixtures under computed-semver/engine-fixtures/ are read from the graded commit, not from the tag, because a fixture can be written after its line was cut; the row records both. For cage-tier and cage-netpol the tag's own graded/tests fixture always runs as well.",
    "A pass or fail row that kyverno test reads as Excluded (the policy was not applied to the resource) fails its body; a skip row may read Excluded.",
    "Tag signature verification remains the provenance gate; this check binds tag and array policy trees.",
    "Executable SHA256 identifies each binary; its authenticity rests on the caller checksum.",
    "This evidence changes no policy body, policy bump, money, or release authorization."
  ],
  "ambiguous_engines": {},
  "matrix": {
    "policy 5.0.0": {
      "1.18.2": "passed"
    },
    "policy 6.0.0": {
      "1.18.2": "passed"
    },
    "policy 7.0.0": {
      "1.18.2": "passed",
      "1.19.1": "passed"
    },
    "machinery": {
      "1.18.2": "passed",
      "1.19.1": "passed"
    }
  }
}
subject       1.18.2          1.19.1          row
policy 5.0.0  passed          -               passed
policy 6.0.0  passed          -               passed
policy 7.0.0  passed          passed          passed
machinery     passed          passed          passed
PASS: engine cells -- passed; 6 cell(s): 6 passed; graded platform commit f0e7ec6f6ba89932ef66f68c51710d36746da8cb: policy 5.0.0 from refs/tags/policy/v5.0.0 at 5b88f1d0bb33274e3348db93645d972c893b3c2c, policy 6.0.0 from refs/tags/policy/v6.0.0 at 59ec7ce39bcd658c2454b23ce1cc26082e737fdd, policy 7.0.0 from refs/tags/policy/v7.0.0 at 703eff6aee959843c4160aa54fd03413f62858cc, machinery rendered by compose/composition.py at the graded commit; each body read by git archive at that ref and run by the kyverno binaries above
