SKIP: the emitter could not look: CANNOT LOOK: ludlow's twin cannot price a forward-intel payload today, and the instruments it is missing are named rather than defaulted (ADR-0020): perspective 'ludlow' declares 'plan-administration-fees' as its cash flow and puts no priced valuation on it (grade 3, outside the pricing threshold of 2), because party.yaml publishes no signed size: for the amount to derive from; the one causal edge to 'plan-administration-fees' (member-records-loss-cuts-plan-administration-fees) is graded 3, outside the ladder's path admission threshold of 2, so no impact may enter this perspective's pound through it. The overlay, the vendored world layer and the six standing scenarios are all present and load; what is absent is a figure and an evidenced path, and inventing either is the one thing this estate refuses.
PASS: vendored payload schema is byte-identical to platform/feeds/forward-intel.payload.schema.json
PASS: perspective 'ludlow' is party='employer' (the overlay floor needs one employer seat)
PASS: perspective currency 'GBP' and party.yaml reporting_currency 'GBP' agree
PASS: this overlay names the party whose balance sheet it is ('ludlow')
PASS: overlay floor: 4 positioned components
PASS: overlay floor: 2 role(s) declared as people
PASS: overlay floor: 1 causal edge(s) reach the declared cash flow 'plan-administration-fees' (this payload prices one shock, so exactly one is what the emitter needs)
SKIP: the one causal edge to 'plan-administration-fees' (member-records-loss-cuts-plan-administration-fees) is graded 3, outside the ladder's path admission threshold of 2, so no impact may enter this perspective's pound through it: this institution has no dated incident of its own and the elasticity is arithmetic on a comparable firm's published regulatory record
SKIP: the perspective's valuation on 'plan-administration-fees' carries no amount (grade 3, outside the pricing threshold of 2): party.yaml for this party publishes no signed `size:` block, so there is no signed fact for an amount to derive from and the twin's own valuation schema refuses a figure at this grade
PASS: every declared rung ['baseline', 'restricted', 'quarantine', 'isolated'] is priced by a response in this overlay
PASS: twin/ladder.yaml's rungs ['baseline', 'restricted', 'quarantine', 'isolated'] are platform's own published ladder ['baseline', 'restricted', 'quarantine', 'isolated']
PASS: no action-shaped key anywhere in the overlay
PASS: no forward-intel feed is emitted and party.yaml declares no publishes[] record for one
PASS: planted a perspective valuing in a currency the party does not report in -> REFUSED: perspective 'ludlow' values in USD and party.yaml reports in GBP. Restating one in the other needs an FX rate from the signed fx fe
PASS: planted a world_ref that no longer describes the vendored bytes -> REFUSED: orgs/ludlow/meta.yaml pins world_ref c2d07330a778ed547b60cfbb87217bcf9813181f, and the vendored world layer stages to 29f0cafc871aa
PASS: planted a ladder rung the overlay prices no response for -> REFUSED: twin/ladder.yaml declares rung(s) 'quarantine' and this overlay prices no response for them. A curve missing a rung reads as a rung
PASS: planted a twin release PIN.yaml does not pin -> REFUSED: twin/PIN.yaml pins twin 9.9.9 and the twin package rendering this overlay is 0.1.0. Re-vendor the world layer at the pinned release
TOTAL: 15 pass, 0 fail, 3 could-not-look
SKIP: the emitter could not look: CANNOT LOOK: ludlow's twin cannot price a forward-intel payload today, and the instruments it is missing are named rather than defaulted (ADR-0020): perspective 'ludlow' declares 'plan-administration-fees' as its cash flow and puts no priced valuation on it (grade 3, outside the pricing threshold of 2), because party.yaml publishes no signed size: for the amount to derive from; the one causal edge to 'plan-administration-fees' (member-records-loss-cuts-plan-administration-fees) is graded 3, outside the ladder's path admission threshold of 2, so no impact may enter this perspective's pound through it. The overlay, the vendored world layer and the six standing scenarios are all present and load; what is absent is a figure and an evidenced path, and inventing either is the one thing this estate refuses.
