E2E step 5 twin forecasts
  ok  driftwood/twin/orgs/driftwood/meta.yaml (the adopter's own overlay)
  ok  driftwood/twin/world/ (the world layer, vendored)
  ok  driftwood/twin/emit-forward-intel.py (the forward-intel emitter)
  ok  driftwood: 6 standing scenarios in driftwood/twin/orgs/driftwood/scenarios
  ok  driftwood/twin/signals.yaml (the pin -> standing-scenario table)
  ok  driftwood/verify-twin-overlay.sh: PASS: driftwood's twin emits one forward-intel feed from its own overlay, labelled and unpicked
  ok  driftwood/twin/verify-twin-scenarios.sh: PASS: driftwood carries its six standing scenarios, two new classes in all three places, and no fine amount in the twin
  ok  driftwood's scheduled sweep (`5 7 * * *`) has appended 30 dated observation(s); the most recent swept_at is 2026-10-04T13:08:26Z
  ok  ludlow/twin/orgs/ludlow/meta.yaml (the adopter's own overlay)
  ok  ludlow/twin/world/ (the world layer, vendored)
  ok  ludlow/twin/emit-forward-intel.py (the forward-intel emitter)
  ok  ludlow: 6 standing scenarios in ludlow/twin/orgs/ludlow/scenarios
  ok  ludlow/twin/signals.yaml (the pin -> standing-scenario table)
  ok  ludlow/verify-twin-overlay.sh: PASS: ludlow's twin overlay loads, is labelled, prices every rung it declares and emits its feed
  ok  ludlow/twin/verify-twin-scenarios.sh: PASS: ludlow carries its six standing scenarios, four committed classes in all three places, and no fine amount in the twin
  ok  ludlow's scheduled sweep (`an unparsed schedule`) has appended 24 dated observation(s); the most recent swept_at is 2026-10-04T13:19:22Z
  ok  tuppence/twin/orgs/tuppence/meta.yaml (the adopter's own overlay)
  ok  tuppence/twin/world/ (the world layer, vendored)
  ok  tuppence/twin/emit-forward-intel.py (the forward-intel emitter)
  ok  tuppence: 6 standing scenarios in tuppence/twin/orgs/tuppence/scenarios
  ok  tuppence/twin/signals.yaml (the pin -> standing-scenario table)
  ok  tuppence/verify-twin-overlay.sh: PASS: tuppence's twin overlay loads, is labelled, prices every rung it declares and emits its feed
  ok  tuppence/twin/verify-twin-scenarios.sh: PASS: tuppence carries its six standing scenarios, four committed classes in all three places, and no fine amount in the twin
  ok  tuppence's scheduled sweep (`an unparsed schedule`) has appended 24 dated observation(s); the most recent swept_at is 2026-10-04T13:13:44Z
  ok  the twin's own evals scored the artefacts: PASS: 7 harness-mechanism metrics, 7 of them not measurable at their corpus size (verify-corpus-size.sh grades that) (the label twin/evolution_judge.py declares for the corpus behind these scores, and the one this run asserted the harness spent; harness-mechanism means each heuristic is scored against the corpus it was fitted on, so the number grades the harness, not the twin's judgement -- a held-out corpus is not built yet), exactly the set twin/skill-thresholds.yaml declares, none below its threshold where measurable and none fallen, three real-firm beats, identical bytes on this architecture, and every published feed envelope binding to one dated signal
SKIP: the twin did not play a dated signal forward for every adopter: driftwood/twin/verify-twin-sweep-moved.sh could not look: SKIP: the moved path has not fired live yet: observations/twin-sweep.jsonl carries no line with "moved": true (the step is proven offline above; the live firing is the half only the clock can supply, once the overlay or a pin moves under it); ludlow/twin/verify-twin-sweep-moved.sh is not in this estate; tuppence/twin/verify-twin-sweep-moved.sh is not in this estate
