[1;36m==>[0m 0. the pure half grades planted data as documented
  ok   selfcheck: a hand-written line, a line whose run number disagrees with its commit, a second run=local line, a run that is neither a number nor `local`, a citable line stranded off the default branch, and an unknown step name each fail as documented; a rescued line and one whose measured tree never reached the default branch are notes, not faults; and a step's effective shell flags are read from the step -- `-e` where nothing is declared, none where the step opts out
[1;36m==>[0m 1. every TRUTH line in talk/truth.log was ADDED by a run that could record it
  ok   113 recorded TRUTH line(s), each ADDED by the clock commit whose message names the same run; 1 declared run=local line(s)
[1;36m==>[0m 1b. no citable TRUTH line is stranded on a branch that merged without it
  --   TRUTH 2026-09-05T14:45Z run=101: committed on origin/ticket-89-deny-is-not-a-rung and its line is in the default branch's log (commit f8968f6 was rescued, or the branch merged with it)
  --   TRUTH 2026-09-05T01:20Z run=88: committed on origin/ticket-64-the-twin-is-three-adopters and its line is in the default branch's log (commit 2545d1a was rescued, or the branch merged with it)
  --   TRUTH 2026-09-04T20:35Z run=84: committed on origin/ticket-62-and-77-pins-are-checked-for-content and its line is in the default branch's log (commit fd0722f was rescued, or the branch merged with it)
  --   TRUTH 2026-09-04T16:34Z run=76: committed on origin/ticket-56-and-85-the-clocks-are-graded and its line is in the default branch's log (commit 7335de8 was rescued, or the branch merged with it)
  !! TRUTH 2026-10-06T12:48Z run=390: 1457d62 on origin/observations/truth/37461746437-1 measured a tree that IS on the default branch, so the observation was citable, and its line never reached that branch's talk/truth.log -- the record lost a number it had
  !! TRUTH 2026-10-05T22:06Z run=388: 087a09a on origin/observations/truth/37376803849-1 measured a tree that IS on the default branch, so the observation was citable, and its line never reached that branch's talk/truth.log -- the record lost a number it had
  !! TRUTH 2026-10-05T18:18Z run=386: a09dc5a on origin/recover-truth-records-20261005 measured a tree that IS on the default branch, so the observation was citable, and its line never reached that branch's talk/truth.log -- the record lost a number it had
  !! TRUTH 2026-10-05T13:17Z run=383: 09a229d on origin/recover-truth-records-20261005 measured a tree that IS on the default branch, so the observation was citable, and its line never reached that branch's talk/truth.log -- the record lost a number it had
  !! TRUTH 2026-10-05T09:27Z run=382: b17438e on origin/recover-truth-records-20261005 measured a tree that IS on the default branch, so the observation was citable, and its line never reached that branch's talk/truth.log -- the record lost a number it had
  !! TRUTH 2026-10-04T17:14Z run=379: 261d130 on origin/recover-truth-records-20261005 measured a tree that IS on the default branch, so the observation was citable, and its line never reached that branch's talk/truth.log -- the record lost a number it had
  !! a clock line that measured a tree the default branch has never reached that branch's log (above); the repair is a cherry-pick of the clock's own commit, author preserved, as the integrator did for run 101 on 2026-09-05 -- not a line typed by hand
[1;36m==>[0m 2. truth.yml still has the shape ticket 100 decided
  ok   the guard runs before measurement; the cage proposes its exact run/attempt observation ref through a pending PR, never a direct default-branch push or self-merge
[1;36m==>[0m 3. actual workflow shell: protected-default delivery waits for separate review
  (protected-main) note: base64 -w0 -> base64 | tr -d '\n'
  (protected-main) note: git config commit.gpgsign true -> git config commit.gpgsign false
  ok   protected-main: prepare=yes cage=0 pending=True default-unchanged-until-review=True recorded-after-review=True original-commit-preserved=True
  (main-behind) note: base64 -w0 -> base64 | tr -d '\n'
  (main-behind) note: git config commit.gpgsign true -> git config commit.gpgsign false
  ok   main-behind: prepare=yes cage=0 pending=True default-unchanged-until-review=True recorded-after-review=True original-commit-preserved=True
  (renamed-default) note: base64 -w0 -> base64 | tr -d '\n'
  (renamed-default) note: git config commit.gpgsign true -> git config commit.gpgsign false
  ok   renamed-default: prepare=yes cage=0 pending=True default-unchanged-until-review=True recorded-after-review=True original-commit-preserved=True
  (feature) note: base64 -w0 -> base64 | tr -d '\n'
  (feature) note: git config commit.gpgsign true -> git config commit.gpgsign false
  ok   feature: prepare=no cage=0 pending=False default-unchanged-until-review=True recorded-after-review=False original-commit-preserved=False
  (forged-feature) note: base64 -w0 -> base64 | tr -d '\n'
  (forged-feature) note: git config commit.gpgsign true -> git config commit.gpgsign false
  ok   forged-feature: prepare=yes cage=1 pending=False default-unchanged-until-review=True recorded-after-review=False original-commit-preserved=False
  (declaration) note: base64 -w0 -> base64 | tr -d '\n'
  (declaration) note: git config commit.gpgsign true -> git config commit.gpgsign false
  ok   declaration: prepare=yes cage=1 pending=False default-unchanged-until-review=True recorded-after-review=False original-commit-preserved=False
  (pr-refused) note: base64 -w0 -> base64 | tr -d '\n'
  (pr-refused) note: git config commit.gpgsign true -> git config commit.gpgsign false
  ok   pr-refused: prepare=yes cage=1 pending=False default-unchanged-until-review=True recorded-after-review=False original-commit-preserved=False
  (delivery-collision) note: base64 -w0 -> base64 | tr -d '\n'
  (delivery-collision) note: git config commit.gpgsign true -> git config commit.gpgsign false
  ok   delivery-collision: prepare=yes cage=1 pending=False default-unchanged-until-review=True recorded-after-review=False original-commit-preserved=False
  (shallow) note: base64 -w0 -> base64 | tr -d '\n'
  (shallow) note: git config commit.gpgsign true -> git config commit.gpgsign false
  ok   shallow: prepare=unknown cage=1 pending=False default-unchanged-until-review=True recorded-after-review=False original-commit-preserved=False
  (empty-default) note: base64 -w0 -> base64 | tr -d '\n'
  (empty-default) note: git config commit.gpgsign true -> git config commit.gpgsign false
  ok   empty-default: prepare=unknown cage=1 pending=False default-unchanged-until-review=True recorded-after-review=False original-commit-preserved=False
  --   fixture limits: unsigned synthetic commits and offline gh PR creation; separate review model merges normally. No genuine signature or GitHub authorization is graded.

FAIL: 1 fault(s) -- the clock's recording provenance or protected-default delivery does not hold
