PASS: selfcheck: a row with its mechanism blanked is refused by the loader (exit 1: FAIL: /tmp/tmp.iu30x0Don8/blank.yaml: entry 'x' names no mechanism — a risk with no mechanism is a concern, )
PASS: selfcheck: a row anchored to a file that does not exist fails (exit 1: FAIL: 1 of 1 row(s) observed false: x: twin/no-such-file.py: no such file; 0 could-not-look by name (none))
PASS: selfcheck: a row anchored to a token the file lacks fails (exit 1: FAIL: 1 of 1 row(s) observed false: x: platform/c.py: does not mention 'widen_to'; 0 could-not-look by name (n)
PASS: selfcheck: a row still waiting on a resolved ticket fails (exit 1: FAIL: 1 of 1 row(s) observed false: x: still says it waits on ticket 19 (resolved), which is resolved — name)
PASS: selfcheck: a row waiting on a ticket that does not exist fails (exit 1: FAIL: 1 of 1 row(s) observed false: x: waits on a ticket that does not exist: 999; 0 could-not-look by name (n)
PASS: selfcheck: a row naming neither a path nor a ticket fails (exit 1: FAIL: 1 of 1 row(s) observed false: x: names neither a path nor the ticket that builds its price; 0 could-not-)
PASS: selfcheck: a row waiting on an open ticket is could-not-look by name (exit 3: SKIP: no row could be looked at; 1 could-not-look by name (x))
PASS: selfcheck: a row whose anchors all resolve passes (exit 0: PASS: 1 of 1 row(s) resolve by path; 0 could-not-look by name (none))
PASS: selfcheck: a leg-2 FAIL wins over leg 3's could-not-look (exit 1: FAIL: an assertion above was observed false, and a later leg could not look: no assembled .estate-clone under )
PASS: misuse_catalogues_load_and_every_row_names_a_mechanism -- 3 catalogues, 25 rows, one loader; 7 eco-system rows carrying ticket 19's four ids, each anchored by path or by the ticket building its price; a row with its mechanism blanked is refused
  SKIP publisher-games-own-feed-price: 3 anchor(s) resolve; waits on ticket 46 (open) for the publisher-reliability feed and the scorer party whose score widens the triple
  SKIP regulator-data-mispriced-downstream: 6 anchor(s) resolve; waits on ticket 46 (open) for the reliability score disclosed on the prices[] entry
  PASS adopter-buys-intel-on-rival: 3 anchor(s) resolve
  PASS twin-valuation-used-in-negotiation: 6 anchor(s) resolve
  PASS adopter-runs-uncaged-in-the-platform-substrate: 7 anchor(s) resolve
  PASS adopter-silences-its-own-binding-observation: 5 anchor(s) resolve
  SKIP adopter-runs-uncaged-and-unpriced-in-an-unlabelled-namespace: 4 anchor(s) resolve; waits on ticket 119 (open) for a cage or a price for a Namespace that carries none of the estate's labels
  PASS: 4 of 7 row(s) resolve by path; 3 could-not-look by name (publisher-games-own-feed-price, regulator-data-mispriced-downstream, adopter-runs-uncaged-and-unpriced-in-an-unlabelled-namespace)
PASS: eco-system rows: 4 of 7 row(s) resolve by path; 3 could-not-look by name (publisher-games-own-feed-price, regulator-data-mispriced-downstream, adopter-runs-uncaged-and-unpriced-in-an-unlabelled-namespace)
PASS: three misuse catalogues load through one loader and every row names a mechanism (misuse_catalogues_load_and_every_row_names_a_mechanism); eco-system rows: 4 of 7 row(s) resolve by path; 3 could-not-look by name (publisher-games-own-feed-price, regulator-data-mispriced-downstream, adopter-runs-uncaged-and-unpriced-in-an-unlabelled-namespace)
