INFO: driftwood: scheduled identities ['drift-sample@policy-as-versioned-driftwood.invalid', 'twin-agent@policy-as-versioned-driftwood.invalid', 'twin-sweep@policy-as-versioned-driftwood.invalid', 'wargamer-proposer@policy-as-versioned-driftwood.invalid'], lane ['drift/samples.jsonl', 'observations'], refs main fetched now; observations absent on origin
PASS: driftwood@main: 47 commit(s) by a scheduled identity on the first-parent history, every one inside the lane ['drift/samples.jsonl', 'observations'] and none a merge
NOTE: driftwood@main: 23 merge(s) made through GitHub by pavc-other-hand, the reviewed second hand (ticket 88, owner-instructed) -- a human's act by the owner's instruction, not graded
INFO: feeds: scheduled identities ['feeds-bot@policy-as-versioned-feeds.invalid'], lane ['observations'], refs main fetched now; observations fetched now
PASS: feeds@main: no scheduled identity has landed a commit here -- the lane holds vacuously; whether the clock runs at all is verify-schedules' question, not this one's
NOTE: feeds@main: 7 merge(s) made through GitHub by pavc-other-hand, the reviewed second hand (ticket 88, owner-instructed) -- a human's act by the owner's instruction, not graded
PASS: feeds@observations: 131 commit(s) by a scheduled identity on the first-parent history, every one inside the lane ['observations'] and none a merge
INFO: ico: scheduled identities ['fetch-bot@policy-as-versioned-ico.invalid'], lane ['observations'], refs main fetched now; observations fetched now
PASS: ico@main: no scheduled identity has landed a commit here -- the lane holds vacuously; whether the clock runs at all is verify-schedules' question, not this one's
NOTE: ico@main: 6 merge(s) made through GitHub by pavc-other-hand, the reviewed second hand (ticket 88, owner-instructed) -- a human's act by the owner's instruction, not graded
PASS: ico@observations: 26 commit(s) by a scheduled identity on the first-parent history, every one inside the lane ['observations'] and none a merge
INFO: insurer: scheduled identities ['fetch-bot@policy-as-versioned-insurer.invalid', 'requote-bot@policy-as-versioned-insurer.invalid'], lane ['observations'], refs main fetched now; observations fetched now
PASS: insurer@main: no scheduled identity has landed a commit here -- the lane holds vacuously; whether the clock runs at all is verify-schedules' question, not this one's
NOTE: insurer@main: 6 merge(s) made through GitHub by pavc-other-hand, the reviewed second hand (ticket 88, owner-instructed) -- a human's act by the owner's instruction, not graded
PASS: insurer@observations: 26 commit(s) by a scheduled identity on the first-parent history, every one inside the lane ['observations'] and none a merge
INFO: ludlow: scheduled identities ['drift-sample@policy-as-versioned-ludlow.invalid', 'twin-sweep@policy-as-versioned-ludlow.invalid', 'wargamer-proposer@policy-as-versioned-ludlow.invalid'], lane ['drift/samples.jsonl', 'observations/twin-sweep.jsonl'], refs main fetched now; observations absent on origin
PASS: ludlow@main: 41 commit(s) by a scheduled identity on the first-parent history, every one inside the lane ['drift/samples.jsonl', 'observations/twin-sweep.jsonl'] and none a merge
NOTE: ludlow@main: 23 merge(s) made through GitHub by pavc-other-hand, the reviewed second hand (ticket 88, owner-instructed) -- a human's act by the owner's instruction, not graded
INFO: nist: scheduled identities ['fetch-bot@policy-as-versioned-nist.invalid'], lane ['observations'], refs main fetched now; observations fetched now
PASS: nist@main: no scheduled identity has landed a commit here -- the lane holds vacuously; whether the clock runs at all is verify-schedules' question, not this one's
NOTE: nist@main: 4 merge(s) made through GitHub by pavc-other-hand, the reviewed second hand (ticket 88, owner-instructed) -- a human's act by the owner's instruction, not graded
PASS: nist@observations: 26 commit(s) by a scheduled identity on the first-parent history, every one inside the lane ['observations'] and none a merge
INFO: platform: scheduled identities ['fetch-bot@policy-as-versioned-platform.invalid'], lane ['observations'], refs main fetched now; observations fetched now
PASS: platform@main: no scheduled identity has landed a commit here -- the lane holds vacuously; whether the clock runs at all is verify-schedules' question, not this one's
NOTE: platform@main: 18 merge(s) made through GitHub by pavc-other-hand, the reviewed second hand (ticket 88, owner-instructed) -- a human's act by the owner's instruction, not graded
NOTE: platform@main: 6 commit(s) committed by automation identity releases@policy-as-versioned-platform.invalid, which no scheduled workflow configures -- outside this lane (a dispatched workflow is a human act, ADR-0023) and not graded
PASS: platform@observations: 26 commit(s) by a scheduled identity on the first-parent history, every one inside the lane ['observations'] and none a merge
INFO: tuppence: scheduled identities ['drift-sample@policy-as-versioned-tuppence.invalid', 'twin-sweep@policy-as-versioned-tuppence.invalid', 'wargamer-proposer@policy-as-versioned-tuppence.invalid'], lane ['drift/samples.jsonl', 'observations/twin-sweep.jsonl'], refs main fetched now; observations absent on origin
PASS: tuppence@main: 41 commit(s) by a scheduled identity on the first-parent history, every one inside the lane ['drift/samples.jsonl', 'observations/twin-sweep.jsonl'] and none a merge
NOTE: tuppence@main: 25 merge(s) made through GitHub by pavc-other-hand, the reviewed second hand (ticket 88, owner-instructed) -- a human's act by the owner's instruction, not graded
INFO: hub: scheduled identities ['truth@users.noreply.github.com'], lane ['talk/truth.log', 'drift/samples.jsonl', 'talk/captures', 'observations'], refs main fetched now; observations absent on origin
PASS: hub@main: 90 commit(s) by a scheduled identity on the first-parent history, every one inside the lane ['talk/truth.log', 'drift/samples.jsonl', 'talk/captures', 'observations'] and none a merge
NOTE: hub@main: 79 merge(s) made through GitHub by pavc-other-hand, the reviewed second hand (ticket 88, owner-instructed) -- a human's act by the owner's instruction, not graded
PASS: platform@main: compose/comparison_history.py OBSERVATION_PATHS equals ADR-0024's list here
PASS: every commit a scheduled identity has landed on an observation ref touched only
PASS: the observation lane, and none of them is a merge
