NOTE: LOST RECORDING count=20 runs=34,36,37,38,42,48,63,112,119,125,127,130,136,149,155,156,159,168,175,305; 349 runs in retained GitHub history; cancelled main recording opportunities without a TRUTH line, cause unknown; historical losses reported, not replayed
INFO: driftwood: graded at origin/main@155db9e7e (fetched now)
PASS: driftwood/propose-tier.yml: daily clock at 47 6 * * * -- driftwood is an adopter, and the price moves with the date
PASS: driftwood/renovate-run.yml: daily clock at 11 6 * * * -- driftwood is an adopter, and Renovate's PR starts every re-price
PASS: driftwood/twin-sweep.yml: daily clock at 5 7 * * * -- driftwood carries a twin overlay under twin/
PASS: driftwood/drift-sample.yml job sample: caged as far as this checker reads -- no inline shell step stages a declaration or mints a signed artefact; 3 program(s) it runs from its checkout are not read here (python3 -c (inline); python3 scripts/render_composed.py; python3 drift/five-facts.py), so what they write is bounded by the job's permission (contents: write) and by verify-lane.sh's read of what landed, not by this line
PASS: driftwood/propose-tier.yml job propose-tier: caged as far as this checker reads -- no inline shell step stages a declaration or mints a signed artefact; 5 program(s) it runs from its checkout are not read here (python3 - (heredoc); python3 driftwood/.github/scripts/read-pins.py; python3 driftwood/.github/scripts/platform-tools.py; python3 driftwood/.github/scripts/adopter-gate.py; python3 driftwood/.github/scripts/verify-pinned-checkouts.py), so what they write is bounded by the job's permission (contents: write) and by verify-lane.sh's read of what landed, not by this line
PASS: driftwood/renovate-run.yml job renovate: caged as far as this checker reads -- no inline shell step stages a declaration or mints a signed artefact; 2 program(s) it runs from its checkout are not read here (python3 - (heredoc); npx renovate@44.37.1), so what they write is bounded by the job's permission (contents: write) and by verify-lane.sh's read of what landed, not by this line
PASS: driftwood/twin-sweep.yml job sweep: caged as far as this checker reads -- no inline shell step stages a declaration or mints a signed artefact; 3 program(s) it runs from its checkout are not read here (python3 twin/emit-forward-intel.py; python3 .github/scripts/rederive-signals.py; python3 - (heredoc)), so what they write is bounded by the job's permission (contents: write) and by verify-lane.sh's read of what landed, not by this line
SKIP: driftwood: no observation-lane ruleset on policy-as-versioned-driftwood/driftwood: the repository is public and GitHub allows a push ruleset -- the only kind that carries file_path_restriction -- on private or internal repositories only, so the server-side leg of ADR-0024 cannot be applied here at all. The client-side cage step and this checker are the whole cage today (ADR-0024 point 3, amended 2026-08-28)
PASS: driftwood/propose-tier.yml: last scheduled run 14h ago (success)
PASS: driftwood/renovate-run.yml: last scheduled run 15h ago (success)
PASS: driftwood/twin-sweep.yml: last scheduled run 14h ago (success)
INFO: feeds: graded at origin/main@ff3ac9ab0 (fetched now)
PASS: feeds/fetch.yml: daily clock at 17 3 * * * -- feeds publishes threat-register, cve, eol, fx, market-moves, news
PASS: feeds/fetch.yml job fetch: caged as far as this checker reads -- no inline shell step stages a declaration or mints a signed artefact; 1 program(s) it runs from its checkout are not read here (python3 "fetch/${{), so what they write is bounded by the job's permission (contents: write) and by verify-lane.sh's read of what landed, not by this line
SKIP: feeds: no observation-lane ruleset on policy-as-versioned-feeds/feeds: the repository is public and GitHub allows a push ruleset -- the only kind that carries file_path_restriction -- on private or internal repositories only, so the server-side leg of ADR-0024 cannot be applied here at all. The client-side cage step and this checker are the whole cage today (ADR-0024 point 3, amended 2026-08-28)
PASS: feeds/fetch.yml: last scheduled run 18h ago (success)
INFO: ico: graded at origin/main@abcb3a89e (fetched now)
PASS: ico/fetch.yml: daily clock at 09 4 * * * -- ico publishes penalty-schema; it opens no pull request anywhere, so it records what ico has already published and the hash of it rather than reading upstream and computing a bump -- D2's proposal half is vacuous for a party whose feed is its own artefact (ADR-0024 Consequences), and the upstream-reading half of story 9 is not built here and is not graded by this line
PASS: ico/fetch.yml job fetch: caged as far as this checker reads -- no inline shell step stages a declaration or mints a signed artefact; 1 program(s) it runs from its checkout are not read here (python3 - (heredoc)), so what they write is bounded by the job's permission (contents: write) and by verify-lane.sh's read of what landed, not by this line
SKIP: ico: no observation-lane ruleset on policy-as-versioned-ico/ico: the repository is public and GitHub allows a push ruleset -- the only kind that carries file_path_restriction -- on private or internal repositories only, so the server-side leg of ADR-0024 cannot be applied here at all. The client-side cage step and this checker are the whole cage today (ADR-0024 point 3, amended 2026-08-28)
PASS: ico/fetch.yml: last scheduled run 17h ago (success)
INFO: insurer: graded at origin/main@32ea73d57 (fetched now)
PASS: insurer/fetch.yml: daily clock at 31 5 * * * -- insurer publishes quote-driftwood, quote-tuppence, quote-ludlow
PASS: insurer/fetch.yml job fetch: caged as far as this checker reads -- no inline shell step stages a declaration or mints a signed artefact; 1 program(s) it runs from its checkout are not read here (python3 - (heredoc)), so what they write is bounded by the job's permission (contents: write) and by verify-lane.sh's read of what landed, not by this line
PASS: insurer/fetch.yml job requote: caged as far as this checker reads -- no inline shell step stages a declaration or mints a signed artefact; 2 program(s) it runs from its checkout are not read here (python3 -c (inline); python3 pricing/quote.py), so what they write is bounded by the job's permission (contents: write) and by verify-lane.sh's read of what landed, not by this line
SKIP: insurer: no observation-lane ruleset on policy-as-versioned-insurer/insurer: the repository is public and GitHub allows a push ruleset -- the only kind that carries file_path_restriction -- on private or internal repositories only, so the server-side leg of ADR-0024 cannot be applied here at all. The client-side cage step and this checker are the whole cage today (ADR-0024 point 3, amended 2026-08-28)
FAIL: insurer/fetch.yml: last scheduled run 16h ago concluded 'failure' -- a clock whose run dies or is cancelled records no observation -- ticket 77 owns it (the requote job prices against `<adopter> exposure v1.1.0`, and no adopter's v1.1.0 tree carries an exposure section, so the job refuses; ticket 77 item 2 cuts the releases), and that ticket reads 'resolved': either the fix has not reached a scheduled run yet, or this red is a new one wearing an old ticket's name
INFO: ludlow: graded at origin/main@b8e14f721 (fetched now)
PASS: ludlow/propose-tier.yml: daily clock at 43 9 * * * -- ludlow is an adopter, and the price moves with the date
PASS: ludlow/renovate-run.yml: daily clock at 07 9 * * * -- ludlow is an adopter, and Renovate's PR starts every re-price
PASS: ludlow/twin-sweep.yml: daily clock at 29 7 * * * -- ludlow carries a twin overlay under twin/
PASS: ludlow/drift-sample.yml job sample: caged as far as this checker reads -- no inline shell step stages a declaration or mints a signed artefact; 3 program(s) it runs from its checkout are not read here (python3 -c (inline); python3 scripts/render_composed.py; python3 drift/five-facts.py), so what they write is bounded by the job's permission (contents: write) and by verify-lane.sh's read of what landed, not by this line
PASS: ludlow/propose-tier.yml job propose-tier: caged as far as this checker reads -- no inline shell step stages a declaration or mints a signed artefact; 5 program(s) it runs from its checkout are not read here (python3 - (heredoc); python3 ludlow/.github/scripts/read-pins.py; python3 ludlow/.github/scripts/platform-tools.py; python3 -c (inline); python3 ludlow/.github/scripts/verify-pinned-checkouts.py), so what they write is bounded by the job's permission (contents: write) and by verify-lane.sh's read of what landed, not by this line
PASS: ludlow/renovate-run.yml job renovate: caged as far as this checker reads -- no inline shell step stages a declaration or mints a signed artefact; 2 program(s) it runs from its checkout are not read here (python3 - (heredoc); npx renovate@44.37.1), so what they write is bounded by the job's permission (contents: write) and by verify-lane.sh's read of what landed, not by this line
PASS: ludlow/twin-sweep.yml job sweep: caged as far as this checker reads -- no inline shell step stages a declaration or mints a signed artefact; 3 program(s) it runs from its checkout are not read here (python3 - (heredoc); python3 -m unittest; python3 .github/scripts/twin-sweep.py), so what they write is bounded by the job's permission (contents: write) and by verify-lane.sh's read of what landed, not by this line
SKIP: ludlow: no observation-lane ruleset on policy-as-versioned-ludlow/ludlow: the repository is public and GitHub allows a push ruleset -- the only kind that carries file_path_restriction -- on private or internal repositories only, so the server-side leg of ADR-0024 cannot be applied here at all. The client-side cage step and this checker are the whole cage today (ADR-0024 point 3, amended 2026-08-28)
PASS: ludlow/propose-tier.yml: last scheduled run 12h ago (success)
PASS: ludlow/renovate-run.yml: last scheduled run 12h ago (success)
FAIL: ludlow/twin-sweep.yml: last scheduled run 13h ago concluded 'failure' -- a clock whose run dies or is cancelled records no observation -- ticket 144 owns it: the same missing signed size valuation and inadmissible causal edge as tuppence; the observation clock does not invent values or a feed publishing contract
INFO: nist: graded at origin/main@f83126f51 (fetched now)
PASS: nist/fetch.yml: daily clock at 41 2 * * * -- nist publishes sp-800-53; it opens no pull request anywhere, so it records what nist has already published and the hash of it rather than reading upstream and computing a bump -- D2's proposal half is vacuous for a party whose feed is its own artefact (ADR-0024 Consequences), and the upstream-reading half of story 9 is not built here and is not graded by this line
PASS: nist/fetch.yml job fetch: caged as far as this checker reads -- no inline shell step stages a declaration or mints a signed artefact; 1 program(s) it runs from its checkout are not read here (python3 - (heredoc)), so what they write is bounded by the job's permission (contents: write) and by verify-lane.sh's read of what landed, not by this line
SKIP: nist: no observation-lane ruleset on policy-as-versioned-nist/nist: the repository is public and GitHub allows a push ruleset -- the only kind that carries file_path_restriction -- on private or internal repositories only, so the server-side leg of ADR-0024 cannot be applied here at all. The client-side cage step and this checker are the whole cage today (ADR-0024 point 3, amended 2026-08-28)
PASS: nist/fetch.yml: last scheduled run 18h ago (success)
INFO: platform: graded at origin/main@541d2aab6 (fetched now)
PASS: platform/fetch.yml: daily clock at 23 1 * * * -- platform publishes policy, identity-substrate, currency-controller; it opens no pull request anywhere, so it records what platform has already published and the hash of it rather than reading upstream and computing a bump -- D2's proposal half is vacuous for a party whose feed is its own artefact (ADR-0024 Consequences), and the upstream-reading half of story 9 is not built here and is not graded by this line
PASS: platform/fetch.yml job fetch: caged as far as this checker reads -- no inline shell step stages a declaration or mints a signed artefact; 1 program(s) it runs from its checkout are not read here (python3 - (heredoc)), so what they write is bounded by the job's permission (contents: write) and by verify-lane.sh's read of what landed, not by this line
SKIP: platform: no observation-lane ruleset on policy-as-versioned-platform/platform: the repository is public and GitHub allows a push ruleset -- the only kind that carries file_path_restriction -- on private or internal repositories only, so the server-side leg of ADR-0024 cannot be applied here at all. The client-side cage step and this checker are the whole cage today (ADR-0024 point 3, amended 2026-08-28)
PASS: platform/fetch.yml: last scheduled run 20h ago (success)
INFO: tuppence: graded at origin/main@5deffe6af (fetched now)
PASS: tuppence/propose-tier.yml: daily clock at 49 8 * * * -- tuppence is an adopter, and the price moves with the date
PASS: tuppence/renovate-run.yml: daily clock at 13 8 * * * -- tuppence is an adopter, and Renovate's PR starts every re-price
PASS: tuppence/twin-sweep.yml: daily clock at 17 7 * * * -- tuppence carries a twin overlay under twin/
PASS: tuppence/drift-sample.yml job sample: caged as far as this checker reads -- no inline shell step stages a declaration or mints a signed artefact; 3 program(s) it runs from its checkout are not read here (python3 -c (inline); python3 scripts/render_composed.py; python3 drift/five-facts.py), so what they write is bounded by the job's permission (contents: write) and by verify-lane.sh's read of what landed, not by this line
PASS: tuppence/propose-tier.yml job propose-tier: caged as far as this checker reads -- no inline shell step stages a declaration or mints a signed artefact; 5 program(s) it runs from its checkout are not read here (python3 - (heredoc); python3 tuppence/.github/scripts/read-pins.py; python3 tuppence/.github/scripts/platform-tools.py; python3 -c (inline); python3 tuppence/.github/scripts/verify-pinned-checkouts.py), so what they write is bounded by the job's permission (contents: write) and by verify-lane.sh's read of what landed, not by this line
PASS: tuppence/renovate-run.yml job renovate: caged as far as this checker reads -- no inline shell step stages a declaration or mints a signed artefact; 2 program(s) it runs from its checkout are not read here (python3 - (heredoc); npx renovate@44.37.1), so what they write is bounded by the job's permission (contents: write) and by verify-lane.sh's read of what landed, not by this line
PASS: tuppence/twin-sweep.yml job sweep: caged as far as this checker reads -- no inline shell step stages a declaration or mints a signed artefact; 3 program(s) it runs from its checkout are not read here (python3 - (heredoc); python3 -m unittest; python3 .github/scripts/twin-sweep.py), so what they write is bounded by the job's permission (contents: write) and by verify-lane.sh's read of what landed, not by this line
SKIP: tuppence: no observation-lane ruleset on policy-as-versioned-tuppence/tuppence: the repository is public and GitHub allows a push ruleset -- the only kind that carries file_path_restriction -- on private or internal repositories only, so the server-side leg of ADR-0024 cannot be applied here at all. The client-side cage step and this checker are the whole cage today (ADR-0024 point 3, amended 2026-08-28)
PASS: tuppence/propose-tier.yml: last scheduled run 12h ago (success)
PASS: tuppence/renovate-run.yml: last scheduled run 13h ago (success)
FAIL: tuppence/twin-sweep.yml: last scheduled run 14h ago concluded 'failure' -- a clock whose run dies or is cancelled records no observation -- ticket 144 owns it: the overlay lacks a signed size valuation and carries a grade-3 causal edge beyond its admitted threshold; the clock records could-not-look and supplies neither instrument
INFO: hub: graded at origin/main@9c3b1f22d (fetched now)
PASS: hub/truth.yml: daily clock at 47 5 * * * -- the hub owns the daily truth surface (ticket 03)
PASS: hub/truth.yml job clocks: caged as far as this checker reads -- no inline shell step stages a declaration or mints a signed artefact; 3 program(s) it runs from its checkout are not read here (bash clone-estate.sh; python3 verify/schedules/schedules.py; python3 verify/forge-review/forge_review.py), so what they write is bounded by the job's permission (no contents: write) and by verify-lane.sh's read of what landed, not by this line
PASS: hub/truth.yml job gate: caged as far as this checker reads -- no inline shell step stages a declaration or mints a signed artefact; 1 program(s) it runs from its checkout are not read here (bash talk/verify-all.sh), so what they write is bounded by the job's permission (contents: write) and by verify-lane.sh's read of what landed, not by this line
PASS: hub/twin.yml job invariants: caged as far as this checker reads -- no inline shell step stages a declaration or mints a signed artefact; 2 program(s) it runs from its checkout are not read here (bash clone-estate.sh; ./bin/twin), so what they write is bounded by the job's permission (no contents: write) and by verify-lane.sh's read of what landed, not by this line
PASS: hub/twin.yml job tests: caged as far as this checker reads -- no inline shell step stages a declaration or mints a signed artefact; 2 program(s) it runs from its checkout are not read here (bash clone-estate.sh; python -m pytest), so what they write is bounded by the job's permission (no contents: write) and by verify-lane.sh's read of what landed, not by this line
PASS: hub/twin.yml job typecheck: caged as far as this checker reads -- no inline shell step stages a declaration or mints a signed artefact; 2 program(s) it runs from its checkout are not read here (bash clone-estate.sh; python -m mypy), so what they write is bounded by the job's permission (no contents: write) and by verify-lane.sh's read of what landed, not by this line
PASS: hub/twin.yml job demo: caged as far as this checker reads -- no inline shell step stages a declaration or mints a signed artefact; 3 program(s) it runs from its checkout are not read here (bash clone-estate.sh; bash twin/demo.sh; bash twin/beat-sequence.sh), so what they write is bounded by the job's permission (no contents: write) and by verify-lane.sh's read of what landed, not by this line
PASS: hub/twin.yml job determinism: caged as far as this checker reads -- no inline shell step stages a declaration or mints a signed artefact; 1 program(s) it runs from its checkout are not read here (./bin/twin), so what they write is bounded by the job's permission (no contents: write) and by verify-lane.sh's read of what landed, not by this line
PASS: hub/twin.yml job reproduce-elsewhere: caged as far as this checker reads -- no inline shell step stages a declaration or mints a signed artefact; 1 program(s) it runs from its checkout are not read here (./bin/twin), so what they write is bounded by the job's permission (no contents: write) and by verify-lane.sh's read of what landed, not by this line
SKIP: hub: no observation-lane ruleset on policy-as-versioned-flux/policy-as-versioned-flux: the repository is public and GitHub allows a push ruleset -- the only kind that carries file_path_restriction -- on private or internal repositories only, so the server-side leg of ADR-0024 cannot be applied here at all. The client-side cage step and this checker are the whole cage today (ADR-0024 point 3, amended 2026-08-28)
PASS: hub/truth.yml: last scheduled run 16h ago (failure), which is this clock's documented exit -- it records its observation and then re-raises the gate's own red verdict
FAIL: 3 schedule/cage check(s) observed false: insurer/fetch.yml ludlow/twin-sweep.yml tuppence/twin-sweep.yml
