PASS: platform/risk/appetite.json is retired
PASS: no python or shell line in the estate both names the retired appetite fixture and opens it (a path held in a constant and opened elsewhere is outside this grep's reach -- see the ceiling note above)
PASS: driftwood: appetite 40,000 GBP, signed on its own party.yaml
PASS: ludlow: appetite 5,000 GBP, signed on its own party.yaml
PASS: tuppence: appetite 15,000 GBP, signed on its own party.yaml
PASS: driftwood: the estate and driftwood's own selection-policy package agree on the curve hash (sha256:70e5e9f6dee9) — one curve, two implementations, no drift
PASS: driftwood: the twin entry names the reduction set its residuals came from (platform-cage-tiers@1.0.0)
PASS: driftwood: platform's tier table and driftwood's own graded curve still pick the same rung as cheapest on the same shock (isolated); they differ by up to 171,600 on the rungs themselves, which is why the entry names which set priced it
PASS: driftwood: platform/graded/cage.py and driftwood's own selection-policy package pick the same rung in all 60 cases, band boundaries and every rung tried as a floor (it declares None)
PASS: ludlow selects no tier through a selection-policy package and its evidence attributes none, so there is no second engine to drift from (named absence, not a silent skip)
PASS: platform selects no tier through a selection-policy package and its evidence attributes none, so there is no second engine to drift from (named absence, not a silent skip)
PASS: tuppence selects no tier through a selection-policy package and its evidence attributes none, so there is no second engine to drift from (named absence, not a silent skip)
PASS: the FX bridge reads the publisher's own converter: GBP->AUD on 2026-08-15 is 1.936, the rate the signed fx feed publishes, recorded against feeds's fx feed 1.0.0
PASS: a date the fx feed does not publish (2025-08-15) refuses as a missing instrument, and prices nothing (ADR-0020)
PASS: the composer was RUN, not read: exposure_section over a synthetic two-line book (100.00 + 200.00 GBP, both at tier `baseline`, against a 1.00 GBP band) came back with the exact sentence ticket 75 Q4 (a) settled and the aggregate that book has to produce -- 210.00 GBP, breaches_band=True -- not merely with a non-empty string and some number
SKIP: driftwood serves a total of 3,704,381.74 GBP carrying no `ordinal` and no `aggregate`: composition.py writes both, and this adopter was composed under platform v2.0.1, which predates them. It waits on the owner's next signed platform tag and on this adopter's pin moving to it; nothing here may be re-rendered from an untagged branch (eco-system ticket 79 items 9 and 10)
SKIP: ludlow serves a total of 9,358,020.80 GBP carrying no `ordinal` and no `aggregate`: composition.py writes both, and this adopter was composed under platform v2.0.1, which predates them. It waits on the owner's next signed platform tag and on this adopter's pin moving to it; nothing here may be re-rendered from an untagged branch (eco-system ticket 79 items 9 and 10)
SKIP: tuppence serves a total of 9,262,365.33 GBP carrying no `ordinal` and no `aggregate`: composition.py writes both, and this adopter was composed under platform v2.0.1, which predates them. It waits on the owner's next signed platform tag and on this adopter's pin moving to it; nothing here may be re-rendered from an untagged branch (eco-system ticket 79 items 9 and 10)
PASS: driftwood: one twin edge, policy 1.1.0, curve sha256:70e5e, tail bounded-pert, perspective driftwood in GBP
PASS: driftwood regime entry (penalty-schema): 4 priced hole(s) sum to its total 1,787,177.08 GBP
PASS: driftwood: every list of amounts in the document is one perspective in one currency
PASS: driftwood: selection policy 1.1.0 matches driftwood/selection-policy/VERSION
PASS: ludlow: publishes no forward-intel feed yet, so no twin entry is expected (named absence, not a silent pass)
PASS: ludlow regime entry (penalty-schema): 4 priced hole(s) sum to its total 9,039,791.02 GBP
PASS: ludlow: every list of amounts in the document is one perspective in one currency
PASS: ludlow: selects no tier through a published selection policy yet (named absence: no forward-intel feed)
PASS: tuppence: publishes no forward-intel feed yet, so no twin entry is expected (named absence, not a silent pass)
PASS: tuppence regime entry (penalty-schema): 4 priced hole(s) sum to its total 9,039,791.02 GBP
PASS: tuppence: every list of amounts in the document is one perspective in one currency
PASS: tuppence: selects no tier through a published selection policy yet (named absence: no forward-intel feed)
SKIP: driftwood serves a total of 3,704,381.74 GBP carrying no `ordinal` and no `aggregate`: composition.py writes both, and this adopter was composed under platform v2.0.1, which predates them. It waits on the owner's next signed platform tag and on this adopter's pin moving to it; nothing here may be re-rendered from an untagged branch (eco-system ticket 79 items 9 and 10)
