E2E step 4 flux reconciles the new cage spec onto the cluster
   five-fact sample 2026-10-04T12:26:18Z on cluster dsample-37201959785 (run 37201959785), 3 sources
     the cage facts (6, 7) ARE scored on this sample: registered by 1cd446f62a53 at 2026-10-04T11:57:45+01:00 on refs/remotes/origin/main, and the sample is later
     driftwood-composed   true  fact_1_ready_at_the_pin_on_the_real_remote: Ready at the pinned tag and commit, from the publisher's real remote
     driftwood-composed   true  fact_2_tag_signature_verified_at_the_source_boundary: the gitsign tag v4.0.0 was verified at the source boundary against driftwood's own pinned identity ^https://github\.com/policy-as-versioned-driftwood/driftwood/\.github/workflows/cut-release\.yml@refs/heads/(main|release/[0-9]+\.[0-9]+\.x)$
     driftwood-composed   true  fact_3_last_applied_revision_equals_the_pinned_commit: every Kustomization consuming driftwood-composed applied 1cd446f62a53
     driftwood-composed   true  fact_4_rendered_objects_byte_equal_to_an_offline_render: all 34 rendered objects are live and equal to the offline render
     driftwood-composed   true  fact_5_every_rendered_object_is_in_the_flux_inventory: all 34 rendered objects appear in a Flux inventory
     driftwood-composed   true  fact_6_the_bottom_rung_is_admitted_and_runs: the workload the cage put on its bottom rung (isolated) was ADMITTED and is Running, on priority class cage-isolated-7-0-0 (priority -10000, the lowest `cage-` PriorityClass on this cluster), carrying 2 container(s) including waf-sidecar injected by the cage
     driftwood-composed   true  fact_7_the_bottom_rung_reaches_nothing_while_the_reference_reaches: the workload the cage put on its bottom rung (isolated) reached NEITHER the API server nor 1.1.1.1 on 4 reads per target spanning 18s, while the reference workload, which the cage did not select, reached both from the same cluster with the same image BEFORE and AFTER -- a connection refused by the cage, not a YAML read. The rung is the ladder's bottom by priority (-10000, the lowest `cage-` PriorityClass on this cluster) and by a reach policy with no rules
     nist                 true  fact_1_ready_at_the_pin_on_the_real_remote: Ready at the pinned tag and commit, from the publisher's real remote
     nist                 true  fact_2_tag_signature_verified_at_the_source_boundary: the gitsign tag v1.1.0 was verified at the source boundary against nist's own pinned identity ^https://github\.com/policy-as-versioned-nist/nist/\.github/workflows/cut-release\.yml@refs/heads/(main|release/[0-9]+\.[0-9]+\.x)$
     nist                 true  fact_3_last_applied_revision_equals_the_pinned_commit: nist is a verified source only (ticket 16 Q5): no Kustomization reconciles it, so the revision in force is the parent sha the composed set was built from. HEADER 33a05df1f524 vs pin 33a05df1f524. ONE LINK, NOT A SECOND PROOF: this reads composed/HEADER.yaml, the same composed set whose own fact 3 is the applied revision above -- the three fact-3 lines in this sample are one chain of custody, not three independent observations of a revision in force (ecosystem ticket 76)
     nist                 true  fact_4_rendered_objects_byte_equal_to_an_offline_render: all 34 rendered objects are live and equal to the offline render
     nist                 true  fact_5_every_rendered_object_is_in_the_flux_inventory: all 34 rendered objects appear in a Flux inventory
     nist                 true  fact_6_the_bottom_rung_is_admitted_and_runs: the workload the cage put on its bottom rung (isolated) was ADMITTED and is Running, on priority class cage-isolated-7-0-0 (priority -10000, the lowest `cage-` PriorityClass on this cluster), carrying 2 container(s) including waf-sidecar injected by the cage
     nist                 true  fact_7_the_bottom_rung_reaches_nothing_while_the_reference_reaches: the workload the cage put on its bottom rung (isolated) reached NEITHER the API server nor 1.1.1.1 on 4 reads per target spanning 18s, while the reference workload, which the cage did not select, reached both from the same cluster with the same image BEFORE and AFTER -- a connection refused by the cage, not a YAML read. The rung is the ladder's bottom by priority (-10000, the lowest `cage-` PriorityClass on this cluster) and by a reach policy with no rules
     platform             true  fact_1_ready_at_the_pin_on_the_real_remote: Ready at the pinned tag and commit, from the publisher's real remote
     platform             true  fact_2_tag_signature_verified_at_the_source_boundary: the gitsign tag v5.0.0 was verified at the source boundary against platform's own pinned identity ^https://github\.com/policy-as-versioned-platform/platform/\.github/workflows/cut-release\.yml@refs/heads/(main|release/[0-9]+\.[0-9]+\.x)$
     platform             true  fact_3_last_applied_revision_equals_the_pinned_commit: platform is a verified source only (ticket 16 Q5): no Kustomization reconciles it, so the revision in force is the parent sha the composed set was built from. HEADER 703eff6aee95 vs pin 703eff6aee95. ONE LINK, NOT A SECOND PROOF: this reads composed/HEADER.yaml, the same composed set whose own fact 3 is the applied revision above -- the three fact-3 lines in this sample are one chain of custody, not three independent observations of a revision in force (ecosystem ticket 76)
     platform             true  fact_4_rendered_objects_byte_equal_to_an_offline_render: all 34 rendered objects are live and equal to the offline render
     platform             true  fact_5_every_rendered_object_is_in_the_flux_inventory: all 34 rendered objects appear in a Flux inventory
     platform             true  fact_6_the_bottom_rung_is_admitted_and_runs: the workload the cage put on its bottom rung (isolated) was ADMITTED and is Running, on priority class cage-isolated-7-0-0 (priority -10000, the lowest `cage-` PriorityClass on this cluster), carrying 2 container(s) including waf-sidecar injected by the cage
     platform             true  fact_7_the_bottom_rung_reaches_nothing_while_the_reference_reaches: the workload the cage put on its bottom rung (isolated) reached NEITHER the API server nor 1.1.1.1 on 4 reads per target spanning 18s, while the reference workload, which the cage did not select, reached both from the same cluster with the same image BEFORE and AFTER -- a connection refused by the cage, not a YAML read. The rung is the ladder's bottom by priority (-10000, the lowest `cage-` PriorityClass on this cluster) and by a reach policy with no rules
     fact 3 is ONE CHAIN, not 3 independent proofs: 1 applied revision(s) observed on the cluster, and nist, platform (2 verified-source-only publisher(s)) read back through composed/HEADER.yaml to that same composed set
   PASS: all seven facts observed true for every source; no falsifier fired
PASS: no cluster on this runner; step 4 graded from the scheduled lane sample instead: the composed set is in force from signed sources on a cluster that reconciled the real remotes (drift/samples.jsonl)
