[1;36m==>[0m 0. the graders can fail (planted defects, and the CLI's missing UPDATE mode, measured)
selfcheck ok: writes are read out of the CEL body, an unrecorded hazard fails, an accepted one is reported with its reason, a stale row fails, a row whose field set or named policy set has drifted fails, a dangling reference name fails, and operations: ["*"] reaches the UPDATE join instead of vanishing from it
  ok   no-UPDATE-mode probe: measured, not disclosed: the CLI evaluates an UPDATE-scoped policy as nothing at all -- it prints "Mutation has been applied successfully", writes an UNMUTATED <name>-mutated.yaml and counts pass:0 (counts (0, 0, 0, 0, 0)). So operation scoping is asserted structurally and the body is measured on a rewritten copy, and this leg reads the PASS COUNT rather than the file's existence
  ok   the fixed body: identical applied to its own output on every rung it reaches (baseline, isolated, quarantine, restricted, unlabelled), which produced 1 distinct object(s) -- this body does not read the tier; throwaway copy: operations ['CREATE', 'UPDATE'] -> ['CREATE'] (the CLI has no UPDATE mode; scoping is asserted structurally)
  ok   the 2026-08-28 body: caught -- applied once at claim=9.9.9 rung=unlabelled and then FAILED on its own output (counts (0, 0, 0, 2, 0)): error:  failed to evaluate policy: error applying patch: failed to convert patch object to typed object: .spec.containers: duplicate entries for key [name="waf-sidecar"] -- a mutation the engine cannot re-apply to an already-mutated object is a refusal of every UPDATE to a running pod
  ok   a policy that applies to nothing: refused to pass -- no candidate pod on any rung made this mutation apply at all (pass count 0 on every one), so nothing was measured -- a step that passes because nothing applied is the defect this ticket exists to catch
  ok   a policy that writes nothing: caught -- this policy declares no field writes at all and the object came back exactly as it went in, so byte-identity on its own output is vacuously true: the leg measured a policy that writes nothing
  ok   a defensive clobber that changes nothing on this pod: could-not-look, not a red -- this policy writes 1 field path(s) and yet the probe pod came back unchanged on every rung, so this leg could not SHOW the write and its byte-identity proves nothing about it -- the probe pod would need a value these paths actually change
[1;36m==>[0m 1. what this scan cannot see (dated, because a disclosed limit goes stale like any other)
  ??   blind spot: 2026-09-06: whether the API SERVER accepts the mutated object. That is a cluster fact -- which PriorityClasses exist, which admission plugins are on, what the object looked like before -- and deciding it offline would be guessing. The live half is platform/graded/verify-graded.sh's cluster tail, which has never had a cluster on a citable run (review finding P2-6)
  ??   blind spot: 2026-09-06: a mutation whose written VALUE differs from what the object already carries. Writing an immutable field on UPDATE only refuses when the value CHANGES, and whether it can change depends on the pod's namespace and labels at that moment. This scan grades the field and the operation; leg B measures byte-identity on an already-mutated object; neither can enumerate every object a policy will ever meet
  ??   blind spot: 2026-09-06: the 2022 Kyverno ClusterPolicy's `rules[].mutate` and any other engine's mutation (Gatekeeper assign, a plain admission webhook). None ships in this estate today; the day one does, `mutation()` returns None for it and nothing here would have said so
  ??   blind spot: 2026-09-06: only the POD's mutability table is tabulated (MUTABLE_ON_UPDATE). A mutation on any other resource is counted and NAMED as untabulated rather than graded -- a could-not-look, never a pass
  ??   blind spot: 2026-09-06: a field written through a JSONPatch whose `path` is computed from something other than string concatenation of literals is read as a wildcard, so a narrower defect inside it is invisible
  ??   blind spot: 2026-09-06: every tree is read at the clone's HEAD, and an ADOPTER serves the tree at the tag its own composed GitRepository pins (driftwood: v1.1.0). Where HEAD and that tag differ, the bytes graded are not the bytes served -- the same proxy this ticket is about, one level out. It bites nothing today because no adopter's composed-set array declares a version whose directory exists at HEAD, and every such directory is NAMED in the excluded list on each run. Closing it means reading each path out of `git show <pinned tag>:<path>`
[1;36m==>[0m 2. the four instances, replayed against the estate's own bodies -- each must go RED
  ok   replay 1a, the priority trio (platform/distribution/policies/v2.0.0/cage-tier.yaml, the real retired body): writes spec.priorityClassName without spec.priority and spec.preemptionPolicy -- the Priority admission plugin stamps pr
  ok   replay 1b, the duplicate sidecar (tuppence/composed/policies/v5.0.0/cage-tier.yaml): applied once at claim=5.0.0 rung=unlabelled and then FAILED on its own output (counts (0, 0, 0, 2, 0)): error:  failed to evaluate policy: error applying patch: failed to convert patch object to typed object: .spec.containers: duplicate entries for key [name="waf-sidecar"] -- a mutation the engine cannot re-apply to an already-mutated object is a refusal of every UPDATE to a running pod
  ok   replay 2, the unsuffixed PriorityClass (platform/graded/policies/cage-tier.yaml, the authoring body it was copied from): names cage-baseline, cage-isolated, cage-quarantine, cage-restricted where the release ships cage-baseline-4-0-0, cage-isolated-4-0-0, cage-quarantine-4-0-0, cage-restricted-4-0-0
  ok   replay 3, the full cage body on UPDATE (governed-namespace-cage, from tuppence/composed/policies/v5.0.0/cage-tier.yaml): 13 unrecorded writes on a running pod
  FAIL instance 4, LIVE and decided: FAIL register row cage-tier* names ['cage-tier-4-0-0', 'cage-tier-5-0-0'] and the served surface matches ['cage-tier-5-0-0'] -- named but not found: ['cage-tier-4-0-0']
  ok   the acceptance is not a blanket permission: a row narrower than the code fails
FAIL: an instance this estate really produced was NOT caught by the check built to catch it
