[1;36m==>[0m 0. the grader can fail
  ok   selfcheck: the grader fails fifteen ways a lift can look done and not be (the served path read from the adopter's own gotk-sync.yaml among them), could-not-looks (naming the pull request) when one has not landed, counts both residuals and the pinned trees it could not read, accepts a glob pattern and a ./ entry, parses the kyverno verdict per policy by name (a skipped 9.9.9 pod at exit 0 is not admitted), and grades the set the adopter's composed-set.yaml serves at its pin (a PriorityClass in a version directory gives no verdict and is admitted; nine ways that set can leave the app unadmitted or uncaged all fail by name; a planner that dies, or grades fewer apps than have landed, fails)
[1;36m==>[0m 0b. what this check cannot see
  ??   blind spot: whether the container the served manifest names actually STARTS is a cluster fact. These three images set no USER, so each served pod names a numeric runAsUser and mounts the paths its process writes; that reasoning is checked by nobody here. The live half is the adopters' own drift-sample lane, which has never had a persistent cluster on a citable run
  ??   blind spot: anonymous OCI manifest reads are collected by the clocks job and graded by verify/incumbent-org; this offline check compares each served digest with the register
  ??   blind spot: public repository archived flags need no private credential; verify/incumbent-org reads them in the clocks job to avoid the shared runner's anonymous API rate limit
  ??   blind spot: whether any adopter's composed set admits the workload at UPDATE. Every composed policy and the orphan guard declare CREATE+UPDATE; `kyverno apply` evaluates CREATE only, and no UPDATE-scoped evaluation exists anywhere in this estate
[1;36m==>[0m 1. every registered lift, against the adopters' own served trees and their own gotk-sync.yaml
  PASS  ledger -> tuppence
          listed by gitops/apps/kustomization.yaml at the checked-out tree (e522c9c), on the path gitops/flux-system/gotk-sync.yaml reconciles (./gitops/apps); versioned by policy-as-versioned-tuppence/ledger@v1.0.1; image digest bumped by the adopter; lifted from policy-as-versioned-flux/ledger@036bb972dd733eb12c00791415b145648d453e18
          pinned tree: v4.0.0 (f575dc1) lists ledger.yaml in gitops/apps/kustomization.yaml
  PASS  storefront -> driftwood
          listed by gitops/apps/kustomization.yaml at the checked-out tree (bb69957), on the path gitops/flux-system/gotk-sync.yaml reconciles (./gitops/apps); versioned by policy-as-versioned-driftwood/storefront@v1.0.1; image digest bumped by the adopter; lifted from policy-as-versioned-flux/storefront@a97344e4ba767564192240278492456ef76b8b2d
          pinned tree: v4.0.0 (1cd446f) lists storefront.yaml in gitops/apps/kustomization.yaml
  PASS  reports -> ludlow
          listed by gitops/apps/kustomization.yaml at the checked-out tree (9f76b2a), on the path gitops/flux-system/gotk-sync.yaml reconciles (./gitops/apps); versioned by policy-as-versioned-ludlow/reports@v1.0.1; image digest bumped by the adopter; lifted from policy-as-versioned-flux/reports@b809e063514dedee5a1df8701d71d3a1856d5693
          pinned tree: v4.0.0 (c5f33cc) lists reports.yaml in gitops/apps/kustomization.yaml
  PASS  api -> driftwood
          listed by gitops/apps/kustomization.yaml at the checked-out tree (bb69957), on the path gitops/flux-system/gotk-sync.yaml reconciles (./gitops/apps); versioned by policy-as-versioned-driftwood/api@v1.0.1; image digest bumped by the adopter; lifted from policy-as-versioned-flux/api@c1d92aa61c21f0363da188dbd3b4f4c81f40cda2
          pinned tree: v4.0.0 (1cd446f) lists api.yaml in gitops/apps/kustomization.yaml
  LIMIT  0 of 4 lifted apps are still served an image built and published by the incumbent org policy-as-versioned-flux; 0 pinned workload image(s) could not be read: the count reads manifests at each adopter's apps-source tag; a proposed digest at HEAD does not change what that pin serves
  LIMIT  0 of 4 lifts are listed at main and not in the tree the GitRepository pins (v4.0.0); 0 of 4 pinned trees could not be read: a cluster reconciling that pin is served none of these until the adopter cuts a tag and moves its own ref.tag+commit, which no renovate customManager bumps
  BLIND  whether the container the served manifest names actually STARTS is a cluster fact. These three images set no USER, so each served pod names a numeric runAsUser and mounts the paths its process writes; that reasoning is checked by nobody here. The live half is the adopters' own drift-sample lane, which has never had a persistent cluster on a citable run
  BLIND  anonymous OCI manifest reads are collected by the clocks job and graded by verify/incumbent-org; this offline check compares each served digest with the register
  BLIND  public repository archived flags need no private credential; verify/incumbent-org reads them in the clocks job to avoid the shared runner's anonymous API rate limit
  BLIND  whether any adopter's composed set admits the workload at UPDATE. Every composed policy and the orphan guard declare CREATE+UPDATE; `kyverno apply` evaluates CREATE only, and no UPDATE-scoped evaluation exists anywhere in this estate
  NOTE   the hub is read as a WORKING TREE, untracked files included -- a copy parked and never committed is still a copy here; its record directories are not read as working copies: ['.scratch', '.git', 'docs', 'research', 'explorations']; not the hub's tree at all: ['.estate-clone', '.estate-apps', '.venv', 'node_modules', '__pycache__', '.mypy_cache', '.pytest_cache']; the register names the images on purpose
[1;36m==>[0m 2. the same discovery the adopters' own shift-left gates run
  ok   tuppence's own served-workloads.py names gitops/apps/ledger.yaml
  ok   driftwood's own served-workloads.py names gitops/apps/storefront.yaml
  ok   ludlow's own served-workloads.py names gitops/apps/reports.yaml
  ok   driftwood's own served-workloads.py names gitops/apps/api.yaml
[1;36m==>[0m 3. the set each adopter serves (gitops/composed/composed-set.yaml at its pin, every route its ResourceSet renders), run over the served workload (kyverno 1.18.2; CREATE only, baseline dial, no namespaceObject)
  ok   ledger: the set tuppence serves (gitops/composed/composed-set.yaml at v4.0.1@dbaa026, 21 policies across every route its ResourceSet renders) admits tuppence/gitops/apps/ledger.yaml at CREATE only, baseline dial, no namespaceObject -- pass: 10, fail: 0, warn: 0, error: 0, skip: 14; each policy of its claimed version and the orphan guard has a Pass row of its own (cage-netpol-7-0-0 cage-tier-7-0-0 require-nonroot-7-0-0 stamp-posture-7-0-0 policy-version-orphan-guard), every other row is Pass or Skip, and the cage writes priorityClassName cage-isolated-7-0-0, which the set serves
  ok   storefront: the set driftwood serves (gitops/composed/composed-set.yaml at v4.0.1@872d5c7, 21 policies across every route its ResourceSet renders) admits driftwood/gitops/apps/storefront.yaml at CREATE only, baseline dial, no namespaceObject -- pass: 10, fail: 0, warn: 0, error: 0, skip: 14; each policy of its claimed version and the orphan guard has a Pass row of its own (cage-netpol-7-0-0 cage-tier-7-0-0 require-nonroot-7-0-0 stamp-posture-7-0-0 policy-version-orphan-guard), every other row is Pass or Skip, and the cage writes priorityClassName cage-isolated-7-0-0, which the set serves
  ok   reports: the set ludlow serves (gitops/composed/composed-set.yaml at v4.0.1@3b57f0c, 21 policies across every route its ResourceSet renders) admits ludlow/gitops/apps/reports.yaml at CREATE only, baseline dial, no namespaceObject -- pass: 10, fail: 0, warn: 0, error: 0, skip: 14; each policy of its claimed version and the orphan guard has a Pass row of its own (cage-netpol-7-0-0 cage-tier-7-0-0 require-nonroot-7-0-0 stamp-posture-7-0-0 policy-version-orphan-guard), every other row is Pass or Skip, and the cage writes priorityClassName cage-isolated-7-0-0, which the set serves
  ok   api: the set driftwood serves (gitops/composed/composed-set.yaml at v4.0.1@872d5c7, 21 policies across every route its ResourceSet renders) admits driftwood/gitops/apps/api.yaml at CREATE only, baseline dial, no namespaceObject -- pass: 10, fail: 0, warn: 0, error: 0, skip: 14; each policy of its claimed version and the orphan guard has a Pass row of its own (cage-netpol-7-0-0 cage-tier-7-0-0 require-nonroot-7-0-0 stamp-posture-7-0-0 policy-version-orphan-guard), every other row is Pass or Skip, and the cage writes priorityClassName cage-isolated-7-0-0, which the set serves
PASS: 4 lifted applications are listed by their adopter's gitops/apps/kustomization.yaml at the checked-out tree, on the path that adopter's own gotk-sync.yaml reconciles; admitted and caged at CREATE under the baseline dial by the set that adopter's gitops/composed/composed-set.yaml serves at its pin, every version and the machinery route (kyverno apply, no namespaceObject), onto a PriorityClass that set carries; discovered by that adopter's own served-workloads.py; bumped by that adopter's own renovate manager behind dashboard approval; 0 of 4 are not in the tree the GitRepository pins (v4.0.0) and 0 of 4 pinned trees could not be read; the hub carries no working copy of any of them
