  ok   selfcheck: with rekor-cli cosign gitsign kubectl openssl unreachable this script exits 3 and its last line is SKIP:
[1;36m==>[0m 1. the whole chain: feed->scenario->PR->review->merge->release, every actor named
ok  6-link chain feed->scenario->PR->review->merge->release, all evidence on disk; AI proposed 2 link(s) (never merged), humans disposed 3; workload+device SVIDs share one root (spiffe://acme.internal); chain converges on v5.0.0 == the version the workload SVID carries. Every actor attestable; the whole chain verifies.
[1;36m==>[0m 2. the head of the chain VERIFIES CRYPTOGRAPHICALLY, right here (the signed feed)
  ok   feed link attested: v3 threat-register signature verifies (ed25519)
  ok   a forged feed is refused (the signature actually guards the link)
[1;36m==>[0m 3. commit/PR attestable in REKOR (the human disposition links)
  ??   could not look: no rekor-cli here to query the transparency log, so the commit link was read from the committed chain only, never confirmed against Rekor (gitsign is installed [gitsign version v0.17.1], but it signs, it does not query)
[1;36m==>[0m 4. workload + device SVIDs verify against SPIRE (one root, distinct actor classes)
  ??   could not look: no SPIRE server on kind-driftwood, so no live SVID was seen (the committed manifests are asserted offline in step 1)
[1;36m==>[0m 5. the walk — who proposed what, when, from which evidence (the auditor reads this)
CHANGE PATH — who proposed what, when, from which evidence:
  1. feed      [PUBLISHER] platform-feeds         publish  @ feed v3   :: signed threat-register v3: driftwood skimmer-campaign LEF uptick
       evidence: ../../.estate-clone/platform/wargamer/fixtures/threat-register/v3/register.json  (present)
  2. scenario  [AI       ] wargamer-agent         derive   @ feed v3   :: feed LEF x control LM -> FAIR scenario -> £ residual crosses driftwood's band
       evidence: ../../.estate-clone/platform/feeds/to_fair_scenario.py  (present)
  3. PR        [AI       ] wargamer-agent         propose  @ feed v3   :: [war-gamer] re-tune require-nonroot@2.0.0 (driftwood): Audit -> Deny
       evidence: ../../.estate-clone/platform/distribution/policies/v2.0.0/require-nonroot.yaml  (present)
  4. review    [HUMAN    ] human-reviewer         review   @ feed v3   :: a human reads the £-justified diff + the version cross-check gate result
       evidence: ../../.estate-clone/platform/distribution/policies/v2.0.0/require-nonroot.yaml  (present)
  5. merge     [HUMAN    ] human-maintainer       dispose  @ feed v3   :: a human merges — gitsign-keyless commit lands in Rekor; the AGENT never merges
       evidence: ../../.estate-clone/platform/distribution/policies/v2.0.0/require-nonroot.yaml  (present)
  6. release   [HUMAN    ] human-release-signer   release  @ feed v3   :: cut signed tag policy/v5.0.0; Flux ResourceSet pins the version to it
       evidence: ../../.estate-clone/platform/distribution/versions.yaml  (present)

  the chain converges on release v5.0.0 — the same version a
  compliant workload then carries in its SVID posture path:

RUNTIME IDENTITIES — every actor rooted, no network-position trust:
  workload      root=spiffe://acme.internal
                svid=spiffe://acme.internal/posture/5.0.0/ns/<ns>/sa/<sa>
                by  =SPIRE CA (X.509-SVID URI-SAN, Kyverno-stamped posture label)
  device        root=spiffe://acme.internal
                svid=spiffe://acme.internal/device/operator-macbook
                by  =SPIRE tpm_devid node attestor (TPM/Secure-Enclave residency)
  commit/human  root=gitsign keyless (OIDC -> Fulcio) -> Rekor transparency log
                svid=OIDC subject (email) bound in a Fulcio cert, logged in Rekor
                by  =gitsign keyless — the merge + release links above

  the claim this run did NOT observe in full: the whole chain walks feed->scenario->PR->review->merge->release; the AI war-gamer PROPOSES (never merges), humans DISPOSE; workload+device+commit+human all root to one attestation, and the chain converges on the exact version a running workload carries in its SVID. Provenance for every actor, end to end.
SKIP: the offline proof holds; 2 live tail(s) could not look, so this run did not observe the claim above -- no rekor-cli here to query the transparency log, so the commit link was read from the committed chain only, never confirmed against Rekor (gitsign is installed [gitsign version v0.17.1], but it signs, it does not query); no SPIRE server on kind-driftwood, so no live SVID was seen (the committed manifests are asserted offline in step 1)
